./vrunact.sh is not existed!
./vruntask.sh is not existed!
=========================================
= Simulation @Home Competition Platform =
=========================================
= Ready to accept a new team
# Registration from 'RDFW'
> Configurations:
	Mode: IT
	Timeout: 5000
	TestDir: /mnt/d/FILES for Yvaine/WUT/Match/robocup/2026NGZR/scr1.2/artifacts/baseline-scr1.1-v2/legacy-01-s1-it-r2/runtime/tests/
	TestSize: 1
	Single test: 1
sh: 1: ./vrunact.sh: not found
# Testing <case.xml>
vanswer.txt can not be opened!
sh: 1: ./vrunact.sh: not found
vanswer.txt can not be opened!
sh: 1: ./vrunact.sh: not found
vanswer.txt can not be opened!
sh: 1: ./vrunact.sh: not found
vanswer.txt can not be opened!
sh: 1: ./vrunact.sh: not found
vanswer.txt can not be opened!
sh: 1: ./vrunact.sh: not found
vanswer.txt can not be opened!
sh: 1: ./vrunact.sh: not found
vanswer.txt can not be opened!
sh: 1: ./vruntask.sh: not found
# Result:
	[PutDown 13|false]
	[PutDown 13|false]
	[PutDown 13|false]
	[PutDown 13|false]
	[PutDown 13|false]
	[PutDown 13|false]
	[Move 10|false]
# Time: 0.697s
vanswer.txt can not be opened!
# Score: 0
