[LOG]:-stage
[LOG]:-nlp
[LOG]:-err
[LOG]:-ask_2
[LOG]:-path
[LOG]:nlp 0, err 0
#(RDFW): Initializing dynamic arrays with size 100
#(RDFW): Dynamic arrays initialization completed
#(Plug): Timeout=5000
[LOG]:[PlannerVersion] 1.7.7 default=greedy+guarded+answer-branch-probe
#(RDFW): Starting new test - verifying clean state
#(RDFW): Pre-test state verification completed
[32mcase.xml
[0m--------------------------------------------
Ready to Parse Env Infos.

ParseEnv finished
--------------------------------------------
Ready to Parse Tasks and Cons.
[LOG]:[Preflight] task raw=7 unique=7 duplicate=0 rejected=0; constraint raw=30 unique=30 duplicate=0 rejected=0; world_errors=0
Pos  0:(T):
Pos  1:(T):[33m(1 human)[0m
Pos  2:(T):[33m(7 refrigerator inside:[] Closed)[0m
Pos  3:(T):[33m(5 closet inside:[14] Closed)[0m(14 bottle)
Pos  4:(T):[32m(robot hold:0 plate:0)[0m[33m(3 desk)[0m(9 can)(10 cup)(12 bottle)
Pos  5:(T):[33m(2 table)[0m
Pos  6:(T):[33m(6 microwave inside:[] Closed)[0m
Pos  7:(T):[33m(4 cupboard inside:[11] Closed)[0m(11 book)
Pos  8:(T):[33m(8 sofa)[0m(13 can)
UnknownPos:

Task:
Behave:[35mgive[0m
ConditionX:[35m(Sort:book,Color:white)[0m
ConditionY:[35m(Sort:,Color:)[0m
Behave:[35mputin[0m
ConditionX:[35m(Sort:bottle,Color:green)[0m
ConditionY:[35m(Sort:closet,Color:)[0m
Behave:[35mputon[0m
ConditionX:[35m(Sort:bottle,Color:blue)[0m
ConditionY:[35m(Sort:table,Color:)[0m
Behave:[35mclose[0m
ConditionX:[35m(Sort:closet,Color:)[0m
ConditionY:[35m(Sort:,Color:)[0m
Behave:[35mtakeout[0m
ConditionX:[35m(Sort:bottle,Color:blue)[0m
ConditionY:[35m(Sort:closet,Color:)[0m
Behave:[35mpickup[0m
ConditionX:[35m(Sort:can,Color:black)[0m
ConditionY:[35m(Sort:,Color:)[0m
Behave:[35mgoto[0m
ConditionX:[35m(Sort:table,Color:)[0m
ConditionY:[35m(Sort:,Color:)[0m

Info:

Not_Info:
Behave:[35mplate[0m
ConditionX:[35m(Sort:can,Color:black)[0m
ConditionY:[35m(Sort:,Color:)[0m
Behave:[35mplate[0m
ConditionX:[35m(Sort:book,Color:white)[0m
ConditionY:[35m(Sort:,Color:)[0m
Behave:[35mplate[0m
ConditionX:[35m(Sort:bottle,Color:green)[0m
ConditionY:[35m(Sort:,Color:)[0m
Behave:[35mplate[0m
ConditionX:[35m(Sort:bottle,Color:blue)[0m
ConditionY:[35m(Sort:,Color:)[0m
Behave:[35minside[0m
ConditionX:[35m(Sort:bottle,Color:green)[0m
ConditionY:[35m(Sort:cupboard,Color:)[0m
Behave:[35minside[0m
ConditionX:[35m(Sort:can,Color:black)[0m
ConditionY:[35m(Sort:cupboard,Color:)[0m
Behave:[35minside[0m
ConditionX:[35m(Sort:bottle,Color:blue)[0m
ConditionY:[35m(Sort:cupboard,Color:)[0m
Behave:[35minside[0m
ConditionX:[35m(Sort:book,Color:white)[0m
ConditionY:[35m(Sort:closet,Color:)[0m
Behave:[35minside[0m
ConditionX:[35m(Sort:can,Color:black)[0m
ConditionY:[35m(Sort:closet,Color:)[0m
Behave:[35minside[0m
ConditionX:[35m(Sort:book,Color:white)[0m
ConditionY:[35m(Sort:microwave,Color:)[0m
Behave:[35minside[0m
ConditionX:[35m(Sort:bottle,Color:green)[0m
ConditionY:[35m(Sort:microwave,Color:)[0m
Behave:[35minside[0m
ConditionX:[35m(Sort:can,Color:black)[0m
ConditionY:[35m(Sort:microwave,Color:)[0m
Behave:[35minside[0m
ConditionX:[35m(Sort:bottle,Color:blue)[0m
ConditionY:[35m(Sort:microwave,Color:)[0m
Behave:[35minside[0m
ConditionX:[35m(Sort:book,Color:white)[0m
ConditionY:[35m(Sort:refrigerator,Color:)[0m
Behave:[35minside[0m
ConditionX:[35m(Sort:bottle,Color:green)[0m
ConditionY:[35m(Sort:refrigerator,Color:)[0m
Behave:[35minside[0m
ConditionX:[35m(Sort:can,Color:black)[0m
ConditionY:[35m(Sort:refrigerator,Color:)[0m
Behave:[35minside[0m
ConditionX:[35m(Sort:bottle,Color:blue)[0m
ConditionY:[35m(Sort:refrigerator,Color:)[0m
Behave:[35mnear[0m
ConditionX:[35m(Sort:bottle,Color:green)[0m
ConditionY:[35m(Sort:human,Color:)[0m
Behave:[35mnear[0m
ConditionX:[35m(Sort:can,Color:black)[0m
ConditionY:[35m(Sort:human,Color:)[0m
Behave:[35mnear[0m
ConditionX:[35m(Sort:bottle,Color:blue)[0m
ConditionY:[35m(Sort:human,Color:)[0m
Behave:[35mnear[0m
ConditionX:[35m(Sort:book,Color:white)[0m
ConditionY:[35m(Sort:table,Color:)[0m
Behave:[35mnear[0m
ConditionX:[35m(Sort:bottle,Color:green)[0m
ConditionY:[35m(Sort:table,Color:)[0m
Behave:[35mnear[0m
ConditionX:[35m(Sort:book,Color:white)[0m
ConditionY:[35m(Sort:desk,Color:)[0m
Behave:[35mnear[0m
ConditionX:[35m(Sort:can,Color:black)[0m
ConditionY:[35m(Sort:desk,Color:)[0m
Behave:[35mnear[0m
ConditionX:[35m(Sort:bottle,Color:blue)[0m
ConditionY:[35m(Sort:desk,Color:)[0m
Behave:[35mnear[0m
ConditionX:[35m(Sort:bottle,Color:green)[0m
ConditionY:[35m(Sort:cupboard,Color:)[0m
Behave:[35mnear[0m
ConditionX:[35m(Sort:can,Color:black)[0m
ConditionY:[35m(Sort:cupboard,Color:)[0m
Behave:[35mnear[0m
ConditionX:[35m(Sort:bottle,Color:blue)[0m
ConditionY:[35m(Sort:cupboard,Color:)[0m

Not_Task:

NotNot_Info:
Behave:[35mclosed[0m
ConditionX:[35m(Sort:microwave,Color:)[0m
ConditionY:[35m(Sort:,Color:)[0m
Behave:[35mnear[0m
ConditionX:[35m(Sort:can,Color:red)[0m
ConditionY:[35m(Sort:desk,Color:)[0m
Parse Tasks, Cons and Infos finished.
--------------------------------------------
Ready to Cons  plan
cons_plan finished
--------------------------------------------
taskoptimization finished
--------------------------------------------
[DBG] goto risk@loc=5 bool=0
[LOG]:[DecisionFeedback] {"schema":"decision_feedback.v1","event":"candidate_considered","candidate_id":3,"phase":"greedy-round","task_index":2,"task_label":"puton","legacy_choice":false,"eligible":true,"dry_run_succeeded":true,"prediction":{"goal_gain":3,"goal_loss":1,"constraint_gain":0,"constraint_loss":0,"completed_goals":3,"maintained_constraints":30,"action_count":5,"action_cost":14,"final_reward":706,"utility":66}}
[LOG]:[36m[3B][Candidate] phase=greedy-round rank=1 task_index=2 behave=puton legacy_choice=false eligible=true complete=true actions=5 duration_ms=540 action_cost=14 score_before=640 score_after=706 marginal_score=66 utility=66 gained_goals=[2,3,6] lost_goals=[4] broken_constraints=[] preserved_constraints=[0,1,2,3,4,5,6,7,8,9,10,11,12,13,14,15,16,17,18,19,20,21,22,23,24,25,26,27,28,29]
[0m
[LOG]:[DecisionFeedback] {"schema":"decision_feedback.v1","event":"candidate_considered","candidate_id":6,"phase":"greedy-round","task_index":6,"task_label":"goto","legacy_choice":false,"eligible":true,"dry_run_succeeded":true,"prediction":{"goal_gain":1,"goal_loss":0,"constraint_gain":0,"constraint_loss":0,"completed_goals":2,"maintained_constraints":30,"action_count":1,"action_cost":4,"final_reward":676,"utility":36}}
[LOG]:[36m[3B][Candidate] phase=greedy-round rank=2 task_index=6 behave=goto legacy_choice=false eligible=true complete=true actions=1 duration_ms=120 action_cost=4 score_before=640 score_after=676 marginal_score=36 utility=36 gained_goals=[6] lost_goals=[] broken_constraints=[] preserved_constraints=[0,1,2,3,4,5,6,7,8,9,10,11,12,13,14,15,16,17,18,19,20,21,22,23,24,25,26,27,28,29]
[0m
[LOG]:[DecisionFeedback] {"schema":"decision_feedback.v1","event":"candidate_considered","candidate_id":5,"phase":"greedy-round","task_index":5,"task_label":"pickup","legacy_choice":false,"eligible":true,"dry_run_succeeded":true,"prediction":{"goal_gain":1,"goal_loss":0,"constraint_gain":0,"constraint_loss":0,"completed_goals":2,"maintained_constraints":30,"action_count":2,"action_cost":6,"final_reward":674,"utility":34}}
[LOG]:[36m[3B][Candidate] phase=greedy-round rank=3 task_index=5 behave=pickup legacy_choice=false eligible=true complete=true actions=2 duration_ms=220 action_cost=6 score_before=640 score_after=674 marginal_score=34 utility=34 gained_goals=[5] lost_goals=[] broken_constraints=[] preserved_constraints=[0,1,2,3,4,5,6,7,8,9,10,11,12,13,14,15,16,17,18,19,20,21,22,23,24,25,26,27,28,29]
[0m
[LOG]:[DecisionFeedback] {"schema":"decision_feedback.v1","event":"candidate_considered","candidate_id":1,"phase":"greedy-round","task_index":0,"task_label":"give","legacy_choice":false,"eligible":true,"dry_run_succeeded":true,"prediction":{"goal_gain":1,"goal_loss":0,"constraint_gain":0,"constraint_loss":0,"completed_goals":2,"maintained_constraints":30,"action_count":5,"action_cost":14,"final_reward":666,"utility":26}}
[LOG]:[36m[3B][Candidate] phase=greedy-round rank=4 task_index=0 behave=give legacy_choice=false eligible=true complete=true actions=5 duration_ms=540 action_cost=14 score_before=640 score_after=666 marginal_score=26 utility=26 gained_goals=[0] lost_goals=[] broken_constraints=[] preserved_constraints=[0,1,2,3,4,5,6,7,8,9,10,11,12,13,14,15,16,17,18,19,20,21,22,23,24,25,26,27,28,29]
[0m
[LOG]:[DecisionFeedback] {"schema":"decision_feedback.v1","event":"candidate_considered","candidate_id":4,"phase":"greedy-round","task_index":3,"task_label":"takeout","legacy_choice":false,"eligible":true,"dry_run_succeeded":true,"prediction":{"goal_gain":1,"goal_loss":1,"constraint_gain":0,"constraint_loss":0,"completed_goals":1,"maintained_constraints":30,"action_count":3,"action_cost":8,"final_reward":632,"utility":-8}}
[LOG]:[36m[3B][Candidate] phase=greedy-round rank=5 task_index=3 behave=takeout legacy_choice=false eligible=true complete=true actions=3 duration_ms=320 action_cost=8 score_before=640 score_after=632 marginal_score=-8 utility=-8 gained_goals=[3] lost_goals=[4] broken_constraints=[] preserved_constraints=[0,1,2,3,4,5,6,7,8,9,10,11,12,13,14,15,16,17,18,19,20,21,22,23,24,25,26,27,28,29]
[0m
[LOG]:[DecisionFeedback] {"schema":"decision_feedback.v1","event":"candidate_considered","candidate_id":2,"phase":"greedy-round","task_index":1,"task_label":"putin","legacy_choice":false,"eligible":true,"dry_run_succeeded":true,"prediction":{"goal_gain":1,"goal_loss":1,"constraint_gain":0,"constraint_loss":0,"completed_goals":1,"maintained_constraints":30,"action_count":6,"action_cost":14,"final_reward":626,"utility":-14}}
[LOG]:[36m[3B][Candidate] phase=greedy-round rank=6 task_index=1 behave=putin legacy_choice=false eligible=true complete=true actions=6 duration_ms=620 action_cost=14 score_before=640 score_after=626 marginal_score=-14 utility=-14 gained_goals=[1] lost_goals=[4] broken_constraints=[] preserved_constraints=[0,1,2,3,4,5,6,7,8,9,10,11,12,13,14,15,16,17,18,19,20,21,22,23,24,25,26,27,28,29]
[0m
[LOG]:[36m[3B][Deadline] phase=greedy-filter task_index=2 behave=puton can_finish=true remaining_plan_ms=540 safety_ms=200 budget_remaining_ms=4998
[0m
[LOG]:[36m[3B][Deadline] phase=greedy-filter task_index=6 behave=goto can_finish=true remaining_plan_ms=120 safety_ms=200 budget_remaining_ms=4998
[0m
[LOG]:[36m[3B][Deadline] phase=greedy-filter task_index=5 behave=pickup can_finish=true remaining_plan_ms=220 safety_ms=200 budget_remaining_ms=4998
[0m
[LOG]:[36m[3B][Deadline] phase=greedy-filter task_index=0 behave=give can_finish=true remaining_plan_ms=540 safety_ms=200 budget_remaining_ms=4998
[0m
[LOG]:[Scheduler] filtered task=3 stable_id=4 marginal=-8 reason=nonpositive_single

[LOG]:[Scheduler] filtered task=1 stable_id=1 marginal=-14 reason=nonpositive_single

[LOG]:[Scheduler] greedy task=2 marginal=66 remaining_ms=4998 group_attempt=true

[LOG]:[GuardedDecision] outcome=greedy reason=search_incomplete_or_timeout cumulative_ms=24

[LOG]:[36m[3B][Deadline] phase=greedy-execution task_index=2 behave=puton can_finish=true remaining_plan_ms=540 safety_ms=200 budget_remaining_ms=4973
[0m
[LOG]:[DecisionFeedback] {"schema":"decision_feedback.v1","event":"candidate_selected","candidate_id":3,"task_index":2,"tasks":[2],"task_label":"puton","generated_ms":1,"world_revision":0,"selection_reason":"greedy_highest_qualified_marginal_score","prediction":{"goal_gain":3,"goal_loss":1,"constraint_gain":0,"constraint_loss":0,"completed_goals":3,"maintained_constraints":30,"action_count":5,"action_cost":14,"final_reward":706,"utility":66},"expected_reward":706,"evidence":[{"object_id":0,"fact":"location","source":"action_success","verified":true},{"object_id":1,"fact":"location","source":"initial","verified":true},{"object_id":2,"fact":"location","source":"initial","verified":true},{"object_id":3,"fact":"location","source":"initial","verified":true},{"object_id":4,"fact":"location","source":"initial","verified":true},{"object_id":4,"fact":"container_state","source":"initial","verified":true},{"object_id":5,"fact":"location","source":"action_success","verified":true},{"object_id":5,"fact":"container_state","source":"action_success","verified":true},{"object_id":6,"fact":"location","source":"initial","verified":true},{"object_id":6,"fact":"container_state","source":"initial","verified":true},{"object_id":7,"fact":"location","source":"initial","verified":true},{"object_id":7,"fact":"container_state","source":"initial","verified":true},{"object_id":8,"fact":"location","source":"initial","verified":true},{"object_id":9,"fact":"location","source":"initial","verified":true},{"object_id":9,"fact":"inside","source":"initial","verified":true},{"object_id":10,"fact":"location","source":"initial","verified":true},{"object_id":10,"fact":"inside","source":"initial","verified":true},{"object_id":11,"fact":"location","source":"initial","verified":true},{"object_id":11,"fact":"inside","source":"initial","verified":true},{"object_id":12,"fact":"location","source":"initial","verified":true},{"object_id":12,"fact":"inside","source":"initial","verified":true},{"object_id":13,"fact":"location","source":"initial","verified":true},{"object_id":13,"fact":"inside","source":"initial","verified":true},{"object_id":14,"fact":"location","source":"action_success","verified":true},{"object_id":14,"fact":"inside","source":"action_success","verified":true},{"object_id":0,"fact":"hold","source":"action_success","verified":true},{"object_id":0,"fact":"plate","source":"initial","verified":true}]}
[LOG]:[36m[3B][Remaining] event=begin task_index=2 behave=puton executed=0 total=5 remaining_utility=66 remaining_duration_ms=540
[0m
puton bottle的风险系数是：0
[LOG]:Move(3)
[LOG]:[36m[3B][Remaining] event=action task_index=2 action=Move executed=1 total=5 remaining_utility=70 remaining_duration_ms=420 can_finish=true
[0m
[LOG]:Open(5,closet)
[LOG]:[36m[3B][Remaining] event=action task_index=2 action=Open executed=2 total=5 remaining_utility=72 remaining_duration_ms=320 can_finish=true
[0m
[LOG]:TakeOut(14,bottle)(5,closet)
[LOG]:[36m[3B][Remaining] event=action task_index=2 action=TakeOut executed=3 total=5 remaining_utility=714 remaining_duration_ms=220 can_finish=true
[0m
[LOG]:Move(5)
[LOG]:[36m[3B][Remaining] event=action task_index=2 action=Move executed=4 total=5 remaining_utility=78 remaining_duration_ms=100 can_finish=true
[0m
[LOG]:PutDown(14,bottle)
[LOG]:[36m[3B][Remaining] event=action task_index=2 action=PutDown executed=5 total=5 remaining_utility=40 remaining_duration_ms=0 can_finish=true
[0m
[LOG]:[DecisionFeedback] {"schema":"decision_feedback.v1","event":"candidate_result","candidate_id":3,"prediction":{"goal_gain":3,"goal_loss":1,"constraint_gain":0,"constraint_loss":0,"completed_goals":3,"maintained_constraints":30,"action_count":5,"action_cost":14,"final_reward":706,"utility":66},"actual":{"goal_gain":3,"goal_loss":1,"constraint_gain":0,"constraint_loss":0,"completed_goals":3,"maintained_constraints":30,"action_count":5,"action_cost":14,"final_reward":706,"utility":66},"succeeded":true,"failed_action":false,"failure_reasons":[],"error":{"goal_gain":0,"goal_loss":0,"constraint_gain":0,"constraint_loss":0,"action_cost":0,"utility":0}}
[LOG]:[36m[3B][Remaining] event=end task_index=2 behave=puton succeeded=true executed=5 total=5 remaining_utility=0 remaining_duration_ms=0
[0m
[LOG]:[Scheduler] result task=2 stable_id=2 success=true revision=5 attempts=1

[LOG]:[DecisionFeedback] {"schema":"decision_feedback.v1","event":"candidate_considered","candidate_id":55,"phase":"greedy-round","task_index":4,"task_label":"close","legacy_choice":false,"eligible":true,"dry_run_succeeded":true,"prediction":{"goal_gain":1,"goal_loss":1,"constraint_gain":0,"constraint_loss":0,"completed_goals":3,"maintained_constraints":30,"action_count":2,"action_cost":6,"final_reward":700,"utility":-6}}
[LOG]:[36m[3B][Candidate] phase=greedy-round rank=1 task_index=4 behave=close legacy_choice=false eligible=true complete=true actions=2 duration_ms=220 action_cost=6 score_before=706 score_after=700 marginal_score=-6 utility=-6 gained_goals=[4] lost_goals=[6] broken_constraints=[] preserved_constraints=[0,1,2,3,4,5,6,7,8,9,10,11,12,13,14,15,16,17,18,19,20,21,22,23,24,25,26,27,28,29]
[0m
[LOG]:[DecisionFeedback] {"schema":"decision_feedback.v1","event":"candidate_considered","candidate_id":56,"phase":"greedy-round","task_index":5,"task_label":"pickup","legacy_choice":false,"eligible":true,"dry_run_succeeded":true,"prediction":{"goal_gain":1,"goal_loss":1,"constraint_gain":0,"constraint_loss":0,"completed_goals":3,"maintained_constraints":30,"action_count":2,"action_cost":6,"final_reward":700,"utility":-6}}
[LOG]:[36m[3B][Candidate] phase=greedy-round rank=2 task_index=5 behave=pickup legacy_choice=false eligible=true complete=true actions=2 duration_ms=220 action_cost=6 score_before=706 score_after=700 marginal_score=-6 utility=-6 gained_goals=[5] lost_goals=[6] broken_constraints=[] preserved_constraints=[0,1,2,3,4,5,6,7,8,9,10,11,12,13,14,15,16,17,18,19,20,21,22,23,24,25,26,27,28,29]
[0m
[LOG]:[DecisionFeedback] {"schema":"decision_feedback.v1","event":"candidate_considered","candidate_id":54,"phase":"greedy-round","task_index":1,"task_label":"putin","legacy_choice":false,"eligible":true,"dry_run_succeeded":true,"prediction":{"goal_gain":1,"goal_loss":1,"constraint_gain":0,"constraint_loss":0,"completed_goals":3,"maintained_constraints":30,"action_count":4,"action_cost":12,"final_reward":694,"utility":-12}}
[LOG]:[36m[3B][Candidate] phase=greedy-round rank=3 task_index=1 behave=putin legacy_choice=false eligible=true complete=true actions=4 duration_ms=440 action_cost=12 score_before=706 score_after=694 marginal_score=-12 utility=-12 gained_goals=[1] lost_goals=[6] broken_constraints=[] preserved_constraints=[0,1,2,3,4,5,6,7,8,9,10,11,12,13,14,15,16,17,18,19,20,21,22,23,24,25,26,27,28,29]
[0m
[LOG]:[DecisionFeedback] {"schema":"decision_feedback.v1","event":"candidate_considered","candidate_id":53,"phase":"greedy-round","task_index":0,"task_label":"give","legacy_choice":false,"eligible":true,"dry_run_succeeded":true,"prediction":{"goal_gain":1,"goal_loss":1,"constraint_gain":0,"constraint_loss":0,"completed_goals":3,"maintained_constraints":30,"action_count":5,"action_cost":14,"final_reward":692,"utility":-14}}
[LOG]:[36m[3B][Candidate] phase=greedy-round rank=4 task_index=0 behave=give legacy_choice=false eligible=true complete=true actions=5 duration_ms=540 action_cost=14 score_before=706 score_after=692 marginal_score=-14 utility=-14 gained_goals=[0] lost_goals=[6] broken_constraints=[] preserved_constraints=[0,1,2,3,4,5,6,7,8,9,10,11,12,13,14,15,16,17,18,19,20,21,22,23,24,25,26,27,28,29]
[0m
[LOG]:[Scheduler] filtered task=4 stable_id=3 marginal=-6 reason=nonpositive_single

[LOG]:[Scheduler] filtered task=5 stable_id=5 marginal=-6 reason=nonpositive_single

[LOG]:[Scheduler] filtered task=1 stable_id=1 marginal=-12 reason=nonpositive_single

[LOG]:[Scheduler] filtered task=0 stable_id=0 marginal=-14 reason=nonpositive_single

[LOG]:[Scheduler] greedy task=18446744073709551615 marginal=0 remaining_ms=4391 group_attempt=true

[LOG]:[GuardedDecision] outcome=greedy reason=search_incomplete_or_timeout cumulative_ms=49

[LOG]:[Scheduler] stop reason=no_qualified_positive_single


Sovled Task Num:1    Expect Num:7
[LOG]:[36m[3A][final] goals=3/7 (unknown=0), constraints=30/30 (unknown=0), base_score=706, action_cost=14, elapsed=634ms, remaining=4366ms
[0m
[LOG]:[36m[3A][final] completed_goals=[2:puton,3:takeout,6:goto], satisfied_constraints=[0,1,2,3,4,5,6,7,8,9,10,11,12,13,14,15,16,17,18,19,20,21,22,23,24,25,26,27,28,29]
[0m
#(Plug): Elapsed time=0.635s
#(RDFW): Fini - Comprehensive state cleanup for next test
#(RDFW): Optimizing memory usage...
#(RDFW): Memory optimization completed
#(RDFW): Comprehensive state cleanup completed - ready for next test
