[RDFW_TEST_SEED] 2026100403
=========================================
= Simulation @Home Competition Platform =
=========================================
= Ready to accept a new team
# Registration from 'RDFW'
> Configurations:
	Mode: IT
	Timeout: 5000
	TestDir: /tmp/robocup-review177-100-20261004/runs/new-A01-02-s1-it-r1-177/runtime/tests/
	TestSize: 1
	Single test: 1
# Testing <case.xml>
# Result:
	[Move 3|true]
	[Open 5|true]
	[TakeOut 14 5|true]
	[Move 5|true]
	[PutDown 14|true]
# Time: 0.635s
# Score: 792
