[LOG]:-stage
[LOG]:-nlp
[LOG]:-err
[LOG]:-ask_2
[LOG]:-path
[LOG]:nlp 0, err 1
#(RDFW): Initializing dynamic arrays with size 100
#(RDFW): Dynamic arrays initialization completed
#(Plug): Timeout=5000
#(RDFW): Starting new test - verifying clean state
#(RDFW): Pre-test state verification completed
[32mcase.xml
[0m--------------------------------------------
Ready to Parse Env Infos.

ParseEnv finished
--------------------------------------------
Ready to Parse Tasks and Cons.
Pos  0:(F):
Pos  1:(F):[33m(1 human)[0m
Pos  2:(F):[33m(2 desk)[0m(15 bottle)
Pos  3:(F):[33m(3 television)[0m
Pos  4:(F):[33m(4 chair)[0m
Pos  5:(F):[33m(5 bed)[0m
Pos  6:(F):[33m(6 refrigerator inside:[] Closed)[0m
Pos  7:(F):[33m(7 closet inside:[14,19] Closed)[0m(14 book)(19 remotecontrol)
Pos  8:(F):[32m(robot hold:13 plate:20)[0m[33m(8 cupboard inside:[] Open)[0m(13 book)(20 can)
Pos  9:(F):[33m(9 microwave inside:[18] Open)[0m(18 cup)(22 bottle)
Pos 10:(F):[33m(10 sofa)[0m
Pos 11:(F):[33m(11 table)[0m
UnknownPos:
[34m(12 book)[0m [34m(16 bottle)[0m [34m(17 cup)[0m [34m(21 can)[0m 
[LOG]:[32m[MustIn] correction done.
[0m
[LOG]:[32m[MustNear] lock obj[0] @ 8
[0m
[LOG]:[32m[MustNear] lock obj[1] @ 1
[0m
[LOG]:[32m[MustNear] lock obj[2] @ 2
[0m
[LOG]:[32m[MustNear] lock obj[3] @ 3
[0m
[LOG]:[32m[MustNear] lock obj[4] @ 4
[0m
[LOG]:[32m[MustNear] lock obj[5] @ 5
[0m
[LOG]:[32m[MustNear] lock obj[6] @ 6
[0m
[LOG]:[32m[MustNear] lock obj[7] @ 7
[0m
[LOG]:[32m[MustNear] lock obj[8] @ 8
[0m
[LOG]:[32m[MustNear] lock obj[9] @ 9
[0m
[LOG]:[32m[MustNear] lock obj[10] @ 10
[0m
[LOG]:[32m[MustNear] lock obj[11] @ 11
[0m
[LOG]:[32m[MustNear] lock obj[13] @ 8
[0m
[LOG]:[32m[MustNear] lock obj[14] @ 7
[0m
[LOG]:[32m[MustNear] lock obj[15] @ 2
[0m
[LOG]:[32m[MustNear] lock obj[18] @ 9
[0m
[LOG]:[32m[MustNear] lock obj[19] @ 7
[0m
[LOG]:[32m[MustNear] lock obj[20] @ 8
[0m
[LOG]:[32m[MustNear] lock obj[22] @ 9
[0m
[LOG]:[32m[MustNear] correction done.
[0m
Pos  0:(F):
Pos  1:(F):[33m(1 human)[0m
Pos  2:(F):[33m(2 desk)[0m(15 bottle)
Pos  3:(F):[33m(3 television)[0m
Pos  4:(F):[33m(4 chair)[0m
Pos  5:(F):[33m(5 bed)[0m
Pos  6:(F):[33m(6 refrigerator inside:[] Closed)[0m
Pos  7:(F):[33m(7 closet inside:[14,19] Closed)[0m(14 book)(19 remotecontrol)
Pos  8:(F):[32m(robot hold:13 plate:20)[0m[33m(8 cupboard inside:[] Open)[0m(13 book)(20 can)
Pos  9:(F):[33m(9 microwave inside:[18] Open)[0m(18 cup)(22 bottle)
Pos 10:(F):[33m(10 sofa)[0m
Pos 11:(F):[33m(11 table)[0m
UnknownPos:
[34m(12 book)[0m [34m(16 bottle)[0m [34m(17 cup)[0m [34m(21 can)[0m 
Task:
Behave:[35mputon[0m
ConditionX:[35m(Sort:can,Color:)[0m
ConditionY:[35m(Sort:bed,Color:)[0m
Behave:[35mputon[0m
ConditionX:[35m(Sort:bottle,Color:blue)[0m
ConditionY:[35m(Sort:television,Color:)[0m
Behave:[35mtakeout[0m
ConditionX:[35m(Sort:remotecontrol,Color:)[0m
ConditionY:[35m(Sort:cupboard,Color:)[0m
Behave:[35mpickup[0m
ConditionX:[35m(Sort:bottle,Color:)[0m
ConditionY:[35m(Sort:,Color:)[0m
Behave:[35mputon[0m
ConditionX:[35m(Sort:cup,Color:white)[0m
ConditionY:[35m(Sort:table,Color:)[0m
Behave:[35mputon[0m
ConditionX:[35m(Sort:book,Color:)[0m
ConditionY:[35m(Sort:table,Color:)[0m
Behave:[35mgive[0m
ConditionX:[35m(Sort:book,Color:white)[0m
ConditionY:[35m(Sort:,Color:)[0m
Behave:[35mgoto[0m
ConditionX:[35m(Sort:sofa,Color:)[0m
ConditionY:[35m(Sort:,Color:)[0m

Info:
Behave:[35mclosed[0m
ConditionX:[35m(Sort:refrigerator,Color:)[0m
ConditionY:[35m(Sort:,Color:)[0m
Behave:[35mopened[0m
ConditionX:[35m(Sort:microwave,Color:)[0m
ConditionY:[35m(Sort:,Color:)[0m

Not_Info:
Behave:[35mopened[0m
ConditionX:[35m(Sort:refrigerator,Color:)[0m
ConditionY:[35m(Sort:,Color:)[0m

Not_Task:
Behave:[35mputon[0m
ConditionX:[35m(Sort:book,Color:green)[0m
ConditionY:[35m(Sort:closet,Color:)[0m

NotNot_Info:
Behave:[35mon[0m
ConditionX:[35m(Sort:bottle,Color:green)[0m
ConditionY:[35m(Sort:desk,Color:)[0m
Parse Tasks, Cons and Infos finished.
--------------------------------------------
Ready to Cons  plan
[FilterConstraintsByTaskConflicts] Discarded goto_cons at location 0 due to 0 conflicts.
cons_plan finished
--------------------------------------------
taskoptimization finished
--------------------------------------------
8
[LOG]:[32m[MultiPuton] Big object 11 (sort: table) appears in 2 puton tasks[0m
[LOG]:[33m[MultiPuton] Marked task 2 as multi-puton for object 11[0m
[LOG]:[33m[MultiPuton] Marked task 3 as multi-puton for object 11[0m
puton can的风险系数是：0
[LOG]:PutDown(13,book)
[LOG]:FromPlate(20,can)
[LOG]:Move(5)
[LOG]:[32m[SenseCurrentLocationOnly] Location 5 marked as sensed
[0m
[LOG]:[SenseCurrentLocationOnly] Object 5 detected at location 5
[LOG]:[SenseCurrentLocationOnly] Object 20 detected at location 5
[LOG]:PutDown(20,can)
[LOG]:[32mTask done
 Behave:[35mputon[0m
ConditionX:[35m(Sort:can,Color:)[0m
ConditionY:[35m(Sort:bed,Color:)[0m
[0m
puton bottle的风险系数是：0
[LOG]:AskLoc(16)
[LOG]:Move(6)
[LOG]:Open(6,refrigerator)
[LOG]:TakeOut(16,bottle)(6,refrigerator)
[LOG]:Move(3)
[LOG]:[32m[SenseCurrentLocationOnly] Location 3 marked as sensed
[0m
[LOG]:[SenseCurrentLocationOnly] Object 3 detected at location 3
[LOG]:[SenseCurrentLocationOnly] Object 16 detected at location 3
[LOG]:PutDown(16,bottle)
[LOG]:[32mTask done
 Behave:[35mputon[0m
ConditionX:[35m(Sort:bottle,Color:blue)[0m
ConditionY:[35m(Sort:television,Color:)[0m
[0m
puton cup的风险系数是：0
[LOG]:Move(9)
[LOG]:TakeOut(18,cup)(9,microwave)
[LOG]:AskLoc(18)
[LOG]:Move(11)
[LOG]:PickUp(18,cup)
[LOG]:[32mTask not done
 Behave:[35mputon[0m
ConditionX:[35m(Sort:cup,Color:white)[0m
ConditionY:[35m(Sort:table,Color:)[0m
[0m
puton book的风险系数是：0
[LOG]:AskLoc(12)
[LOG]:Move(6)
[LOG]:TakeOut(12,book)(6,refrigerator)
[LOG]:Move(11)
[LOG]:[32m[SenseCurrentLocationOnly] Location 11 marked as sensed
[0m
[LOG]:[SenseCurrentLocationOnly] Object 11 detected at location 11
[LOG]:[SenseCurrentLocationOnly] Object 17 detected at location 11
[LOG]:[SenseCurrentLocationOnly] Object 12 detected at location 11
[LOG]:PutDown(12,book)
[LOG]:[32mTask done
 Behave:[35mputon[0m
ConditionX:[35m(Sort:book,Color:)[0m
ConditionY:[35m(Sort:table,Color:)[0m
[0m
give book的风险系数是：0
[LOG]:Move(7)
[LOG]:Open(7,closet)
[LOG]:TakeOut(14,book)(7,closet)
[LOG]:[32m[SenseCurrentLocationOnly] Location 7 marked as sensed
[0m
[LOG]:[SenseCurrentLocationOnly] Container 7 detected at location 7
[LOG]:[SenseCurrentLocationOnly] Object 19 detected at location 7
[LOG]:[33m[SenseCurrentLocationOnly] Object id=14 expected at 7 but not sensed, set location UNKNOWN
[0m
[LOG]:Move(1)
[LOG]:[32m[SenseCurrentLocationOnly] Location 1 marked as sensed
[0m
[LOG]:[SenseCurrentLocationOnly] Object 1 detected at location 1
[LOG]:PutDown(14,book)
[LOG]:[32mTask not done
 Behave:[35mgive[0m
ConditionX:[35m(Sort:book,Color:white)[0m
ConditionY:[35m(Sort:,Color:)[0m
[0m
takeout remotecontrol的风险系数是：0
[LOG]:Move(8)
[LOG]:TakeOut(19,remotecontrol)(8,cupboard)
[LOG]:AskLoc(19)
[LOG]:[32mTask done
 Behave:[35mtakeout[0m
ConditionX:[35m(Sort:remotecontrol,Color:)[0m
ConditionY:[35m(Sort:cupboard,Color:)[0m
[0m
pickup bottle的风险系数是：1
[LOG]:Move(2)
[LOG]:PickUp(15,bottle)
[LOG]:[32mTask done
 Behave:[35mpickup[0m
ConditionX:[35m(Sort:bottle,Color:)[0m
ConditionY:[35m(Sort:,Color:)[0m
[0m
[DBG] goto risk@loc=10 bool=0
goto sofa的风险系数是：0
[LOG]:Move(10)
[LOG]:[32m[SenseCurrentLocationOnly] Location 10 marked as sensed
[0m
[LOG]:[SenseCurrentLocationOnly] Object 10 detected at location 10
[LOG]:[SenseCurrentLocationOnly] Object 15 detected at location 10
[LOG]:[32mTask done
 Behave:[35mgoto[0m
ConditionX:[35m(Sort:sofa,Color:)[0m
ConditionY:[35m(Sort:,Color:)[0m
[0m
-----check check check-----
Pos  0:(F):
Pos  1:(F):[33m(1 human)[0m
Pos  2:(F):[33m(2 desk)[0m
Pos  3:(F):[33m(3 television)[0m(16 bottle)
Pos  4:(F):[33m(4 chair)[0m
Pos  5:(F):[33m(5 bed)[0m(20 can)
Pos  6:(F):[33m(6 refrigerator inside:[] Open)[0m
Pos  7:(F):[33m(7 closet inside:[19] Open)[0m(19 remotecontrol)
Pos  8:(F):[33m(8 cupboard inside:[] Open)[0m(13 book)
Pos  9:(F):[33m(9 microwave inside:[] Open)[0m(22 bottle)
Pos 10:(F):[32m(robot hold:15 plate:0)[0m[33m(10 sofa)[0m(15 bottle)
Pos 11:(F):[33m(11 table)[0m(12 book)(17 cup)
UnknownPos:
[34m(14 book)[0m [34m(18 cup)[0m [34m(21 can)[0m 

Sovled Task Num:6    Expect Num:8
RDFW_METRICS {"elapsed_ms":4218,"budget_ms":4500,"exit_reason":"completed","completed_during_execution":6,"actions":{"AskLoc":4,"FromPlate":1,"Move":12,"Open":2,"PickUp":2,"PutDown":5,"Sense":6,"TakeOut":5}}
#(Plug): Elapsed time=4.218s
#(RDFW): Fini - Comprehensive state cleanup for next test
#(RDFW): Optimizing memory usage...
#(RDFW): Memory optimization completed
#(RDFW): Comprehensive state cleanup completed - ready for next test
