-- Configuring done
-- Generating done
-- Build files have been written to: /tmp/rdfw171-unit-20261003
Scanning dependencies of target rdfw_test_core
[  1%] Building CXX object CMakeFiles/rdfw_test_core.dir/mnt/d/FILES_for_Yvaine/WUT/Match/robocup/2026NGZR/src1.7.1/probe_layer.cpp.o
[  3%] Linking CXX static library librdfw_test_core.a
[ 24%] Built target rdfw_test_core
[ 30%] Linking CXX executable state_invariant_tests
[ 30%] Linking CXX executable three_a_tests
[ 30%] Linking CXX executable state_layer_tests
[ 33%] Built target three_a_tests
[ 33%] Built target state_invariant_tests
[ 35%] Built target state_layer_tests
[ 37%] Linking CXX executable official_score_semantics_tests
[ 39%] Linking CXX executable unified_scheduler_tests
[ 41%] Linking CXX executable recovery_evidence_tests
[ 43%] Built target unified_scheduler_tests
[ 45%] Built target official_score_semantics_tests
[ 47%] Linking CXX executable canonical_baseline_probe
[ 49%] Linking CXX executable deadline_sensitivity_tests
[ 50%] Built target recovery_evidence_tests
[ 52%] Linking CXX executable canonical_state_tests
[ 54%] Built target deadline_sensitivity_tests
[ 56%] Built target canonical_baseline_probe
[ 58%] Linking CXX executable legal_preservation_tests
Scanning dependencies of target probe_layer_tests
[ 60%] Building CXX object CMakeFiles/probe_layer_tests.dir/probe_layer_tests.cpp.o
[ 62%] Built target canonical_state_tests
[ 64%] Linking CXX executable task_group_search_tests
[ 66%] Built target legal_preservation_tests
[ 67%] Linking CXX executable question_preflight_tests
[ 69%] Built target task_group_search_tests
[ 71%] Linking CXX executable task_group_projection_tests
[ 73%] Built target question_preflight_tests
[ 75%] Linking CXX executable guarded_decision_tests
[ 77%] Built target task_group_projection_tests
[ 79%] Linking CXX executable score_semantics_tests
[ 81%] Built target guarded_decision_tests
[ 83%] Linking CXX executable interval_gate_tests
[ 84%] Built target score_semantics_tests
[ 86%] Linking CXX executable input_safety_tests
[ 88%] Built target interval_gate_tests
[ 90%] Linking CXX executable mutation_failure_tests
[ 92%] Built target input_safety_tests
[ 94%] Linking CXX executable state_profile
[ 96%] Built target mutation_failure_tests
[ 98%] Built target state_profile
[100%] Linking CXX executable probe_layer_tests
[100%] Built target probe_layer_tests
Test project /tmp/rdfw171-unit-20261003
        Start   1: probe_layer_0
  1/179 Test   #1: probe_layer_0 ....................   Passed    0.00 sec
        Start   2: probe_layer_1
  2/179 Test   #2: probe_layer_1 ....................   Passed    0.00 sec
        Start   3: probe_layer_2
  3/179 Test   #3: probe_layer_2 ....................   Passed    0.00 sec
        Start   4: probe_layer_3
  4/179 Test   #4: probe_layer_3 ....................   Passed    0.00 sec
        Start   5: probe_layer_4
  5/179 Test   #5: probe_layer_4 ....................   Passed    0.00 sec
        Start   6: probe_layer_5
  6/179 Test   #6: probe_layer_5 ....................   Passed    0.00 sec
        Start   7: probe_layer_6
  7/179 Test   #7: probe_layer_6 ....................   Passed    0.00 sec
        Start   8: probe_layer_7
  8/179 Test   #8: probe_layer_7 ....................   Passed    0.00 sec
        Start   9: probe_layer_8
  9/179 Test   #9: probe_layer_8 ....................   Passed    0.00 sec
        Start  10: probe_layer_9
 10/179 Test  #10: probe_layer_9 ....................   Passed    0.00 sec
        Start  11: probe_layer_10
 11/179 Test  #11: probe_layer_10 ...................   Passed    0.00 sec
        Start  12: probe_layer_11
 12/179 Test  #12: probe_layer_11 ...................   Passed    0.00 sec
        Start  13: probe_layer_12
 13/179 Test  #13: probe_layer_12 ...................   Passed    0.00 sec
        Start  14: probe_layer_13
 14/179 Test  #14: probe_layer_13 ...................   Passed    0.00 sec
        Start  15: probe_layer_14
 15/179 Test  #15: probe_layer_14 ...................   Passed    0.00 sec
        Start  16: probe_layer_15
 16/179 Test  #16: probe_layer_15 ...................   Passed    0.00 sec
        Start  17: probe_layer_16
 17/179 Test  #17: probe_layer_16 ...................   Passed    0.00 sec
        Start  18: probe_layer_17
 18/179 Test  #18: probe_layer_17 ...................   Passed    0.00 sec
        Start  19: probe_layer_18
 19/179 Test  #19: probe_layer_18 ...................   Passed    0.00 sec
        Start  20: probe_layer_19
 20/179 Test  #20: probe_layer_19 ...................   Passed    0.00 sec
        Start  21: probe_layer_20
 21/179 Test  #21: probe_layer_20 ...................   Passed    0.00 sec
        Start  22: probe_layer_21
 22/179 Test  #22: probe_layer_21 ...................   Passed    0.00 sec
        Start  23: probe_layer_22
 23/179 Test  #23: probe_layer_22 ...................   Passed    0.00 sec
        Start  24: probe_layer_23
 24/179 Test  #24: probe_layer_23 ...................   Passed    0.00 sec
        Start  25: probe_layer_24
 25/179 Test  #25: probe_layer_24 ...................   Passed    0.00 sec
        Start  26: probe_layer_25
 26/179 Test  #26: probe_layer_25 ...................   Passed    0.00 sec
        Start  27: probe_layer_26
 27/179 Test  #27: probe_layer_26 ...................   Passed    0.00 sec
        Start  28: probe_layer_27
 28/179 Test  #28: probe_layer_27 ...................   Passed    0.00 sec
        Start  29: probe_layer_28
 29/179 Test  #29: probe_layer_28 ...................   Passed    0.00 sec
        Start  30: probe_layer_29
 30/179 Test  #30: probe_layer_29 ...................   Passed    0.00 sec
        Start  31: probe_layer_30
 31/179 Test  #31: probe_layer_30 ...................   Passed    0.00 sec
        Start  32: probe_layer_31
 32/179 Test  #32: probe_layer_31 ...................   Passed    0.00 sec
        Start  33: probe_layer_32
 33/179 Test  #33: probe_layer_32 ...................   Passed    0.00 sec
        Start  34: unified_scheduler_0
 34/179 Test  #34: unified_scheduler_0 ..............   Passed    0.00 sec
        Start  35: unified_scheduler_1
 35/179 Test  #35: unified_scheduler_1 ..............   Passed    0.00 sec
        Start  36: unified_scheduler_2
 36/179 Test  #36: unified_scheduler_2 ..............   Passed    0.00 sec
        Start  37: unified_scheduler_3
 37/179 Test  #37: unified_scheduler_3 ..............   Passed    0.00 sec
        Start  38: unified_scheduler_4
 38/179 Test  #38: unified_scheduler_4 ..............   Passed    0.00 sec
        Start  39: unified_scheduler_5
 39/179 Test  #39: unified_scheduler_5 ..............   Passed    0.00 sec
        Start  40: unified_scheduler_6
 40/179 Test  #40: unified_scheduler_6 ..............   Passed    0.00 sec
        Start  41: unified_scheduler_7
 41/179 Test  #41: unified_scheduler_7 ..............   Passed    0.00 sec
        Start  42: unified_scheduler_8
 42/179 Test  #42: unified_scheduler_8 ..............   Passed    0.00 sec
        Start  43: unified_scheduler_9
 43/179 Test  #43: unified_scheduler_9 ..............   Passed    0.00 sec
        Start  44: unified_scheduler_10
 44/179 Test  #44: unified_scheduler_10 .............   Passed    0.00 sec
        Start  45: unified_scheduler_11
 45/179 Test  #45: unified_scheduler_11 .............   Passed    0.00 sec
        Start  46: unified_scheduler_12
 46/179 Test  #46: unified_scheduler_12 .............   Passed    0.00 sec
        Start  47: unified_scheduler_13
 47/179 Test  #47: unified_scheduler_13 .............   Passed    0.00 sec
        Start  48: unified_scheduler_14
 48/179 Test  #48: unified_scheduler_14 .............   Passed    0.00 sec
        Start  49: unified_scheduler_15
 49/179 Test  #49: unified_scheduler_15 .............   Passed    0.00 sec
        Start  50: unified_scheduler_16
 50/179 Test  #50: unified_scheduler_16 .............   Passed    0.00 sec
        Start  51: unified_scheduler_17
 51/179 Test  #51: unified_scheduler_17 .............   Passed    0.00 sec
        Start  52: unified_scheduler_18
 52/179 Test  #52: unified_scheduler_18 .............   Passed    0.00 sec
        Start  53: unified_scheduler_19
 53/179 Test  #53: unified_scheduler_19 .............   Passed    0.00 sec
        Start  54: input_safety_tests
 54/179 Test  #54: input_safety_tests ...............   Passed    0.00 sec
        Start  55: three_a_tests
 55/179 Test  #55: three_a_tests ....................   Passed    0.00 sec
        Start  56: question_preflight_tests
 56/179 Test  #56: question_preflight_tests .........   Passed    0.00 sec
        Start  57: legal_preservation_tests
 57/179 Test  #57: legal_preservation_tests .........   Passed    0.00 sec
        Start  58: recovery_evidence_tests
 58/179 Test  #58: recovery_evidence_tests ..........   Passed    0.00 sec
        Start  59: task_group_search_tests
 59/179 Test  #59: task_group_search_tests ..........   Passed    0.00 sec
        Start  60: task_group_projection_tests
 60/179 Test  #60: task_group_projection_tests ......   Passed    0.00 sec
        Start  61: guarded_decision_tests
 61/179 Test  #61: guarded_decision_tests ...........   Passed    0.01 sec
        Start  62: score_semantics_tests
 62/179 Test  #62: score_semantics_tests ............   Passed    0.00 sec
        Start  63: interval_gate_tests
 63/179 Test  #63: interval_gate_tests ..............   Passed    0.00 sec
        Start  64: mutation_failure_0
 64/179 Test  #64: mutation_failure_0 ...............   Passed    0.01 sec
        Start  65: mutation_failure_1
 65/179 Test  #65: mutation_failure_1 ...............   Passed    0.01 sec
        Start  66: mutation_failure_2
 66/179 Test  #66: mutation_failure_2 ...............   Passed    0.01 sec
        Start  67: mutation_failure_3
 67/179 Test  #67: mutation_failure_3 ...............   Passed    0.00 sec
        Start  68: mutation_failure_4
 68/179 Test  #68: mutation_failure_4 ...............   Passed    0.17 sec
        Start  69: mutation_failure_5
 69/179 Test  #69: mutation_failure_5 ...............   Passed    0.00 sec
        Start  70: mutation_failure_6
 70/179 Test  #70: mutation_failure_6 ...............   Passed    0.00 sec
        Start  71: mutation_failure_7
 71/179 Test  #71: mutation_failure_7 ...............   Passed    0.00 sec
        Start  72: mutation_failure_8
 72/179 Test  #72: mutation_failure_8 ...............   Passed    0.00 sec
        Start  73: mutation_failure_9
 73/179 Test  #73: mutation_failure_9 ...............   Passed    0.00 sec
        Start  74: mutation_failure_10
 74/179 Test  #74: mutation_failure_10 ..............   Passed    0.00 sec
        Start  75: mutation_failure_11
 75/179 Test  #75: mutation_failure_11 ..............   Passed    0.00 sec
        Start  76: mutation_failure_12
 76/179 Test  #76: mutation_failure_12 ..............   Passed    0.00 sec
        Start  77: mutation_failure_13
 77/179 Test  #77: mutation_failure_13 ..............   Passed    0.00 sec
        Start  78: mutation_failure_14
 78/179 Test  #78: mutation_failure_14 ..............   Passed    0.12 sec
        Start  79: mutation_failure_15
 79/179 Test  #79: mutation_failure_15 ..............   Passed    0.01 sec
        Start  80: mutation_failure_16
 80/179 Test  #80: mutation_failure_16 ..............   Passed    0.01 sec
        Start  81: mutation_failure_17
 81/179 Test  #81: mutation_failure_17 ..............   Passed    0.01 sec
        Start  82: mutation_failure_18
 82/179 Test  #82: mutation_failure_18 ..............   Passed    0.01 sec
        Start  83: mutation_failure_19
 83/179 Test  #83: mutation_failure_19 ..............   Passed    0.05 sec
        Start  84: mutation_failure_20
 84/179 Test  #84: mutation_failure_20 ..............   Passed    0.05 sec
        Start  85: mutation_failure_21
 85/179 Test  #85: mutation_failure_21 ..............   Passed    0.05 sec
        Start  86: mutation_failure_22
 86/179 Test  #86: mutation_failure_22 ..............   Passed    0.05 sec
        Start  87: mutation_failure_23
 87/179 Test  #87: mutation_failure_23 ..............   Passed    0.05 sec
        Start  88: mutation_failure_24
 88/179 Test  #88: mutation_failure_24 ..............   Passed    0.05 sec
        Start  89: mutation_failure_25
 89/179 Test  #89: mutation_failure_25 ..............   Passed    0.05 sec
        Start  90: mutation_failure_26
 90/179 Test  #90: mutation_failure_26 ..............   Passed    0.05 sec
        Start  91: mutation_failure_27
 91/179 Test  #91: mutation_failure_27 ..............   Passed    0.05 sec
        Start  92: deadline_sensitivity
 92/179 Test  #92: deadline_sensitivity .............   Passed    0.00 sec
        Start  93: state_invariant_0
 93/179 Test  #93: state_invariant_0 ................   Passed    0.00 sec
        Start  94: state_invariant_1
 94/179 Test  #94: state_invariant_1 ................   Passed    0.00 sec
        Start  95: state_invariant_2
 95/179 Test  #95: state_invariant_2 ................   Passed    0.00 sec
        Start  96: state_invariant_3
 96/179 Test  #96: state_invariant_3 ................   Passed    0.00 sec
        Start  97: state_invariant_4
 97/179 Test  #97: state_invariant_4 ................   Passed    0.00 sec
        Start  98: state_invariant_5
 98/179 Test  #98: state_invariant_5 ................   Passed    0.00 sec
        Start  99: state_invariant_6
 99/179 Test  #99: state_invariant_6 ................   Passed    0.00 sec
        Start 100: state_invariant_7
100/179 Test #100: state_invariant_7 ................   Passed    0.00 sec
        Start 101: state_invariant_8
101/179 Test #101: state_invariant_8 ................   Passed    0.00 sec
        Start 102: state_invariant_9
102/179 Test #102: state_invariant_9 ................   Passed    0.00 sec
        Start 103: state_invariant_10
103/179 Test #103: state_invariant_10 ...............   Passed    0.00 sec
        Start 104: state_invariant_11
104/179 Test #104: state_invariant_11 ...............   Passed    0.00 sec
        Start 105: state_invariant_12
105/179 Test #105: state_invariant_12 ...............   Passed    0.00 sec
        Start 106: state_invariant_13
106/179 Test #106: state_invariant_13 ...............   Passed    0.00 sec
        Start 107: state_invariant_14
107/179 Test #107: state_invariant_14 ...............   Passed    0.00 sec
        Start 108: state_invariant_15
108/179 Test #108: state_invariant_15 ...............   Passed    0.00 sec
        Start 109: state_invariant_16
109/179 Test #109: state_invariant_16 ...............   Passed    0.00 sec
        Start 110: state_invariant_17
110/179 Test #110: state_invariant_17 ...............   Passed    0.00 sec
        Start 111: state_invariant_18
111/179 Test #111: state_invariant_18 ...............   Passed    0.00 sec
        Start 112: state_invariant_19
112/179 Test #112: state_invariant_19 ...............   Passed    0.00 sec
        Start 113: state_layer_0
113/179 Test #113: state_layer_0 ....................   Passed    0.00 sec
        Start 114: state_layer_1
114/179 Test #114: state_layer_1 ....................   Passed    0.00 sec
        Start 115: state_layer_2
115/179 Test #115: state_layer_2 ....................   Passed    0.00 sec
        Start 116: state_layer_3
116/179 Test #116: state_layer_3 ....................   Passed    0.00 sec
        Start 117: state_layer_4
117/179 Test #117: state_layer_4 ....................   Passed    0.00 sec
        Start 118: state_layer_5
118/179 Test #118: state_layer_5 ....................   Passed    0.00 sec
        Start 119: state_layer_6
119/179 Test #119: state_layer_6 ....................   Passed    0.00 sec
        Start 120: state_layer_7
120/179 Test #120: state_layer_7 ....................   Passed    0.00 sec
        Start 121: state_layer_8
121/179 Test #121: state_layer_8 ....................   Passed    0.00 sec
        Start 122: state_layer_9
122/179 Test #122: state_layer_9 ....................   Passed    0.00 sec
        Start 123: state_layer_10
123/179 Test #123: state_layer_10 ...................   Passed    0.00 sec
        Start 124: state_layer_11
124/179 Test #124: state_layer_11 ...................   Passed    0.00 sec
        Start 125: state_layer_12
125/179 Test #125: state_layer_12 ...................   Passed    0.00 sec
        Start 126: state_layer_13
126/179 Test #126: state_layer_13 ...................   Passed    0.00 sec
        Start 127: state_layer_14
127/179 Test #127: state_layer_14 ...................   Passed    0.00 sec
        Start 128: state_layer_15
128/179 Test #128: state_layer_15 ...................   Passed    0.00 sec
        Start 129: state_layer_16
129/179 Test #129: state_layer_16 ...................   Passed    0.00 sec
        Start 130: state_layer_17
130/179 Test #130: state_layer_17 ...................   Passed    0.00 sec
        Start 131: state_layer_18
131/179 Test #131: state_layer_18 ...................   Passed    0.00 sec
        Start 132: official_score_semantics_tests
132/179 Test #132: official_score_semantics_tests ...   Passed    0.13 sec
        Start 133: canonical_state_0
133/179 Test #133: canonical_state_0 ................   Passed    0.00 sec
        Start 134: canonical_state_1
134/179 Test #134: canonical_state_1 ................   Passed    0.00 sec
        Start 135: canonical_state_2
135/179 Test #135: canonical_state_2 ................   Passed    0.00 sec
        Start 136: canonical_state_3
136/179 Test #136: canonical_state_3 ................   Passed    0.00 sec
        Start 137: canonical_state_4
137/179 Test #137: canonical_state_4 ................   Passed    0.00 sec
        Start 138: canonical_state_5
138/179 Test #138: canonical_state_5 ................   Passed    0.00 sec
        Start 139: canonical_state_6
139/179 Test #139: canonical_state_6 ................   Passed    0.00 sec
        Start 140: canonical_state_7
140/179 Test #140: canonical_state_7 ................   Passed    0.00 sec
        Start 141: canonical_state_8
141/179 Test #141: canonical_state_8 ................   Passed    0.00 sec
        Start 142: canonical_state_9
142/179 Test #142: canonical_state_9 ................   Passed    0.00 sec
        Start 143: canonical_state_10
143/179 Test #143: canonical_state_10 ...............   Passed    0.00 sec
        Start 144: canonical_state_11
144/179 Test #144: canonical_state_11 ...............   Passed    0.00 sec
        Start 145: canonical_state_12
145/179 Test #145: canonical_state_12 ...............   Passed    0.00 sec
        Start 146: canonical_state_13
146/179 Test #146: canonical_state_13 ...............   Passed    0.00 sec
        Start 147: canonical_state_14
147/179 Test #147: canonical_state_14 ...............   Passed    0.00 sec
        Start 148: canonical_state_15
148/179 Test #148: canonical_state_15 ...............   Passed    0.00 sec
        Start 149: canonical_state_16
149/179 Test #149: canonical_state_16 ...............   Passed    0.00 sec
        Start 150: canonical_state_17
150/179 Test #150: canonical_state_17 ...............   Passed    0.00 sec
        Start 151: canonical_state_18
151/179 Test #151: canonical_state_18 ...............   Passed    0.00 sec
        Start 152: canonical_state_19
152/179 Test #152: canonical_state_19 ...............   Passed    0.00 sec
        Start 153: canonical_state_20
153/179 Test #153: canonical_state_20 ...............   Passed    0.00 sec
        Start 154: canonical_state_21
154/179 Test #154: canonical_state_21 ...............   Passed    0.00 sec
        Start 155: canonical_state_22
155/179 Test #155: canonical_state_22 ...............   Passed    0.00 sec
        Start 156: canonical_state_23
156/179 Test #156: canonical_state_23 ...............   Passed    0.00 sec
        Start 157: canonical_state_24
157/179 Test #157: canonical_state_24 ...............   Passed    0.00 sec
        Start 158: canonical_state_25
158/179 Test #158: canonical_state_25 ...............   Passed    0.00 sec
        Start 159: canonical_state_26
159/179 Test #159: canonical_state_26 ...............   Passed    0.00 sec
        Start 160: canonical_state_27
160/179 Test #160: canonical_state_27 ...............   Passed    0.00 sec
        Start 161: canonical_state_28
161/179 Test #161: canonical_state_28 ...............   Passed    0.00 sec
        Start 162: canonical_state_29
162/179 Test #162: canonical_state_29 ...............   Passed    0.00 sec
        Start 163: canonical_state_30
163/179 Test #163: canonical_state_30 ...............   Passed    0.00 sec
        Start 164: canonical_state_31
164/179 Test #164: canonical_state_31 ...............   Passed    0.00 sec
        Start 165: canonical_state_32
165/179 Test #165: canonical_state_32 ...............   Passed    0.00 sec
        Start 166: canonical_regression_0
166/179 Test #166: canonical_regression_0 ...........   Passed    0.00 sec
        Start 167: canonical_regression_1
167/179 Test #167: canonical_regression_1 ...........   Passed    0.00 sec
        Start 168: canonical_regression_2
168/179 Test #168: canonical_regression_2 ...........   Passed    0.00 sec
        Start 169: canonical_regression_3
169/179 Test #169: canonical_regression_3 ...........   Passed    0.00 sec
        Start 170: canonical_regression_4
170/179 Test #170: canonical_regression_4 ...........   Passed    0.00 sec
        Start 171: canonical_regression_5
171/179 Test #171: canonical_regression_5 ...........   Passed    0.00 sec
        Start 172: canonical_regression_6
172/179 Test #172: canonical_regression_6 ...........   Passed    0.00 sec
        Start 173: canonical_regression_7
173/179 Test #173: canonical_regression_7 ...........   Passed    0.00 sec
        Start 174: canonical_regression_8
174/179 Test #174: canonical_regression_8 ...........   Passed    0.00 sec
        Start 175: canonical_regression_9
175/179 Test #175: canonical_regression_9 ...........   Passed    0.00 sec
        Start 176: canonical_regression_10
176/179 Test #176: canonical_regression_10 ..........   Passed    0.00 sec
        Start 177: canonical_regression_11
177/179 Test #177: canonical_regression_11 ..........   Passed    0.00 sec
        Start 178: canonical_regression_12
178/179 Test #178: canonical_regression_12 ..........   Passed    0.00 sec
        Start 179: canonical_regression_13
179/179 Test #179: canonical_regression_13 ..........   Passed    0.00 sec

100% tests passed, 0 tests failed out of 179

Total Test time (real) =   1.29 sec
