[RDFW_TEST_SEED] 20260928
=========================================
= Simulation @Home Competition Platform =
=========================================
= Ready to accept a new team
# Registration from 'RDFW'
> Configurations:
	Mode: NT
	Timeout: 5000
	TestDir: /mnt/c/Users/20723/Desktop/2026robocup/upstream-main-20260928/logs/competition_smoke_20261007/A01-01-s2-nt/runtime/tests/
	TestSize: 1
	Single test: 1
# Testing <case.xml>
# Result:
	[Sense | 3 9 10 12]
	[PickUp 12|true]
	[Move 3|true]
	[PutDown 12|true]
	[Open 5|true]
	[PickUp 12|true]
	[PutIn 12 5|true]
	[Close 5|true]
	[Move 7|true]
	[Sense | 2]
# Time: 2.531s
# Score: 786
