[LOG]:-stage
[LOG]:-nlp
[LOG]:-err
[LOG]:-ask_2
[LOG]:-path
[LOG]:nlp 0, err 1
#(RDFW): Initializing dynamic arrays with size 100
#(RDFW): Dynamic arrays initialization completed
#(Plug): Timeout=5000
[LOG]:[PlannerVersion] 1.7.7 default=greedy+guarded+answer-branch-probe
#(RDFW): Starting new test - verifying clean state
#(RDFW): Pre-test state verification completed
[32mcase.xml
[0m--------------------------------------------
Ready to Parse Env Infos.

ParseEnv finished
--------------------------------------------
Ready to Parse Tasks and Cons.
[LOG]:[Preflight] task raw=6 unique=6 duplicate=0 rejected=0; constraint raw=0 unique=0 duplicate=0 rejected=0; world_errors=0
Pos  0:(F):
Pos  1:(T):[32m(robot hold:0 plate:8)[0m[33m(2 cupboard inside:[7] Closed)[0m(7 cup)(8 can)
Pos  2:(T):[33m(5 desk)[0m
Pos  3:(T):[33m(1 human)[0m(6 book)(9 bottle)
Pos  4:(T):[33m(4 closet inside:[7] Closed)[0m
Pos  5:(T):[33m(3 table)[0m
UnknownPos:

[LOG]:[32m[MustIn] correction done.
[0m
[LOG]:[32m[MustNear] correction done.
[0m
Pos  0:(F):
Pos  1:(T):[32m(robot hold:0 plate:8)[0m[33m(2 cupboard inside:[7] Closed)[0m(7 cup)(8 can)
Pos  2:(T):[33m(5 desk)[0m
Pos  3:(T):[33m(1 human)[0m(6 book)(9 bottle)
Pos  4:(T):[33m(4 closet inside:[7] Closed)[0m
Pos  5:(T):[33m(3 table)[0m
UnknownPos:

Task:
Behave:[35mputon[0m
ConditionX:[35m(Sort:cup,Color:)[0m
ConditionY:[35m(Sort:table,Color:)[0m
Behave:[35mgoto[0m
ConditionX:[35m(Sort:table,Color:)[0m
ConditionY:[35m(Sort:,Color:)[0m
Behave:[35mtakeout[0m
ConditionX:[35m(Sort:cup,Color:)[0m
ConditionY:[35m(Sort:closet,Color:)[0m
Behave:[35mputon[0m
ConditionX:[35m(Sort:book,Color:)[0m
ConditionY:[35m(Sort:desk,Color:)[0m
Behave:[35mgive[0m
ConditionX:[35m(Sort:bottle,Color:)[0m
ConditionY:[35m(Sort:,Color:)[0m
Behave:[35mtakeout[0m
ConditionX:[35m(Sort:cup,Color:)[0m
ConditionY:[35m(Sort:cupboard,Color:)[0m

Info:

Not_Info:

Not_Task:

NotNot_Info:
Parse Tasks, Cons and Infos finished.
--------------------------------------------
Ready to Cons  plan
cons_plan finished
--------------------------------------------
taskoptimization finished
--------------------------------------------
[LOG]:[TradeoffEvidence] probing current location before decisions

[LOG]:[32m[SenseCurrentLocationOnly] Location 1 marked as sensed
[0m
[LOG]:[SenseCurrentLocationOnly] Object 8 detected at location 1
[LOG]:[SenseCurrentLocationOnly] Container 2 detected at location 1
[LOG]:[SenseCurrentLocationOnly] Object 7 detected at location 1
[DBG] goto risk@loc=5 bool=0
[LOG]:[DecisionFeedback] {"schema":"decision_feedback.v1","event":"candidate_considered","candidate_id":4,"phase":"greedy-round","task_index":3,"task_label":"takeout","legacy_choice":false,"eligible":true,"dry_run_succeeded":true,"prediction":{"goal_gain":1,"goal_loss":0,"constraint_gain":0,"constraint_loss":0,"completed_goals":1,"maintained_constraints":0,"action_count":2,"action_cost":4,"final_reward":35,"utility":36}}
[LOG]:[36m[3B][Candidate] phase=greedy-round rank=1 task_index=3 behave=takeout legacy_choice=false eligible=true complete=true actions=2 duration_ms=200 action_cost=4 score_before=-1 score_after=35 marginal_score=36 utility=36 gained_goals=[3] lost_goals=[] broken_constraints=[] preserved_constraints=[]
[0m
[LOG]:[DecisionFeedback] {"schema":"decision_feedback.v1","event":"candidate_considered","candidate_id":6,"phase":"greedy-round","task_index":5,"task_label":"goto","legacy_choice":false,"eligible":true,"dry_run_succeeded":true,"prediction":{"goal_gain":1,"goal_loss":0,"constraint_gain":0,"constraint_loss":0,"completed_goals":1,"maintained_constraints":0,"action_count":2,"action_cost":5,"final_reward":34,"utility":35}}
[LOG]:[36m[3B][Candidate] phase=greedy-round rank=2 task_index=5 behave=goto legacy_choice=false eligible=true complete=true actions=2 duration_ms=220 action_cost=5 score_before=-1 score_after=34 marginal_score=35 utility=35 gained_goals=[5] lost_goals=[] broken_constraints=[] preserved_constraints=[]
[0m
[LOG]:[DecisionFeedback] {"schema":"decision_feedback.v1","event":"candidate_considered","candidate_id":5,"phase":"greedy-round","task_index":4,"task_label":"takeout","legacy_choice":false,"eligible":true,"dry_run_succeeded":true,"prediction":{"goal_gain":1,"goal_loss":0,"constraint_gain":0,"constraint_loss":0,"completed_goals":1,"maintained_constraints":0,"action_count":3,"action_cost":8,"final_reward":31,"utility":32}}
[LOG]:[36m[3B][Candidate] phase=greedy-round rank=3 task_index=4 behave=takeout legacy_choice=false eligible=true complete=true actions=3 duration_ms=320 action_cost=8 score_before=-1 score_after=31 marginal_score=32 utility=32 gained_goals=[4] lost_goals=[] broken_constraints=[] preserved_constraints=[]
[0m
[LOG]:[DecisionFeedback] {"schema":"decision_feedback.v1","event":"candidate_considered","candidate_id":3,"phase":"greedy-round","task_index":2,"task_label":"give","legacy_choice":false,"eligible":true,"dry_run_succeeded":true,"prediction":{"goal_gain":1,"goal_loss":0,"constraint_gain":0,"constraint_loss":0,"completed_goals":1,"maintained_constraints":0,"action_count":4,"action_cost":9,"final_reward":30,"utility":31}}
[LOG]:[36m[3B][Candidate] phase=greedy-round rank=4 task_index=2 behave=give legacy_choice=false eligible=true complete=true actions=4 duration_ms=420 action_cost=9 score_before=-1 score_after=30 marginal_score=31 utility=31 gained_goals=[2] lost_goals=[] broken_constraints=[] preserved_constraints=[]
[0m
[LOG]:[DecisionFeedback] {"schema":"decision_feedback.v1","event":"candidate_considered","candidate_id":2,"phase":"greedy-round","task_index":1,"task_label":"puton","legacy_choice":false,"eligible":true,"dry_run_succeeded":true,"prediction":{"goal_gain":1,"goal_loss":0,"constraint_gain":0,"constraint_loss":0,"completed_goals":1,"maintained_constraints":0,"action_count":5,"action_cost":13,"final_reward":26,"utility":27}}
[LOG]:[36m[3B][Candidate] phase=greedy-round rank=5 task_index=1 behave=puton legacy_choice=false eligible=true complete=true actions=5 duration_ms=540 action_cost=13 score_before=-1 score_after=26 marginal_score=27 utility=27 gained_goals=[1] lost_goals=[] broken_constraints=[] preserved_constraints=[]
[0m
[LOG]:[DecisionFeedback] {"schema":"decision_feedback.v1","event":"candidate_considered","candidate_id":1,"phase":"greedy-round","task_index":0,"task_label":"puton","legacy_choice":false,"eligible":true,"dry_run_succeeded":false,"prediction":{"goal_gain":0,"goal_loss":0,"constraint_gain":0,"constraint_loss":0,"completed_goals":0,"maintained_constraints":0,"action_count":5,"action_cost":8,"final_reward":-9,"utility":-8}}
[LOG]:[36m[3B][Candidate] phase=greedy-round rank=6 task_index=0 behave=puton legacy_choice=false eligible=true complete=false actions=5 duration_ms=500 action_cost=8 score_before=-1 score_after=-9 marginal_score=-8 utility=-8 gained_goals=[] lost_goals=[] broken_constraints=[] preserved_constraints=[]
[0m
[LOG]:[36m[3B][Deadline] phase=greedy-filter task_index=3 behave=takeout can_finish=true remaining_plan_ms=200 safety_ms=200 budget_remaining_ms=4903
[0m
[LOG]:[36m[3B][Deadline] phase=greedy-filter task_index=5 behave=goto can_finish=true remaining_plan_ms=220 safety_ms=200 budget_remaining_ms=4903
[0m
[LOG]:[36m[3B][Deadline] phase=greedy-filter task_index=4 behave=takeout can_finish=true remaining_plan_ms=320 safety_ms=200 budget_remaining_ms=4903
[0m
[LOG]:[36m[3B][Deadline] phase=greedy-filter task_index=2 behave=give can_finish=true remaining_plan_ms=420 safety_ms=200 budget_remaining_ms=4903
[0m
[LOG]:[36m[3B][Deadline] phase=greedy-filter task_index=1 behave=puton can_finish=true remaining_plan_ms=540 safety_ms=200 budget_remaining_ms=4903
[0m
[LOG]:[TradeoffDecision] phase=greedy-filter task=3 decision=execute reason=legacy_priority lower=35 upper=235

[LOG]:[36m[3B][Deadline] phase=greedy-filter task_index=5 behave=goto can_finish=true remaining_plan_ms=220 safety_ms=200 budget_remaining_ms=4903
[0m
[LOG]:[36m[3B][Deadline] phase=greedy-filter task_index=3 behave=takeout can_finish=true remaining_plan_ms=200 safety_ms=200 budget_remaining_ms=4903
[0m
[LOG]:[36m[3B][Deadline] phase=greedy-filter task_index=4 behave=takeout can_finish=true remaining_plan_ms=320 safety_ms=200 budget_remaining_ms=4903
[0m
[LOG]:[36m[3B][Deadline] phase=greedy-filter task_index=2 behave=give can_finish=true remaining_plan_ms=420 safety_ms=200 budget_remaining_ms=4903
[0m
[LOG]:[36m[3B][Deadline] phase=greedy-filter task_index=1 behave=puton can_finish=true remaining_plan_ms=540 safety_ms=200 budget_remaining_ms=4903
[0m
[LOG]:[TradeoffDecision] phase=greedy-filter task=5 decision=execute reason=legacy_priority lower=34 upper=194

[LOG]:[36m[3B][Deadline] phase=greedy-filter task_index=4 behave=takeout can_finish=true remaining_plan_ms=320 safety_ms=200 budget_remaining_ms=4903
[0m
[LOG]:[36m[3B][Deadline] phase=greedy-filter task_index=3 behave=takeout can_finish=true remaining_plan_ms=200 safety_ms=200 budget_remaining_ms=4903
[0m
[LOG]:[36m[3B][Deadline] phase=greedy-filter task_index=5 behave=goto can_finish=true remaining_plan_ms=220 safety_ms=200 budget_remaining_ms=4903
[0m
[LOG]:[36m[3B][Deadline] phase=greedy-filter task_index=2 behave=give can_finish=true remaining_plan_ms=420 safety_ms=200 budget_remaining_ms=4903
[0m
[LOG]:[36m[3B][Deadline] phase=greedy-filter task_index=1 behave=puton can_finish=true remaining_plan_ms=540 safety_ms=200 budget_remaining_ms=4903
[0m
[LOG]:[TradeoffDecision] phase=greedy-filter task=4 decision=execute reason=legacy_priority lower=31 upper=231

[LOG]:[36m[3B][Deadline] phase=greedy-filter task_index=2 behave=give can_finish=true remaining_plan_ms=420 safety_ms=200 budget_remaining_ms=4903
[0m
[LOG]:[36m[3B][Deadline] phase=greedy-filter task_index=3 behave=takeout can_finish=true remaining_plan_ms=200 safety_ms=200 budget_remaining_ms=4903
[0m
[LOG]:[36m[3B][Deadline] phase=greedy-filter task_index=5 behave=goto can_finish=true remaining_plan_ms=220 safety_ms=200 budget_remaining_ms=4903
[0m
[LOG]:[36m[3B][Deadline] phase=greedy-filter task_index=4 behave=takeout can_finish=true remaining_plan_ms=320 safety_ms=200 budget_remaining_ms=4903
[0m
[LOG]:[36m[3B][Deadline] phase=greedy-filter task_index=1 behave=puton can_finish=true remaining_plan_ms=540 safety_ms=200 budget_remaining_ms=4903
[0m
[LOG]:[TradeoffDecision] phase=greedy-filter task=2 decision=defer reason=legacy_priority lower=30 upper=230

[LOG]:[Scheduler] filtered task=2 stable_id=4 marginal=31 reason=constraint_trade

[LOG]:[36m[3B][Deadline] phase=greedy-filter task_index=1 behave=puton can_finish=true remaining_plan_ms=540 safety_ms=200 budget_remaining_ms=4903
[0m
[LOG]:[36m[3B][Deadline] phase=greedy-filter task_index=3 behave=takeout can_finish=true remaining_plan_ms=200 safety_ms=200 budget_remaining_ms=4903
[0m
[LOG]:[36m[3B][Deadline] phase=greedy-filter task_index=5 behave=goto can_finish=true remaining_plan_ms=220 safety_ms=200 budget_remaining_ms=4903
[0m
[LOG]:[36m[3B][Deadline] phase=greedy-filter task_index=4 behave=takeout can_finish=true remaining_plan_ms=320 safety_ms=200 budget_remaining_ms=4903
[0m
[LOG]:[36m[3B][Deadline] phase=greedy-filter task_index=2 behave=give can_finish=true remaining_plan_ms=420 safety_ms=200 budget_remaining_ms=4903
[0m
[LOG]:[TradeoffDecision] phase=greedy-filter task=1 decision=execute reason=legacy_priority lower=26 upper=226

[LOG]:[Scheduler] filtered task=0 stable_id=0 marginal=-8 reason=incomplete_projection

[LOG]:[Scheduler] greedy task=3 marginal=36 remaining_ms=4903 group_attempt=true

[LOG]:[GuardedDecision] outcome=greedy reason=unverified_storage cumulative_ms=0

[LOG]:[36m[3B][Deadline] phase=greedy-execution task_index=3 behave=takeout can_finish=true remaining_plan_ms=200 safety_ms=200 budget_remaining_ms=4903
[0m
[LOG]:[DecisionFeedback] {"schema":"decision_feedback.v1","event":"candidate_selected","candidate_id":4,"task_index":3,"tasks":[3],"task_label":"takeout","generated_ms":97,"world_revision":1,"selection_reason":"greedy_highest_qualified_marginal_score","prediction":{"goal_gain":1,"goal_loss":0,"constraint_gain":0,"constraint_loss":0,"completed_goals":1,"maintained_constraints":0,"action_count":2,"action_cost":4,"final_reward":35,"utility":36},"expected_reward":35,"evidence":[{"object_id":0,"fact":"location","source":"initial","verified":true},{"object_id":1,"fact":"location","source":"initial","verified":false},{"object_id":2,"fact":"location","source":"action_success","verified":true},{"object_id":2,"fact":"container_state","source":"action_success","verified":true},{"object_id":3,"fact":"location","source":"initial","verified":false},{"object_id":4,"fact":"location","source":"initial","verified":false},{"object_id":4,"fact":"container_state","source":"initial","verified":false},{"object_id":5,"fact":"location","source":"initial","verified":false},{"object_id":6,"fact":"location","source":"initial","verified":false},{"object_id":6,"fact":"inside","source":"initial","verified":false},{"object_id":7,"fact":"location","source":"action_success","verified":true},{"object_id":7,"fact":"inside","source":"initial","verified":false},{"object_id":8,"fact":"location","source":"sense","verified":true},{"object_id":8,"fact":"inside","source":"initial","verified":false},{"object_id":9,"fact":"location","source":"initial","verified":false},{"object_id":9,"fact":"inside","source":"initial","verified":false},{"object_id":0,"fact":"hold","source":"action_success","verified":true},{"object_id":0,"fact":"plate","source":"initial","verified":false}]}
[LOG]:[36m[3B][Remaining] event=begin task_index=3 behave=takeout executed=0 total=2 remaining_utility=36 remaining_duration_ms=200
[0m
takeout cup的风险系数是：0
[LOG]:Open(2,cupboard)
[LOG]:[36m[3B][Remaining] event=action task_index=3 action=Open executed=1 total=2 remaining_utility=38 remaining_duration_ms=100 can_finish=true
[0m
[LOG]:TakeOut(7,cup)(2,cupboard)
[LOG]:[36m[3B][Remaining] event=action task_index=3 action=TakeOut executed=2 total=2 remaining_utility=40 remaining_duration_ms=0 can_finish=true
[0m
[LOG]:[DecisionFeedback] {"schema":"decision_feedback.v1","event":"candidate_result","candidate_id":4,"prediction":{"goal_gain":1,"goal_loss":0,"constraint_gain":0,"constraint_loss":0,"completed_goals":1,"maintained_constraints":0,"action_count":2,"action_cost":4,"final_reward":35,"utility":36},"actual":{"goal_gain":1,"goal_loss":0,"constraint_gain":0,"constraint_loss":0,"completed_goals":1,"maintained_constraints":0,"action_count":2,"action_cost":4,"final_reward":35,"utility":36},"succeeded":true,"failed_action":false,"failure_reasons":[],"error":{"goal_gain":0,"goal_loss":0,"constraint_gain":0,"constraint_loss":0,"action_cost":0,"utility":0}}
[LOG]:[36m[3B][Remaining] event=end task_index=3 behave=takeout succeeded=true executed=2 total=2 remaining_utility=0 remaining_duration_ms=0
[0m
[LOG]:[Scheduler] result task=3 stable_id=5 success=true revision=3 attempts=0

[DBG] goto risk@loc=5 bool=0
[LOG]:[DecisionFeedback] {"schema":"decision_feedback.v1","event":"candidate_considered","candidate_id":7,"phase":"greedy-round","task_index":0,"task_label":"puton","legacy_choice":false,"eligible":true,"dry_run_succeeded":true,"prediction":{"goal_gain":2,"goal_loss":0,"constraint_gain":0,"constraint_loss":0,"completed_goals":3,"maintained_constraints":0,"action_count":4,"action_cost":9,"final_reward":106,"utility":71}}
[LOG]:[36m[3B][Candidate] phase=greedy-round rank=1 task_index=0 behave=puton legacy_choice=false eligible=true complete=true actions=4 duration_ms=420 action_cost=9 score_before=35 score_after=106 marginal_score=71 utility=71 gained_goals=[0,5] lost_goals=[] broken_constraints=[] preserved_constraints=[]
[0m
[LOG]:[DecisionFeedback] {"schema":"decision_feedback.v1","event":"candidate_considered","candidate_id":11,"phase":"greedy-round","task_index":5,"task_label":"goto","legacy_choice":false,"eligible":true,"dry_run_succeeded":true,"prediction":{"goal_gain":1,"goal_loss":0,"constraint_gain":0,"constraint_loss":0,"completed_goals":2,"maintained_constraints":0,"action_count":2,"action_cost":5,"final_reward":70,"utility":35}}
[LOG]:[36m[3B][Candidate] phase=greedy-round rank=2 task_index=5 behave=goto legacy_choice=false eligible=true complete=true actions=2 duration_ms=220 action_cost=5 score_before=35 score_after=70 marginal_score=35 utility=35 gained_goals=[5] lost_goals=[] broken_constraints=[] preserved_constraints=[]
[0m
[LOG]:[DecisionFeedback] {"schema":"decision_feedback.v1","event":"candidate_considered","candidate_id":10,"phase":"greedy-round","task_index":4,"task_label":"takeout","legacy_choice":false,"eligible":true,"dry_run_succeeded":true,"prediction":{"goal_gain":1,"goal_loss":0,"constraint_gain":0,"constraint_loss":0,"completed_goals":2,"maintained_constraints":0,"action_count":4,"action_cost":10,"final_reward":65,"utility":30}}
[LOG]:[36m[3B][Candidate] phase=greedy-round rank=3 task_index=4 behave=takeout legacy_choice=false eligible=true complete=true actions=4 duration_ms=420 action_cost=10 score_before=35 score_after=65 marginal_score=30 utility=30 gained_goals=[4] lost_goals=[] broken_constraints=[] preserved_constraints=[]
[0m
[LOG]:[DecisionFeedback] {"schema":"decision_feedback.v1","event":"candidate_considered","candidate_id":9,"phase":"greedy-round","task_index":2,"task_label":"give","legacy_choice":false,"eligible":true,"dry_run_succeeded":true,"prediction":{"goal_gain":1,"goal_loss":0,"constraint_gain":0,"constraint_loss":0,"completed_goals":2,"maintained_constraints":0,"action_count":5,"action_cost":11,"final_reward":64,"utility":29}}
[LOG]:[36m[3B][Candidate] phase=greedy-round rank=4 task_index=2 behave=give legacy_choice=false eligible=true complete=true actions=5 duration_ms=520 action_cost=11 score_before=35 score_after=64 marginal_score=29 utility=29 gained_goals=[2] lost_goals=[] broken_constraints=[] preserved_constraints=[]
[0m
[LOG]:[DecisionFeedback] {"schema":"decision_feedback.v1","event":"candidate_considered","candidate_id":8,"phase":"greedy-round","task_index":1,"task_label":"puton","legacy_choice":false,"eligible":true,"dry_run_succeeded":true,"prediction":{"goal_gain":1,"goal_loss":0,"constraint_gain":0,"constraint_loss":0,"completed_goals":2,"maintained_constraints":0,"action_count":6,"action_cost":15,"final_reward":60,"utility":25}}
[LOG]:[36m[3B][Candidate] phase=greedy-round rank=5 task_index=1 behave=puton legacy_choice=false eligible=true complete=true actions=6 duration_ms=640 action_cost=15 score_before=35 score_after=60 marginal_score=25 utility=25 gained_goals=[1] lost_goals=[] broken_constraints=[] preserved_constraints=[]
[0m
[LOG]:[36m[3B][Deadline] phase=greedy-filter task_index=0 behave=puton can_finish=true remaining_plan_ms=420 safety_ms=200 budget_remaining_ms=4696
[0m
[LOG]:[36m[3B][Deadline] phase=greedy-filter task_index=5 behave=goto can_finish=true remaining_plan_ms=220 safety_ms=200 budget_remaining_ms=4696
[0m
[LOG]:[36m[3B][Deadline] phase=greedy-filter task_index=4 behave=takeout can_finish=true remaining_plan_ms=420 safety_ms=200 budget_remaining_ms=4696
[0m
[LOG]:[36m[3B][Deadline] phase=greedy-filter task_index=2 behave=give can_finish=true remaining_plan_ms=520 safety_ms=200 budget_remaining_ms=4696
[0m
[LOG]:[36m[3B][Deadline] phase=greedy-filter task_index=1 behave=puton can_finish=true remaining_plan_ms=640 safety_ms=200 budget_remaining_ms=4696
[0m
[LOG]:[TradeoffDecision] phase=greedy-filter task=0 decision=execute reason=legacy_priority lower=106 upper=226

[LOG]:[36m[3B][Deadline] phase=greedy-filter task_index=5 behave=goto can_finish=true remaining_plan_ms=220 safety_ms=200 budget_remaining_ms=4696
[0m
[LOG]:[36m[3B][Deadline] phase=greedy-filter task_index=0 behave=puton can_finish=true remaining_plan_ms=420 safety_ms=200 budget_remaining_ms=4696
[0m
[LOG]:[36m[3B][Deadline] phase=greedy-filter task_index=4 behave=takeout can_finish=true remaining_plan_ms=420 safety_ms=200 budget_remaining_ms=4696
[0m
[LOG]:[36m[3B][Deadline] phase=greedy-filter task_index=2 behave=give can_finish=true remaining_plan_ms=520 safety_ms=200 budget_remaining_ms=4696
[0m
[LOG]:[36m[3B][Deadline] phase=greedy-filter task_index=1 behave=puton can_finish=true remaining_plan_ms=640 safety_ms=200 budget_remaining_ms=4696
[0m
[LOG]:[TradeoffDecision] phase=greedy-filter task=5 decision=execute reason=legacy_priority lower=70 upper=190

[LOG]:[36m[3B][Deadline] phase=greedy-filter task_index=4 behave=takeout can_finish=true remaining_plan_ms=420 safety_ms=200 budget_remaining_ms=4696
[0m
[LOG]:[36m[3B][Deadline] phase=greedy-filter task_index=0 behave=puton can_finish=true remaining_plan_ms=420 safety_ms=200 budget_remaining_ms=4696
[0m
[LOG]:[36m[3B][Deadline] phase=greedy-filter task_index=5 behave=goto can_finish=true remaining_plan_ms=220 safety_ms=200 budget_remaining_ms=4696
[0m
[LOG]:[36m[3B][Deadline] phase=greedy-filter task_index=2 behave=give can_finish=true remaining_plan_ms=520 safety_ms=200 budget_remaining_ms=4696
[0m
[LOG]:[36m[3B][Deadline] phase=greedy-filter task_index=1 behave=puton can_finish=true remaining_plan_ms=640 safety_ms=200 budget_remaining_ms=4696
[0m
[LOG]:[TradeoffDecision] phase=greedy-filter task=4 decision=execute reason=legacy_priority lower=65 upper=225

[LOG]:[36m[3B][Deadline] phase=greedy-filter task_index=2 behave=give can_finish=true remaining_plan_ms=520 safety_ms=200 budget_remaining_ms=4696
[0m
[LOG]:[36m[3B][Deadline] phase=greedy-filter task_index=0 behave=puton can_finish=true remaining_plan_ms=420 safety_ms=200 budget_remaining_ms=4696
[0m
[LOG]:[36m[3B][Deadline] phase=greedy-filter task_index=5 behave=goto can_finish=true remaining_plan_ms=220 safety_ms=200 budget_remaining_ms=4696
[0m
[LOG]:[36m[3B][Deadline] phase=greedy-filter task_index=4 behave=takeout can_finish=true remaining_plan_ms=420 safety_ms=200 budget_remaining_ms=4696
[0m
[LOG]:[36m[3B][Deadline] phase=greedy-filter task_index=1 behave=puton can_finish=true remaining_plan_ms=640 safety_ms=200 budget_remaining_ms=4696
[0m
[LOG]:[TradeoffDecision] phase=greedy-filter task=2 decision=defer reason=legacy_priority lower=64 upper=224

[LOG]:[Scheduler] filtered task=2 stable_id=4 marginal=29 reason=constraint_trade

[LOG]:[36m[3B][Deadline] phase=greedy-filter task_index=1 behave=puton can_finish=true remaining_plan_ms=640 safety_ms=200 budget_remaining_ms=4696
[0m
[LOG]:[36m[3B][Deadline] phase=greedy-filter task_index=0 behave=puton can_finish=true remaining_plan_ms=420 safety_ms=200 budget_remaining_ms=4696
[0m
[LOG]:[36m[3B][Deadline] phase=greedy-filter task_index=5 behave=goto can_finish=true remaining_plan_ms=220 safety_ms=200 budget_remaining_ms=4696
[0m
[LOG]:[36m[3B][Deadline] phase=greedy-filter task_index=4 behave=takeout can_finish=true remaining_plan_ms=420 safety_ms=200 budget_remaining_ms=4696
[0m
[LOG]:[36m[3B][Deadline] phase=greedy-filter task_index=2 behave=give can_finish=true remaining_plan_ms=520 safety_ms=200 budget_remaining_ms=4696
[0m
[LOG]:[TradeoffDecision] phase=greedy-filter task=1 decision=execute reason=legacy_priority lower=60 upper=220

[LOG]:[Scheduler] greedy task=0 marginal=71 remaining_ms=4696 group_attempt=true

[LOG]:[GuardedDecision] outcome=greedy reason=unverified_storage cumulative_ms=0

[LOG]:[36m[3B][Deadline] phase=greedy-execution task_index=0 behave=puton can_finish=true remaining_plan_ms=420 safety_ms=200 budget_remaining_ms=4696
[0m
[LOG]:[DecisionFeedback] {"schema":"decision_feedback.v1","event":"candidate_selected","candidate_id":7,"task_index":0,"tasks":[0],"task_label":"puton","generated_ms":304,"world_revision":3,"selection_reason":"greedy_highest_qualified_marginal_score","prediction":{"goal_gain":2,"goal_loss":0,"constraint_gain":0,"constraint_loss":0,"completed_goals":3,"maintained_constraints":0,"action_count":4,"action_cost":9,"final_reward":106,"utility":71},"expected_reward":106,"evidence":[{"object_id":0,"fact":"location","source":"action_success","verified":true},{"object_id":1,"fact":"location","source":"initial","verified":false},{"object_id":2,"fact":"location","source":"action_success","verified":true},{"object_id":2,"fact":"container_state","source":"action_success","verified":true},{"object_id":3,"fact":"location","source":"sense","verified":true},{"object_id":4,"fact":"location","source":"initial","verified":false},{"object_id":4,"fact":"container_state","source":"initial","verified":false},{"object_id":5,"fact":"location","source":"initial","verified":false},{"object_id":6,"fact":"location","source":"initial","verified":false},{"object_id":6,"fact":"inside","source":"initial","verified":false},{"object_id":7,"fact":"location","source":"action_success","verified":true},{"object_id":7,"fact":"inside","source":"initial","verified":false},{"object_id":8,"fact":"location","source":"sense","verified":true},{"object_id":8,"fact":"inside","source":"initial","verified":false},{"object_id":9,"fact":"location","source":"initial","verified":false},{"object_id":9,"fact":"inside","source":"initial","verified":false},{"object_id":0,"fact":"hold","source":"action_success","verified":true},{"object_id":0,"fact":"plate","source":"initial","verified":false}]}
[LOG]:[36m[3B][Remaining] event=begin task_index=0 behave=puton executed=0 total=4 remaining_utility=71 remaining_duration_ms=420
[0m
puton cup的风险系数是：0
[LOG]:Move(5)
[LOG]:[36m[3B][Remaining] event=action task_index=0 action=Move executed=1 total=4 remaining_utility=75 remaining_duration_ms=300 can_finish=true
[0m
[LOG]:[36m[3B][Remaining] event=action task_index=0 action=Sense executed=2 total=4 remaining_utility=76 remaining_duration_ms=200 can_finish=true
[0m
[LOG]:[32m[SenseCurrentLocationOnly] Location 5 marked as sensed
[0m
[LOG]:[SenseCurrentLocationOnly] Object 3 detected at location 5
[LOG]:[SenseCurrentLocationOnly] Object 7 detected at location 5
[LOG]:[SenseCurrentLocationOnly] Object 8 detected at location 5
[LOG]:PutDown(7,cup)
[LOG]:[36m[3B][Remaining] event=action task_index=0 action=PutDown executed=3 total=4 remaining_utility=38 remaining_duration_ms=100 can_finish=true
[0m
[LOG]:FromPlate(7,cup)
[LOG]:[36m[3B][Remaining] event=action task_index=0 action=FromPlate executed=4 total=4 remaining_utility=40 remaining_duration_ms=0 can_finish=true
[0m
[LOG]:[SlotFeedback] FromPlate(7)=false with confirmed empty hand: tray!=item

[LOG]:[DecisionFeedback] {"schema":"decision_feedback.v1","event":"candidate_result","candidate_id":7,"prediction":{"goal_gain":2,"goal_loss":0,"constraint_gain":0,"constraint_loss":0,"completed_goals":3,"maintained_constraints":0,"action_count":4,"action_cost":9,"final_reward":106,"utility":71},"actual":{"goal_gain":2,"goal_loss":0,"constraint_gain":0,"constraint_loss":0,"completed_goals":3,"maintained_constraints":0,"action_count":4,"action_cost":9,"final_reward":106,"utility":71},"succeeded":true,"failed_action":true,"failure_reasons":["FromPlate_returned_false"],"error":{"goal_gain":0,"goal_loss":0,"constraint_gain":0,"constraint_loss":0,"action_cost":0,"utility":0}}
[LOG]:[36m[3B][Remaining] event=end task_index=0 behave=puton succeeded=true executed=4 total=4 remaining_utility=0 remaining_duration_ms=0
[0m
[LOG]:[Scheduler] result task=0 stable_id=0 success=true revision=7 attempts=0

[LOG]:[DecisionFeedback] {"schema":"decision_feedback.v1","event":"candidate_considered","candidate_id":13,"phase":"greedy-round","task_index":2,"task_label":"give","legacy_choice":false,"eligible":true,"dry_run_succeeded":true,"prediction":{"goal_gain":1,"goal_loss":1,"constraint_gain":0,"constraint_loss":0,"completed_goals":3,"maintained_constraints":0,"action_count":4,"action_cost":9,"final_reward":97,"utility":-9}}
[LOG]:[36m[3B][Candidate] phase=greedy-round rank=1 task_index=2 behave=give legacy_choice=false eligible=true complete=true actions=4 duration_ms=420 action_cost=9 score_before=106 score_after=97 marginal_score=-9 utility=-9 gained_goals=[2] lost_goals=[5] broken_constraints=[] preserved_constraints=[]
[0m
[LOG]:[DecisionFeedback] {"schema":"decision_feedback.v1","event":"candidate_considered","candidate_id":12,"phase":"greedy-round","task_index":1,"task_label":"puton","legacy_choice":false,"eligible":true,"dry_run_succeeded":true,"prediction":{"goal_gain":1,"goal_loss":1,"constraint_gain":0,"constraint_loss":0,"completed_goals":3,"maintained_constraints":0,"action_count":5,"action_cost":13,"final_reward":93,"utility":-13}}
[LOG]:[36m[3B][Candidate] phase=greedy-round rank=2 task_index=1 behave=puton legacy_choice=false eligible=true complete=true actions=5 duration_ms=540 action_cost=13 score_before=106 score_after=93 marginal_score=-13 utility=-13 gained_goals=[1] lost_goals=[5] broken_constraints=[] preserved_constraints=[]
[0m
[LOG]:[DecisionFeedback] {"schema":"decision_feedback.v1","event":"candidate_considered","candidate_id":14,"phase":"greedy-round","task_index":4,"task_label":"takeout","legacy_choice":false,"eligible":false,"dry_run_succeeded":true,"prediction":{"goal_gain":1,"goal_loss":2,"constraint_gain":0,"constraint_loss":0,"completed_goals":2,"maintained_constraints":0,"action_count":3,"action_cost":8,"final_reward":58,"utility":-48}}
[LOG]:[36m[3B][Candidate] phase=greedy-round rank=3 task_index=4 behave=takeout legacy_choice=false eligible=false complete=true actions=3 duration_ms=320 action_cost=8 score_before=106 score_after=58 marginal_score=-48 utility=-48 gained_goals=[4] lost_goals=[0,5] broken_constraints=[] preserved_constraints=[]
[0m
[LOG]:[Scheduler] filtered task=2 stable_id=4 marginal=-9 reason=nonpositive_single

[LOG]:[Scheduler] filtered task=1 stable_id=3 marginal=-13 reason=nonpositive_single

[LOG]:[Scheduler] filtered task=4 stable_id=2 marginal=-48 reason=ineligible

[LOG]:[Scheduler] greedy task=18446744073709551615 marginal=0 remaining_ms=4224 group_attempt=true

[LOG]:[GuardedDecision] outcome=greedy reason=unverified_storage cumulative_ms=0

[LOG]:[Probe] {"schema":"probe.v2","event":"legacy_proposal","world_revision":7,"total_probes":0,"probe_cost_spent":0,"max_same_ask":3,"authorized_constraint_risk_count":0,"consecutive_no_progress":0,"policy":[8,2,32],"reason":"1","closed_reason":""}

[LOG]:[Probe] {"schema":"probe.v2","event":"blocked_task","world_revision":7,"total_probes":0,"probe_cost_spent":0,"max_same_ask":3,"authorized_constraint_risk_count":0,"consecutive_no_progress":0,"policy":[8,2,32],"reason":"task=1,stable_id=3,filter=nonpositive_single","closed_reason":""}

[LOG]:[Probe] {"schema":"probe.v2","event":"blocking_fact","world_revision":7,"total_probes":0,"probe_cost_spent":0,"max_same_ask":3,"authorized_constraint_risk_count":0,"consecutive_no_progress":0,"policy":[8,2,32],"reason":"task=1,stable_id=3,filter=nonpositive_single,fact=LOCATION:6,reason=unverified","closed_reason":""}

[LOG]:[Probe] {"schema":"probe.v2","event":"blocking_fact","world_revision":7,"total_probes":0,"probe_cost_spent":0,"max_same_ask":3,"authorized_constraint_risk_count":0,"consecutive_no_progress":0,"policy":[8,2,32],"reason":"task=1,stable_id=3,filter=nonpositive_single,fact=INSIDE:6,reason=unverified","closed_reason":""}

[LOG]:[Probe] {"schema":"probe.v2","event":"blocking_fact","world_revision":7,"total_probes":0,"probe_cost_spent":0,"max_same_ask":3,"authorized_constraint_risk_count":0,"consecutive_no_progress":0,"policy":[8,2,32],"reason":"task=1,stable_id=3,filter=nonpositive_single,fact=LOCATION:5,reason=unverified","closed_reason":""}

[LOG]:[Probe] {"schema":"probe.v2","event":"blocked_task","world_revision":7,"total_probes":0,"probe_cost_spent":0,"max_same_ask":3,"authorized_constraint_risk_count":0,"consecutive_no_progress":0,"policy":[8,2,32],"reason":"task=2,stable_id=4,filter=nonpositive_single","closed_reason":""}

[LOG]:[Probe] {"schema":"probe.v2","event":"blocking_fact","world_revision":7,"total_probes":0,"probe_cost_spent":0,"max_same_ask":3,"authorized_constraint_risk_count":0,"consecutive_no_progress":0,"policy":[8,2,32],"reason":"task=2,stable_id=4,filter=nonpositive_single,fact=LOCATION:9,reason=unverified","closed_reason":""}

[LOG]:[Probe] {"schema":"probe.v2","event":"blocking_fact","world_revision":7,"total_probes":0,"probe_cost_spent":0,"max_same_ask":3,"authorized_constraint_risk_count":0,"consecutive_no_progress":0,"policy":[8,2,32],"reason":"task=2,stable_id=4,filter=nonpositive_single,fact=INSIDE:9,reason=unverified","closed_reason":""}

[LOG]:[Probe] {"schema":"probe.v2","event":"blocking_fact","world_revision":7,"total_probes":0,"probe_cost_spent":0,"max_same_ask":3,"authorized_constraint_risk_count":0,"consecutive_no_progress":0,"policy":[8,2,32],"reason":"task=2,stable_id=4,filter=nonpositive_single,fact=LOCATION:1,reason=unverified","closed_reason":""}

[LOG]:[Probe] {"schema":"probe.v2","event":"blocked_task","world_revision":7,"total_probes":0,"probe_cost_spent":0,"max_same_ask":3,"authorized_constraint_risk_count":0,"consecutive_no_progress":0,"policy":[8,2,32],"reason":"task=4,stable_id=2,filter=risk_eligibility","closed_reason":""}

[LOG]:[Probe] {"schema":"probe.v2","event":"blocking_fact","world_revision":7,"total_probes":0,"probe_cost_spent":0,"max_same_ask":3,"authorized_constraint_risk_count":0,"consecutive_no_progress":0,"policy":[8,2,32],"reason":"task=4,stable_id=2,filter=risk_eligibility,fact=INSIDE:7,reason=conflict","closed_reason":""}

[LOG]:[Probe] {"schema":"probe.v2","event":"blocking_fact","world_revision":7,"total_probes":0,"probe_cost_spent":0,"max_same_ask":3,"authorized_constraint_risk_count":0,"consecutive_no_progress":0,"policy":[8,2,32],"reason":"task=4,stable_id=2,filter=risk_eligibility,fact=LOCATION:4,reason=unverified","closed_reason":""}

[LOG]:[Probe] {"schema":"probe.v2","event":"blocking_fact","world_revision":7,"total_probes":0,"probe_cost_spent":0,"max_same_ask":3,"authorized_constraint_risk_count":0,"consecutive_no_progress":0,"policy":[8,2,32],"reason":"task=4,stable_id=2,filter=risk_eligibility,fact=CONTAINER_STATE:4,reason=unverified","closed_reason":""}

[LOG]:[Probe] {"schema":"probe.v2","event":"unsupported_fact","world_revision":7,"total_probes":0,"probe_cost_spent":0,"max_same_ask":3,"authorized_constraint_risk_count":0,"consecutive_no_progress":0,"policy":[8,2,32],"reason":"inside_container_ambiguity:7","closed_reason":""}

[LOG]:[Probe] {"schema":"probe.v2","event":"unsupported_fact","world_revision":7,"total_probes":0,"probe_cost_spent":0,"max_same_ask":3,"authorized_constraint_risk_count":0,"consecutive_no_progress":0,"policy":[8,2,32],"reason":"inside_container_ambiguity:7","closed_reason":""}

[LOG]:[Probe] {"schema":"probe.v2","event":"unsupported_fact","world_revision":7,"total_probes":0,"probe_cost_spent":0,"max_same_ask":3,"authorized_constraint_risk_count":0,"consecutive_no_progress":0,"policy":[8,2,32],"reason":"CONTAINER_STATE:4","closed_reason":""}

[LOG]:[Probe] {"schema":"probe.v2","event":"candidate","world_revision":7,"total_probes":0,"probe_cost_spent":0,"max_same_ask":3,"authorized_constraint_risk_count":0,"consecutive_no_progress":0,"policy":[8,2,32],"reason":"nonpositive_expected_gain","closed_reason":"","signature":"sense_at:3","kind":"MoveSense","target_location":3,"eligible":false,"information_estimate":0.7,"expected_gain":-1.6,"probability_upper":1,"residual_mass":0.507812,"terminal_goal_loss":40,"answer_branches_evaluated":false,"answer_cache_hit":false,"answer_direct_value":0,"answer_after_value":0,"answer_net_value":0,"answer_branch_count":0,"continuation_cost":18,"constraint_risk_count":0,"cost":5,"duration_ms":220,"fact_count":5,"potential_goal_value":80,"stable_id":3,"constraint_result":"constraint_safe","facts":[{"field":"LOCATION","id":6,"task":1,"stable_task_id":3,"reason":"unverified","location_hints":[{"location":3,"source":"object_location:claim_source=1"}]},{"field":"INSIDE","id":6,"task":1,"stable_task_id":3,"reason":"unverified","location_hints":[{"location":3,"source":"object_location:claim_source=1"}]},{"field":"LOCATION","id":9,"task":2,"stable_task_id":4,"reason":"unverified","location_hints":[{"location":3,"source":"object_location:claim_source=1"}]},{"field":"INSIDE","id":9,"task":2,"stable_task_id":4,"reason":"unverified","location_hints":[{"location":3,"source":"object_location:claim_source=1"}]},{"field":"LOCATION","id":1,"task":2,"stable_task_id":4,"reason":"unverified","location_hints":[{"location":3,"source":"object_location:claim_source=1"}]}],"answer_branches":[],"verification_routes":[]}

[LOG]:[Probe] {"schema":"probe.v2","event":"candidate","world_revision":7,"total_probes":0,"probe_cost_spent":0,"max_same_ask":3,"authorized_constraint_risk_count":0,"consecutive_no_progress":0,"policy":[8,2,32],"reason":"","closed_reason":"","signature":"sense_at:5","kind":"SenseCurrentLocationOnly","target_location":5,"eligible":true,"information_estimate":1,"expected_gain":31,"probability_upper":1,"residual_mass":0,"terminal_goal_loss":0,"answer_branches_evaluated":false,"answer_cache_hit":false,"answer_direct_value":0,"answer_after_value":0,"answer_net_value":0,"answer_branch_count":0,"continuation_cost":8,"constraint_risk_count":0,"cost":1,"duration_ms":100,"fact_count":1,"potential_goal_value":40,"stable_id":2,"constraint_result":"constraint_safe","facts":[{"field":"INSIDE","id":7,"task":4,"stable_task_id":2,"reason":"conflict","location_hints":[{"location":1,"source":"inside_container:canonical"},{"location":4,"source":"inside_container:claim_source=1"},{"location":5,"source":"object_location:canonical"}]}],"answer_branches":[],"verification_routes":[]}

[LOG]:[Probe] {"schema":"probe.v2","event":"candidate","world_revision":7,"total_probes":0,"probe_cost_spent":0,"max_same_ask":3,"authorized_constraint_risk_count":0,"consecutive_no_progress":0,"policy":[8,2,32],"reason":"nonpositive_expected_gain","closed_reason":"","signature":"sense_at:4","kind":"MoveSense","target_location":4,"eligible":false,"information_estimate":0.7,"expected_gain":-22.6,"probability_upper":0.8,"residual_mass":0.1,"terminal_goal_loss":40,"answer_branches_evaluated":false,"answer_cache_hit":false,"answer_direct_value":0,"answer_after_value":0,"answer_net_value":0,"answer_branch_count":0,"continuation_cost":8,"constraint_risk_count":0,"cost":5,"duration_ms":220,"fact_count":1,"potential_goal_value":40,"stable_id":2,"constraint_result":"constraint_safe","facts":[{"field":"LOCATION","id":4,"task":4,"stable_task_id":2,"reason":"unverified","location_hints":[{"location":4,"source":"object_location:claim_source=1"}]}],"answer_branches":[],"verification_routes":[]}

[LOG]:[Probe] {"schema":"probe.v2","event":"candidate","world_revision":7,"total_probes":0,"probe_cost_spent":0,"max_same_ask":3,"authorized_constraint_risk_count":0,"consecutive_no_progress":0,"policy":[8,2,32],"reason":"nonpositive_expected_gain","closed_reason":"","signature":"sense_at:2","kind":"MoveSense","target_location":2,"eligible":false,"information_estimate":0.7,"expected_gain":-26.1,"probability_upper":0.8,"residual_mass":0.1,"terminal_goal_loss":40,"answer_branches_evaluated":false,"answer_cache_hit":false,"answer_direct_value":0,"answer_after_value":0,"answer_net_value":0,"answer_branch_count":0,"continuation_cost":13,"constraint_risk_count":0,"cost":5,"duration_ms":220,"fact_count":1,"potential_goal_value":40,"stable_id":3,"constraint_result":"constraint_safe","facts":[{"field":"LOCATION","id":5,"task":1,"stable_task_id":3,"reason":"unverified","location_hints":[{"location":2,"source":"object_location:claim_source=1"}]}],"answer_branches":[],"verification_routes":[]}

[LOG]:[Probe] {"schema":"probe.v2","event":"execute","world_revision":7,"total_probes":1,"probe_cost_spent":0,"max_same_ask":3,"authorized_constraint_risk_count":0,"consecutive_no_progress":0,"policy":[8,2,32],"reason":"","closed_reason":"","signature":"sense_at:5","kind":"SenseCurrentLocationOnly","target_location":5,"eligible":true,"information_estimate":1,"expected_gain":31,"probability_upper":1,"residual_mass":0,"terminal_goal_loss":0,"answer_branches_evaluated":false,"answer_cache_hit":false,"answer_direct_value":0,"answer_after_value":0,"answer_net_value":0,"answer_branch_count":0,"continuation_cost":8,"constraint_risk_count":0,"cost":1,"duration_ms":100,"fact_count":1,"potential_goal_value":40,"stable_id":2,"constraint_result":"constraint_safe","facts":[{"field":"INSIDE","id":7,"task":4,"stable_task_id":2,"reason":"conflict","location_hints":[{"location":1,"source":"inside_container:canonical"},{"location":4,"source":"inside_container:claim_source=1"},{"location":5,"source":"object_location:canonical"}]}],"answer_branches":[],"verification_routes":[],"revision_before":7,"revision_after":0,"ask_reply":"","related_context_before":"1:7:-1:-1:1:0:1,4,1:1,2,1:1;edges:0:3:2,0,1,7:4,1,0,1;","related_context_after":"","issued_actions":0,"received_feedback":false,"sense_attempted":false,"move_failed":false,"related_new_evidence":false,"effective":false,"sense_evidence_changes":0,"action_success_evidence_changes":0,"action_failure_evidence_changes":0,"failure":"","restored_tasks":[],"completed_tasks":[]}

#(Plug): Elapsed time=5s
[LOG]:[32m[SenseCurrentLocationOnly] Location 5 marked as sensed
[0m
[LOG]:[SenseCurrentLocationOnly] Object 8 detected at location 5
[LOG]:[SenseCurrentLocationOnly] Object 7 detected at location 5
[LOG]:[SenseCurrentLocationOnly] Object 3 detected at location 5
[LOG]:[Probe] {"schema":"probe.v2","event":"feedback","world_revision":8,"total_probes":1,"probe_cost_spent":1,"max_same_ask":3,"authorized_constraint_risk_count":0,"consecutive_no_progress":0,"policy":[8,2,32],"reason":"","closed_reason":"","signature":"sense_at:5","kind":"SenseCurrentLocationOnly","target_location":5,"eligible":true,"information_estimate":1,"expected_gain":31,"probability_upper":1,"residual_mass":0,"terminal_goal_loss":0,"answer_branches_evaluated":false,"answer_cache_hit":false,"answer_direct_value":0,"answer_after_value":0,"answer_net_value":0,"answer_branch_count":0,"continuation_cost":8,"constraint_risk_count":0,"cost":1,"duration_ms":100,"fact_count":1,"potential_goal_value":40,"stable_id":2,"constraint_result":"constraint_safe","facts":[{"field":"INSIDE","id":7,"task":4,"stable_task_id":2,"reason":"conflict","location_hints":[{"location":1,"source":"inside_container:canonical"},{"location":4,"source":"inside_container:claim_source=1"},{"location":5,"source":"object_location:canonical"}]}],"answer_branches":[],"verification_routes":[],"revision_before":7,"revision_after":8,"ask_reply":"","related_context_before":"1:7:-1:-1:1:0:1,4,1:1,2,1:1;edges:0:3:2,0,1,7:4,1,0,1;","related_context_after":"1:7:-1:-1:1:0:1,4,1:1,2,1:1;edges:0:3:2,0,1,7:4,1,0,1;","issued_actions":1,"received_feedback":true,"sense_attempted":true,"move_failed":false,"related_new_evidence":false,"effective":false,"sense_evidence_changes":1,"action_success_evidence_changes":1,"action_failure_evidence_changes":0,"failure":"","restored_tasks":[],"completed_tasks":[]}

[LOG]:[Scheduler] stop reason=sdk_shutdown


Sovled Task Num:2    Expect Num:6
[LOG]:[36m[3A][final] goals=3/6 (unknown=3), constraints=0/0 (unknown=0), base_score=105, action_cost=15, elapsed=1300ms, remaining=3700ms
[0m
[LOG]:[36m[3A][final] completed_goals=[0:puton,3:takeout,5:goto], satisfied_constraints=[]
[0m
#(RDFW): Fini - Comprehensive state cleanup for next test
#(RDFW): Optimizing memory usage...
#(RDFW): Memory optimization completed
#(RDFW): Comprehensive state cleanup completed - ready for next test
