[LOG]:-stage
[LOG]:-nlp
[LOG]:-err
[LOG]:-ask_2
[LOG]:-path
[LOG]:nlp 0, err 0
#(RDFW): Initializing dynamic arrays with size 100
#(RDFW): Dynamic arrays initialization completed
#(Plug): Timeout=5000
#(RDFW): Starting new test - verifying clean state
#(RDFW): Pre-test state verification completed
[32mcase.xml
[0m--------------------------------------------
Ready to Parse Env Infos.

ParseEnv finished
--------------------------------------------
Ready to Parse Tasks and Cons.
Pos  0:(T):
Pos  1:(T):[33m(1 worktable)[0m(12 bottle)
Pos  2:(T):[33m(2 closet inside:[8,13] Closed)[0m(8 can)(13 bottle)
Pos  3:(T):[33m(3 microwave inside:[10] Open)[0m(10 can)
Pos  4:(T):[33m(4 plant)[0m(9 can)
Pos  5:(T):[32m(robot hold:0 plate:15)[0m[33m(5 sofa)[0m(14 book)(15 book)
Pos  6:(T):[33m(6 human)[0m
Pos  7:(T):[33m(7 teapoy)[0m(11 can)
UnknownPos:

Task:
Behave:[35mgive[0m
ConditionX:[35m(Sort:can,Color:)[0m
ConditionY:[35m(Sort:,Color:)[0m
Behave:[35mputon[0m
ConditionX:[35m(Sort:can,Color:)[0m
ConditionY:[35m(Sort:worktable,Color:)[0m
Behave:[35mgoto[0m
ConditionX:[35m(Sort:teapoy,Color:)[0m
ConditionY:[35m(Sort:,Color:)[0m
Behave:[35mpickup[0m
ConditionX:[35m(Sort:can,Color:green)[0m
ConditionY:[35m(Sort:teapoy,Color:)[0m
Behave:[35mpickup[0m
ConditionX:[35m(Sort:can,Color:white)[0m
ConditionY:[35m(Sort:teapoy,Color:)[0m

Info:

Not_Info:
Behave:[35mplate[0m
ConditionX:[35m(Sort:can,Color:red)[0m
ConditionY:[35m(Sort:,Color:)[0m
Behave:[35mplate[0m
ConditionX:[35m(Sort:can,Color:black)[0m
ConditionY:[35m(Sort:,Color:)[0m
Behave:[35mplate[0m
ConditionX:[35m(Sort:can,Color:white)[0m
ConditionY:[35m(Sort:,Color:)[0m

Not_Task:

NotNot_Info:
Parse Tasks, Cons and Infos finished.
--------------------------------------------
Ready to Cons  plan
[FilterConstraintsByTaskConflicts] Discarded goto_cons at location 0 due to 0 conflicts.
cons_plan finished
--------------------------------------------
taskoptimization finished
--------------------------------------------
5
give can的风险系数是：0
[LOG]:Move(2)
[LOG]:Open(2,closet)
[LOG]:TakeOut(8,can)(2,closet)
[LOG]:Move(6)
[LOG]:PutDown(8,can)
[LOG]:[32mTask done
 Behave:[35mgive[0m
ConditionX:[35m(Sort:can,Color:)[0m
ConditionY:[35m(Sort:,Color:)[0m
[0m
puton 的风险系数是：2
[LOG]:[32mtoo many cons
 Behave:[35mputon[0m
ConditionX:[35m(Sort:can,Color:)[0m
ConditionY:[35m(Sort:worktable,Color:)[0m
[0m
pickup can的风险系数是：0
[LOG]:Move(4)
[LOG]:PickUp(9,can)
[LOG]:[32mTask done
 Behave:[35mpickup[0m
ConditionX:[35m(Sort:can,Color:green)[0m
ConditionY:[35m(Sort:teapoy,Color:)[0m
[0m
pickup 的风险系数是：2
[LOG]:[32mtoo many cons
 Behave:[35mpickup[0m
ConditionX:[35m(Sort:can,Color:white)[0m
ConditionY:[35m(Sort:teapoy,Color:)[0m
[0m
[DBG] goto risk@loc=7 bool=0
goto teapoy的风险系数是：0
[LOG]:Move(7)
[LOG]:[32mTask done
 Behave:[35mgoto[0m
ConditionX:[35m(Sort:teapoy,Color:)[0m
ConditionY:[35m(Sort:,Color:)[0m
[0m
-----check check check-----
Pos  0:(T):
Pos  1:(T):[33m(1 worktable)[0m(12 bottle)
Pos  2:(T):[33m(2 closet inside:[13] Open)[0m(13 bottle)
Pos  3:(T):[33m(3 microwave inside:[10] Open)[0m(10 can)
Pos  4:(T):[33m(4 plant)[0m
Pos  5:(T):[33m(5 sofa)[0m(14 book)
Pos  6:(T):[33m(6 human)[0m(8 can)
Pos  7:(T):[32m(robot hold:9 plate:15)[0m[33m(7 teapoy)[0m(9 can)(11 can)(15 book)
UnknownPos:

[LOG]:[32m[MultiGoto] Executing multi-goto aggregation - skipping Sense operations
[0m
[LOG]:[32m[MultiGoto] small_cand_id_disable: 
[LOG]:[32m
[0m
[LOG]:[32m[MultiGoto] small_cand_ids: 
[LOG]:[32m
[0m
[LOG]:[32m[MultiGoto] big_cand_ids: 
[LOG]:[32m
[0m
[LOG]:[32m[MultiGoto] small_cand_ids.size()=0, big_cand_ids.size()=0
[0m
[LOG]:[32m[MultiGoto] small_lowrisk_ids.size()=0
[0m
[LOG]:[33m[MultiGoto] Skipping aggregation: small_lowrisk_ids.size()=0, big_cand_ids.size()=0
[0m
[LOG]:[32m[MultiGoto] ExecuteMultiGotoAggregation finished
[0m

Sovled Task Num:3    Expect Num:5
#(Plug): Elapsed time=1.032s
#(RDFW): Fini - Comprehensive state cleanup for next test
#(RDFW): Optimizing memory usage...
#(RDFW): Memory optimization completed
#(RDFW): Comprehensive state cleanup completed - ready for next test
