=========================================
= Simulation @Home Competition Platform =
=========================================
= Ready to accept a new team
# Registration from 'RDFW'
> Configurations:
	Mode: IT
	Timeout: 5000
	TestDir: /mnt/d/FILES for Yvaine/WUT/Match/robocup/2026NGZR/scr1.2/artifacts/baseline-scr1.2/legacy-25-s2-it-r2/runtime/tests/
	TestSize: 1
	Single test: 1
# Testing <case.xml>
# Result:
	[Move 2|true]
	[Open 2|true]
	[TakeOut 8 2|true]
	[Move 6|true]
	[Sense | 6 8 15]
	[PutDown 8|true]
	[Move 4|true]
	[PickUp 9|true]
	[Move 7|true]
	[Sense | 7 11 9 15]
# Time: 1.181s
# Score: 190
