[RDFW_TEST_SEED] 2026100403
=========================================
= Simulation @Home Competition Platform =
=========================================
= Ready to accept a new team
# Registration from 'RDFW'
> Configurations:
	Mode: IT
	Timeout: 5000
	TestDir: /tmp/robocup-review177-100-20261004/runs/new-A01-02-s1-it-r1-167_200/runtime/tests/
	TestSize: 1
	Single test: 1
# Testing <case.xml>
# Result:
	[Move 7|true]
	[Open 4|true]
	[TakeOut 11 4|true]
	[Move 1|true]
	[PutDown 11|true]
	[Move 4|true]
	[PickUp 12|true]
	[Move 3|true]
	[PutDown 12|true]
	[Open 5|true]
	[PickUp 12|true]
	[PutIn 12 5|true]
	[TakeOut 14 5|true]
	[Move 5|true]
	[PutDown 14|true]
	[Move 3|true]
	[Close 5|true]
	[Move 8|true]
	[PickUp 13|true]
	[Move 5|true]
# Time: 2.308s
# Score: 876
