[RDFW_TEST_SEED] 2026100403
=========================================
= Simulation @Home Competition Platform =
=========================================
= Ready to accept a new team
# Registration from 'RDFW'
> Configurations:
	Mode: IT
	Timeout: 5000
	TestDir: /tmp/robocup-review177-100-20261004/runs/seen-j04b-it-r1-167_200/runtime/tests/
	TestSize: 1
	Single test: 1
# Testing <case.xml>
# Result:
	[Sense | 8 2 7]
	[PickUp 7|true]
	[Move 5|true]
	[Sense | 3 7 8]
	[PutDown 7|true]
# Time: 0.559s
# Score: 198
