In file included from /mnt/d/FILES for Yvaine/WUT/Match/robocup/2026NGZR/scr1.2/main.cpp:6:0:
/mnt/d/FILES for Yvaine/WUT/Match/robocup/2026NGZR/scr1.2/rdfw.hpp:615:0: warning: ignoring #pragma endregion  [-Wunknown-pragmas]
 #pragma endregion
 
In file included from /mnt/d/FILES for Yvaine/WUT/Match/robocup/2026NGZR/scr1.2/main.cpp:6:0:
/mnt/d/FILES for Yvaine/WUT/Match/robocup/2026NGZR/scr1.2/rdfw.hpp: In constructor ‘_home::Object::Object(int, const string&, int)’:
/mnt/d/FILES for Yvaine/WUT/Match/robocup/2026NGZR/scr1.2/rdfw.hpp:74:23: warning: ‘_home::Object::sort’ will be initialized after [-Wreorder]
         string sort = "";
                       ^~
/mnt/d/FILES for Yvaine/WUT/Match/robocup/2026NGZR/scr1.2/rdfw.hpp:69:13: warning:   ‘int _home::Object::location’ [-Wreorder]
         int location;
             ^~~~~~~~
/mnt/d/FILES for Yvaine/WUT/Match/robocup/2026NGZR/scr1.2/rdfw.hpp:75:9: warning:   when initialized here [-Wreorder]
         Object(int id, const string &sort = "", int location = UNKNOWN) 
         ^~~~~~
In file included from /mnt/d/FILES for Yvaine/WUT/Match/robocup/2026NGZR/scr1.2/main.cpp:6:0:
/mnt/d/FILES for Yvaine/WUT/Match/robocup/2026NGZR/scr1.2/rdfw.hpp: In member function ‘void _home::Container::DeleteObjectInside(std::shared_ptr<_home::SmallObject>)’:
/mnt/d/FILES for Yvaine/WUT/Match/robocup/2026NGZR/scr1.2/rdfw.hpp:176:31: warning: comparison between signed and unsigned integer expressions [-Wsign-compare]
             for (int i = 0; i < smallObjectsInside.size(); i++)
                             ~~^~~~~~~~~~~~~~~~~~~~~~~~~~~
/mnt/d/FILES for Yvaine/WUT/Match/robocup/2026NGZR/scr1.2/rdfw.hpp: In member function ‘virtual std::__cxx11::string _home::Container::ToString()’:
/mnt/d/FILES for Yvaine/WUT/Match/robocup/2026NGZR/scr1.2/rdfw.hpp:187:31: warning: comparison between signed and unsigned integer expressions [-Wsign-compare]
             for (int i = 0; i < smallObjectsInside.size(); i++)
                             ~~^~~~~~~~~~~~~~~~~~~~~~~~~~~
/mnt/d/FILES for Yvaine/WUT/Match/robocup/2026NGZR/scr1.2/rdfw.hpp: In member function ‘void _home::RDFW::SetSolvedTaskNum(int)’:
/mnt/d/FILES for Yvaine/WUT/Match/robocup/2026NGZR/scr1.2/rdfw.hpp:633:16: warning: suggest explicit braces to avoid ambiguous ‘else’ [-Wdangling-else]
             if (isAutoConstrain)
                ^
In file included from /mnt/d/FILES for Yvaine/WUT/Match/robocup/2026NGZR/scr1.2/rdfw.cpp:13:0:
/mnt/d/FILES for Yvaine/WUT/Match/robocup/2026NGZR/scr1.2/rdfw.hpp:615:0: warning: ignoring #pragma endregion  [-Wunknown-pragmas]
 #pragma endregion
 
In file included from /mnt/d/FILES for Yvaine/WUT/Match/robocup/2026NGZR/scr1.2/rdfw.cpp:13:0:
/mnt/d/FILES for Yvaine/WUT/Match/robocup/2026NGZR/scr1.2/rdfw.hpp: In constructor ‘_home::Object::Object(int, const string&, int)’:
/mnt/d/FILES for Yvaine/WUT/Match/robocup/2026NGZR/scr1.2/rdfw.hpp:74:23: warning: ‘_home::Object::sort’ will be initialized after [-Wreorder]
         string sort = "";
                       ^~
/mnt/d/FILES for Yvaine/WUT/Match/robocup/2026NGZR/scr1.2/rdfw.hpp:69:13: warning:   ‘int _home::Object::location’ [-Wreorder]
         int location;
             ^~~~~~~~
/mnt/d/FILES for Yvaine/WUT/Match/robocup/2026NGZR/scr1.2/rdfw.hpp:75:9: warning:   when initialized here [-Wreorder]
         Object(int id, const string &sort = "", int location = UNKNOWN) 
         ^~~~~~
In file included from /mnt/d/FILES for Yvaine/WUT/Match/robocup/2026NGZR/scr1.2/rdfw.cpp:13:0:
/mnt/d/FILES for Yvaine/WUT/Match/robocup/2026NGZR/scr1.2/rdfw.hpp: In member function ‘void _home::Container::DeleteObjectInside(std::shared_ptr<_home::SmallObject>)’:
/mnt/d/FILES for Yvaine/WUT/Match/robocup/2026NGZR/scr1.2/rdfw.hpp:176:31: warning: comparison between signed and unsigned integer expressions [-Wsign-compare]
             for (int i = 0; i < smallObjectsInside.size(); i++)
                             ~~^~~~~~~~~~~~~~~~~~~~~~~~~~~
/mnt/d/FILES for Yvaine/WUT/Match/robocup/2026NGZR/scr1.2/rdfw.hpp: In member function ‘virtual std::__cxx11::string _home::Container::ToString()’:
/mnt/d/FILES for Yvaine/WUT/Match/robocup/2026NGZR/scr1.2/rdfw.hpp:187:31: warning: comparison between signed and unsigned integer expressions [-Wsign-compare]
             for (int i = 0; i < smallObjectsInside.size(); i++)
                             ~~^~~~~~~~~~~~~~~~~~~~~~~~~~~
/mnt/d/FILES for Yvaine/WUT/Match/robocup/2026NGZR/scr1.2/rdfw.hpp: In member function ‘void _home::RDFW::SetSolvedTaskNum(int)’:
/mnt/d/FILES for Yvaine/WUT/Match/robocup/2026NGZR/scr1.2/rdfw.hpp:633:16: warning: suggest explicit braces to avoid ambiguous ‘else’ [-Wdangling-else]
             if (isAutoConstrain)
                ^
/mnt/d/FILES for Yvaine/WUT/Match/robocup/2026NGZR/scr1.2/rdfw.cpp: In member function ‘void _home::RDFW::PlanWithinBudget()’:
/mnt/d/FILES for Yvaine/WUT/Match/robocup/2026NGZR/scr1.2/rdfw.cpp:477:20: warning: unused variable ‘performErrorCorrection’ [-Wunused-variable]
         const bool performErrorCorrection = isErrorCorrection;//是否开启纠错模式
                    ^~~~~~~~~~~~~~~~~~~~~~
/mnt/d/FILES for Yvaine/WUT/Match/robocup/2026NGZR/scr1.2/rdfw.cpp: In member function ‘void _home::RDFW::ExecuteMainTaskLoop(bool)’:
/mnt/d/FILES for Yvaine/WUT/Match/robocup/2026NGZR/scr1.2/rdfw.cpp:559:37: warning: comparison between signed and unsigned integer expressions [-Wsign-compare]
     for (task_index = 0; task_index < tasksSize; ++task_index)
                          ~~~~~~~~~~~^~~~~~~~~~~
/mnt/d/FILES for Yvaine/WUT/Match/robocup/2026NGZR/scr1.2/rdfw.cpp: In member function ‘void _home::RDFW::ExecuteCheckPhase(bool)’:
/mnt/d/FILES for Yvaine/WUT/Match/robocup/2026NGZR/scr1.2/rdfw.cpp:611:36: warning: comparison between signed and unsigned integer expressions [-Wsign-compare]
     for(task_index = 0; task_index < tasks.size(); ++task_index){
                         ~~~~~~~~~~~^~~~~~~~~~~~~~
/mnt/d/FILES for Yvaine/WUT/Match/robocup/2026NGZR/scr1.2/rdfw.cpp: In member function ‘std::vector<_home::Instruction> _home::RDFW::TaskOptimization()’:
/mnt/d/FILES for Yvaine/WUT/Match/robocup/2026NGZR/scr1.2/rdfw.cpp:925:18: warning: comparison between signed and unsigned integer expressions [-Wsign-compare]
     for(int i=0;i<tasks.size();i++){
                 ~^~~~~~~~~~~~~
/mnt/d/FILES for Yvaine/WUT/Match/robocup/2026NGZR/scr1.2/rdfw.cpp:924:10: warning: unused variable ‘hasGoto’ [-Wunused-variable]
     bool hasGoto = false;
          ^~~~~~~
/mnt/d/FILES for Yvaine/WUT/Match/robocup/2026NGZR/scr1.2/rdfw.cpp: In member function ‘bool _home::RDFW::DoBehavious(const string&, unsigned int)’:
/mnt/d/FILES for Yvaine/WUT/Match/robocup/2026NGZR/scr1.2/rdfw.cpp:1210:34: error: no matching function for call to ‘_home::RDFW::SolveTask_PickUp(unsigned int&)’
         return SolveTask_PickUp(x);
                                  ^
In file included from /mnt/d/FILES for Yvaine/WUT/Match/robocup/2026NGZR/scr1.2/rdfw.cpp:13:0:
/mnt/d/FILES for Yvaine/WUT/Match/robocup/2026NGZR/scr1.2/rdfw.hpp:518:14: note: candidate: bool _home::RDFW::SolveTask_PickUp(_home::ObjectId)
         bool SolveTask_PickUp(ObjectId a);
              ^~~~~~~~~~~~~~~~
/mnt/d/FILES for Yvaine/WUT/Match/robocup/2026NGZR/scr1.2/rdfw.hpp:518:14: note:   no known conversion for argument 1 from ‘unsigned int’ to ‘_home::ObjectId {aka _home::Index<_home::ObjectTag>}’
/mnt/d/FILES for Yvaine/WUT/Match/robocup/2026NGZR/scr1.2/rdfw.cpp:1213:33: error: no matching function for call to ‘_home::RDFW::SolveTask_Close(unsigned int&)’
         return SolveTask_Close(x);
                                 ^
In file included from /mnt/d/FILES for Yvaine/WUT/Match/robocup/2026NGZR/scr1.2/rdfw.cpp:13:0:
/mnt/d/FILES for Yvaine/WUT/Match/robocup/2026NGZR/scr1.2/rdfw.hpp:522:14: note: candidate: bool _home::RDFW::SolveTask_Close(_home::ObjectId)
         bool SolveTask_Close(ObjectId a);
              ^~~~~~~~~~~~~~~
/mnt/d/FILES for Yvaine/WUT/Match/robocup/2026NGZR/scr1.2/rdfw.hpp:522:14: note:   no known conversion for argument 1 from ‘unsigned int’ to ‘_home::ObjectId {aka _home::Index<_home::ObjectTag>}’
/mnt/d/FILES for Yvaine/WUT/Match/robocup/2026NGZR/scr1.2/rdfw.cpp:1218:32: error: no matching function for call to ‘_home::RDFW::SolveTask_Open(unsigned int&)’
         return SolveTask_Open(x);
                                ^
In file included from /mnt/d/FILES for Yvaine/WUT/Match/robocup/2026NGZR/scr1.2/rdfw.cpp:13:0:
/mnt/d/FILES for Yvaine/WUT/Match/robocup/2026NGZR/scr1.2/rdfw.hpp:521:14: note: candidate: bool _home::RDFW::SolveTask_Open(_home::ObjectId)
         bool SolveTask_Open(ObjectId a);
              ^~~~~~~~~~~~~~
/mnt/d/FILES for Yvaine/WUT/Match/robocup/2026NGZR/scr1.2/rdfw.hpp:521:14: note:   no known conversion for argument 1 from ‘unsigned int’ to ‘_home::ObjectId {aka _home::Index<_home::ObjectTag>}’
/mnt/d/FILES for Yvaine/WUT/Match/robocup/2026NGZR/scr1.2/rdfw.cpp:1221:35: error: no matching function for call to ‘_home::RDFW::SolveTask_PutDown(unsigned int&)’
         return SolveTask_PutDown(x);
                                   ^
In file included from /mnt/d/FILES for Yvaine/WUT/Match/robocup/2026NGZR/scr1.2/rdfw.cpp:13:0:
/mnt/d/FILES for Yvaine/WUT/Match/robocup/2026NGZR/scr1.2/rdfw.hpp:519:14: note: candidate: bool _home::RDFW::SolveTask_PutDown(_home::ObjectId)
         bool SolveTask_PutDown(ObjectId a);
              ^~~~~~~~~~~~~~~~~
/mnt/d/FILES for Yvaine/WUT/Match/robocup/2026NGZR/scr1.2/rdfw.hpp:519:14: note:   no known conversion for argument 1 from ‘unsigned int’ to ‘_home::ObjectId {aka _home::Index<_home::ObjectTag>}’
/mnt/d/FILES for Yvaine/WUT/Match/robocup/2026NGZR/scr1.2/rdfw.cpp: In member function ‘bool _home::RDFW::DoBehavious(const string&, unsigned int, unsigned int)’:
/mnt/d/FILES for Yvaine/WUT/Match/robocup/2026NGZR/scr1.2/rdfw.cpp:1241:36: error: no matching function for call to ‘_home::RDFW::SolveTask_TakeOut(unsigned int&, unsigned int&)’
        return SolveTask_TakeOut(a,b);
                                    ^
In file included from /mnt/d/FILES for Yvaine/WUT/Match/robocup/2026NGZR/scr1.2/rdfw.cpp:13:0:
/mnt/d/FILES for Yvaine/WUT/Match/robocup/2026NGZR/scr1.2/rdfw.hpp:525:14: note: candidate: bool _home::RDFW::SolveTask_TakeOut(_home::ObjectId, _home::ObjectId)
         bool SolveTask_TakeOut(ObjectId a, ObjectId b);
              ^~~~~~~~~~~~~~~~~
/mnt/d/FILES for Yvaine/WUT/Match/robocup/2026NGZR/scr1.2/rdfw.hpp:525:14: note:   no known conversion for argument 1 from ‘unsigned int’ to ‘_home::ObjectId {aka _home::Index<_home::ObjectTag>}’
/mnt/d/FILES for Yvaine/WUT/Match/robocup/2026NGZR/scr1.2/rdfw.cpp: In member function ‘bool _home::RDFW::HoldSmallObject(unsigned int)’:
/mnt/d/FILES for Yvaine/WUT/Match/robocup/2026NGZR/scr1.2/rdfw.cpp:1263:20: warning: comparison between signed and unsigned integer expressions [-Wsign-compare]
       if (plate_id == a)
           ~~~~~~~~~^~~~
/mnt/d/FILES for Yvaine/WUT/Match/robocup/2026NGZR/scr1.2/rdfw.cpp:1268:23: warning: comparison between signed and unsigned integer expressions [-Wsign-compare]
        else if(hold_id==a) return true;
                ~~~~~~~^~~
/mnt/d/FILES for Yvaine/WUT/Match/robocup/2026NGZR/scr1.2/rdfw.cpp:1291:17: warning: comparison between signed and unsigned integer expressions [-Wsign-compare]
     if (hold_id != a)
         ~~~~~~~~^~~~
/mnt/d/FILES for Yvaine/WUT/Match/robocup/2026NGZR/scr1.2/rdfw.cpp:1294:22: warning: comparison between signed and unsigned integer expressions [-Wsign-compare]
         if (plate_id == a)
             ~~~~~~~~~^~~~
/mnt/d/FILES for Yvaine/WUT/Match/robocup/2026NGZR/scr1.2/rdfw.cpp: At global scope:
/mnt/d/FILES for Yvaine/WUT/Match/robocup/2026NGZR/scr1.2/rdfw.cpp:1465:6: error: prototype for ‘bool _home::RDFW::SolveTask_PickUp(unsigned int)’ does not match any in class ‘_home::RDFW’
 bool RDFW::SolveTask_PickUp(unsigned int a)
      ^~~~
In file included from /mnt/d/FILES for Yvaine/WUT/Match/robocup/2026NGZR/scr1.2/rdfw.cpp:13:0:
/mnt/d/FILES for Yvaine/WUT/Match/robocup/2026NGZR/scr1.2/rdfw.hpp:518:14: error: candidate is: bool _home::RDFW::SolveTask_PickUp(_home::ObjectId)
         bool SolveTask_PickUp(ObjectId a);
              ^~~~~~~~~~~~~~~~
/mnt/d/FILES for Yvaine/WUT/Match/robocup/2026NGZR/scr1.2/rdfw.cpp:1478:6: error: prototype for ‘bool _home::RDFW::SolveTask_PutDown(unsigned int)’ does not match any in class ‘_home::RDFW’
 bool RDFW::SolveTask_PutDown(unsigned int a)
      ^~~~
In file included from /mnt/d/FILES for Yvaine/WUT/Match/robocup/2026NGZR/scr1.2/rdfw.cpp:13:0:
/mnt/d/FILES for Yvaine/WUT/Match/robocup/2026NGZR/scr1.2/rdfw.hpp:519:14: error: candidate is: bool _home::RDFW::SolveTask_PutDown(_home::ObjectId)
         bool SolveTask_PutDown(ObjectId a);
              ^~~~~~~~~~~~~~~~~
/mnt/d/FILES for Yvaine/WUT/Match/robocup/2026NGZR/scr1.2/rdfw.cpp:1591:6: error: prototype for ‘bool _home::RDFW::SolveTask_Open(unsigned int)’ does not match any in class ‘_home::RDFW’
 bool RDFW::SolveTask_Open(unsigned int a)
      ^~~~
In file included from /mnt/d/FILES for Yvaine/WUT/Match/robocup/2026NGZR/scr1.2/rdfw.cpp:13:0:
/mnt/d/FILES for Yvaine/WUT/Match/robocup/2026NGZR/scr1.2/rdfw.hpp:521:14: error: candidate is: bool _home::RDFW::SolveTask_Open(_home::ObjectId)
         bool SolveTask_Open(ObjectId a);
              ^~~~~~~~~~~~~~
/mnt/d/FILES for Yvaine/WUT/Match/robocup/2026NGZR/scr1.2/rdfw.cpp:1646:6: error: prototype for ‘bool _home::RDFW::SolveTask_Close(unsigned int)’ does not match any in class ‘_home::RDFW’
 bool RDFW::SolveTask_Close(unsigned int a)
      ^~~~
In file included from /mnt/d/FILES for Yvaine/WUT/Match/robocup/2026NGZR/scr1.2/rdfw.cpp:13:0:
/mnt/d/FILES for Yvaine/WUT/Match/robocup/2026NGZR/scr1.2/rdfw.hpp:522:14: error: candidate is: bool _home::RDFW::SolveTask_Close(_home::ObjectId)
         bool SolveTask_Close(ObjectId a);
              ^~~~~~~~~~~~~~~
/mnt/d/FILES for Yvaine/WUT/Match/robocup/2026NGZR/scr1.2/rdfw.cpp: In member function ‘bool _home::RDFW::SolveTask_Give(unsigned int)’:
/mnt/d/FILES for Yvaine/WUT/Match/robocup/2026NGZR/scr1.2/rdfw.cpp:1711:75: warning: comparison between signed and unsigned integer expressions [-Wsign-compare]
             if(objects[ObjectId(a)]->location==human->location && plate_id!=a && hold_id!=a) return true;
                                                                   ~~~~~~~~^~~
/mnt/d/FILES for Yvaine/WUT/Match/robocup/2026NGZR/scr1.2/rdfw.cpp:1711:89: warning: comparison between signed and unsigned integer expressions [-Wsign-compare]
             if(objects[ObjectId(a)]->location==human->location && plate_id!=a && hold_id!=a) return true;
                                                                                  ~~~~~~~^~~
/mnt/d/FILES for Yvaine/WUT/Match/robocup/2026NGZR/scr1.2/rdfw.cpp: At global scope:
/mnt/d/FILES for Yvaine/WUT/Match/robocup/2026NGZR/scr1.2/rdfw.cpp:1850:6: error: prototype for ‘bool _home::RDFW::SolveTask_TakeOut(unsigned int, unsigned int)’ does not match any in class ‘_home::RDFW’
 bool RDFW::SolveTask_TakeOut(unsigned int a, unsigned int b)
      ^~~~
In file included from /mnt/d/FILES for Yvaine/WUT/Match/robocup/2026NGZR/scr1.2/rdfw.cpp:13:0:
/mnt/d/FILES for Yvaine/WUT/Match/robocup/2026NGZR/scr1.2/rdfw.hpp:525:14: error: candidate is: bool _home::RDFW::SolveTask_TakeOut(_home::ObjectId, _home::ObjectId)
         bool SolveTask_TakeOut(ObjectId a, ObjectId b);
              ^~~~~~~~~~~~~~~~~
/mnt/d/FILES for Yvaine/WUT/Match/robocup/2026NGZR/scr1.2/rdfw.cpp: In member function ‘bool _home::RDFW::SolveTask_PutOn(unsigned int, unsigned int)’:
/mnt/d/FILES for Yvaine/WUT/Match/robocup/2026NGZR/scr1.2/rdfw.cpp:1929:16: warning: comparison between signed and unsigned integer expressions [-Wsign-compare]
        plate_id!=a && hold_id!=a &&
        ~~~~~~~~^~~
/mnt/d/FILES for Yvaine/WUT/Match/robocup/2026NGZR/scr1.2/rdfw.cpp:1929:30: warning: comparison between signed and unsigned integer expressions [-Wsign-compare]
        plate_id!=a && hold_id!=a &&
                       ~~~~~~~^~~
/mnt/d/FILES for Yvaine/WUT/Match/robocup/2026NGZR/scr1.2/rdfw.cpp: In member function ‘void _home::RDFW::MustChooseOne()’:
/mnt/d/FILES for Yvaine/WUT/Match/robocup/2026NGZR/scr1.2/rdfw.cpp:1977:23: warning: comparison between signed and unsigned integer expressions [-Wsign-compare]
          for(int i=0;i<tasks.size();i++){
                      ~^~~~~~~~~~~~~
/mnt/d/FILES for Yvaine/WUT/Match/robocup/2026NGZR/scr1.2/rdfw.cpp:2009:22: warning: comparison between signed and unsigned integer expressions [-Wsign-compare]
         for(int i=0;i<tasks.size();i++){
                     ~^~~~~~~~~~~~~
/mnt/d/FILES for Yvaine/WUT/Match/robocup/2026NGZR/scr1.2/rdfw.cpp: In member function ‘void _home::RDFW::ExecuteMultiGotoAggregation()’:
/mnt/d/FILES for Yvaine/WUT/Match/robocup/2026NGZR/scr1.2/rdfw.cpp:2481:17: warning: unused variable ‘try_times’ [-Wunused-variable]
             int try_times = 0;
                 ^~~~~~~~~
/mnt/d/FILES for Yvaine/WUT/Match/robocup/2026NGZR/scr1.2/rdfw.cpp: In member function ‘std::__cxx11::string _home::RDFW::AskLoc(_home::ObjectId)’:
/mnt/d/FILES for Yvaine/WUT/Match/robocup/2026NGZR/scr1.2/rdfw.cpp:2720:50: warning: comparison between signed and unsigned integer expressions [-Wsign-compare]
     if (!CanStartTask() || isPass || a == 0 || a >= objects.size() || !objects[ObjectId(a)]) return "";
                                                ~~^~~~~~~~~~~~~~~~~
/mnt/d/FILES for Yvaine/WUT/Match/robocup/2026NGZR/scr1.2/rdfw.cpp: In member function ‘void _home::RDFW::SenseCurrentLocationOnly(bool)’:
/mnt/d/FILES for Yvaine/WUT/Match/robocup/2026NGZR/scr1.2/rdfw.cpp:2749:18: warning: comparison between signed and unsigned integer expressions [-Wsign-compare]
     if (curr_loc >= posSensedFlag.size()) {
         ~~~~~~~~~^~~~~~~~~~~~~~~~~~~~~~~
/mnt/d/FILES for Yvaine/WUT/Match/robocup/2026NGZR/scr1.2/rdfw.cpp:2765:18: warning: comparison between signed and unsigned integer expressions [-Wsign-compare]
     if (curr_loc >= posSensedFlag.size()) {
         ~~~~~~~~~^~~~~~~~~~~~~~~~~~~~~~~
/mnt/d/FILES for Yvaine/WUT/Match/robocup/2026NGZR/scr1.2/rdfw.cpp:2874:40: warning: comparison between signed and unsigned integer expressions [-Wsign-compare]
             if (small && small->inside == sensed_container_id) {
                          ~~~~~~~~~~~~~~^~~~~~~~~~~~~~~~~~~~~~
/mnt/d/FILES for Yvaine/WUT/Match/robocup/2026NGZR/scr1.2/rdfw.cpp: In member function ‘const _home::RDFW::LocationSensedInfo& _home::RDFW::GetLocationSensedInfo(int) const’:
/mnt/d/FILES for Yvaine/WUT/Match/robocup/2026NGZR/scr1.2/rdfw.cpp:2890:35: warning: comparison between signed and unsigned integer expressions [-Wsign-compare]
     if (location >= 0 && location < locationSensedObjects.size()) {
                          ~~~~~~~~~^~~~~~~~~~~~~~~~~~~~~~~~~~~~~~
/mnt/d/FILES for Yvaine/WUT/Match/robocup/2026NGZR/scr1.2/rdfw.cpp: In member function ‘bool _home::RDFW::HasObjectAtLocation(int, unsigned int) const’:
/mnt/d/FILES for Yvaine/WUT/Match/robocup/2026NGZR/scr1.2/rdfw.cpp:2897:35: warning: comparison between signed and unsigned integer expressions [-Wsign-compare]
     if (location >= 0 && location < locationSensedObjects.size()) {
                          ~~~~~~~~~^~~~~~~~~~~~~~~~~~~~~~~~~~~~~~
/mnt/d/FILES for Yvaine/WUT/Match/robocup/2026NGZR/scr1.2/rdfw.cpp: In member function ‘bool _home::RDFW::HasContainerAtLocation(int) const’:
/mnt/d/FILES for Yvaine/WUT/Match/robocup/2026NGZR/scr1.2/rdfw.cpp:2907:35: warning: comparison between signed and unsigned integer expressions [-Wsign-compare]
     if (location >= 0 && location < locationSensedObjects.size()) {
                          ~~~~~~~~~^~~~~~~~~~~~~~~~~~~~~~~~~~~~~~
/mnt/d/FILES for Yvaine/WUT/Match/robocup/2026NGZR/scr1.2/rdfw.cpp: In member function ‘std::vector<unsigned int> _home::RDFW::GetObjectsAtLocation(int) const’:
/mnt/d/FILES for Yvaine/WUT/Match/robocup/2026NGZR/scr1.2/rdfw.cpp:2914:35: warning: comparison between signed and unsigned integer expressions [-Wsign-compare]
     if (location >= 0 && location < locationSensedObjects.size()) {
                          ~~~~~~~~~^~~~~~~~~~~~~~~~~~~~~~~~~~~~~~
/mnt/d/FILES for Yvaine/WUT/Match/robocup/2026NGZR/scr1.2/rdfw.cpp: In member function ‘unsigned int _home::RDFW::GetContainerAtLocation(int) const’:
/mnt/d/FILES for Yvaine/WUT/Match/robocup/2026NGZR/scr1.2/rdfw.cpp:2921:35: warning: comparison between signed and unsigned integer expressions [-Wsign-compare]
     if (location >= 0 && location < locationSensedObjects.size()) {
                          ~~~~~~~~~^~~~~~~~~~~~~~~~~~~~~~~~~~~~~~
/mnt/d/FILES for Yvaine/WUT/Match/robocup/2026NGZR/scr1.2/rdfw.cpp: In member function ‘bool _home::RDFW::Move(_home::LocationId)’:
/mnt/d/FILES for Yvaine/WUT/Match/robocup/2026NGZR/scr1.2/rdfw.cpp:3321:21: warning: comparison between signed and unsigned integer expressions [-Wsign-compare]
         (task_index < tasks.size() &&
          ~~~~~~~~~~~^~~~~~~~~~~~~~
/mnt/d/FILES for Yvaine/WUT/Match/robocup/2026NGZR/scr1.2/rdfw.cpp: In member function ‘void _home::RDFW::PrintEnv()’:
/mnt/d/FILES for Yvaine/WUT/Match/robocup/2026NGZR/scr1.2/rdfw.cpp:3418:26: warning: comparison between signed and unsigned integer expressions [-Wsign-compare]
          if (v->location >= objPos.size())
              ~~~~~~~~~~~~^~~~~~~~~~~~~~~~
/mnt/d/FILES for Yvaine/WUT/Match/robocup/2026NGZR/scr1.2/rdfw.cpp:3427:24: warning: comparison between signed and unsigned integer expressions [-Wsign-compare]
      for (int i = 0; i < objPos.size(); i++)
                      ~~^~~~~~~~~~~~~~~
/mnt/d/FILES for Yvaine/WUT/Match/robocup/2026NGZR/scr1.2/rdfw.cpp:3450:40: warning: comparison between signed and unsigned integer expressions [-Wsign-compare]
                      for (int c = 0; c < p->smallObjectsInside.size(); c++)
                                      ~~^~~~~~~~~~~~~~~~~~~~~~~~~~~~~~
/mnt/d/FILES for Yvaine/WUT/Match/robocup/2026NGZR/scr1.2/rdfw.cpp: In member function ‘bool _home::RDFW::ParseInstruction(const string&)’:
/mnt/d/FILES for Yvaine/WUT/Match/robocup/2026NGZR/scr1.2/rdfw.cpp:3488:23: warning: comparison between signed and unsigned integer expressions [-Wsign-compare]
     for (int i = 0; i < taskDis.size(); i++)
                     ~~^~~~~~~~~~~~~~~~
/mnt/d/FILES for Yvaine/WUT/Match/robocup/2026NGZR/scr1.2/rdfw.cpp: In member function ‘void _home::RDFW::ParseNaturalLanguage(const string&)’:
/mnt/d/FILES for Yvaine/WUT/Match/robocup/2026NGZR/scr1.2/rdfw.cpp:3558:23: warning: comparison between signed and unsigned integer expressions [-Wsign-compare]
     for (int i = 0; i < src.size(); i++)
                     ~~^~~~~~~~~~~~
/mnt/d/FILES for Yvaine/WUT/Match/robocup/2026NGZR/scr1.2/rdfw.cpp: In member function ‘bool _home::RDFW::ParseEnvSentence(const string&)’:
/mnt/d/FILES for Yvaine/WUT/Match/robocup/2026NGZR/scr1.2/rdfw.cpp:3653:23: warning: comparison between signed and unsigned integer expressions [-Wsign-compare]
     for (int i = 1; i < sentence.size(); i++)
                     ~~^~~~~~~~~~~~~~~~~
/mnt/d/FILES for Yvaine/WUT/Match/robocup/2026NGZR/scr1.2/rdfw.cpp: In function ‘void split_string(std::vector<std::__cxx11::basic_string<char> >&, const string&, char)’:
/mnt/d/FILES for Yvaine/WUT/Match/robocup/2026NGZR/scr1.2/rdfw.cpp:4213:24: warning: comparison between signed and unsigned integer expressions [-Wsign-compare]
      for (int i = 0; i < str_source.size(); i++)
                      ~~^~~~~~~~~~~~~~~~~~~
/mnt/d/FILES for Yvaine/WUT/Match/robocup/2026NGZR/scr1.2/rdfw.cpp:4221:15: warning: comparison between signed and unsigned integer expressions [-Wsign-compare]
      if (last != str_source.size())
          ~~~~~^~~~~~~~~~~~~~~~~~~~
/mnt/d/FILES for Yvaine/WUT/Match/robocup/2026NGZR/scr1.2/rdfw.cpp: In function ‘std::ostream& operator<<(std::ostream&, std::shared_ptr<_home::SyntaxNode>)’:
/mnt/d/FILES for Yvaine/WUT/Match/robocup/2026NGZR/scr1.2/rdfw.cpp:4281:24: warning: comparison between signed and unsigned integer expressions [-Wsign-compare]
      for (int i = 0; i < sn->sons.size(); i++)
                      ~~^~~~~~~~~~~~~~~~~
/mnt/d/FILES for Yvaine/WUT/Match/robocup/2026NGZR/scr1.2/rdfw.cpp: In member function ‘void _home::RDFW::ApplyMustInConstraintCorrection()’:
/mnt/d/FILES for Yvaine/WUT/Match/robocup/2026NGZR/scr1.2/rdfw.cpp:4503:77: warning: suggest parentheses around ‘&&’ within ‘||’ [-Wparentheses]
         if (cons.behave == "inside"||cons.behave == "in" && !cons.X.empty() && !cons.Y.empty())
                                      ~~~~~~~~~~~~~~~~~~~~~~~~~~~~~~~~~~~~~~~^~~~~~~~~~~~~~~~~~
/mnt/d/FILES for Yvaine/WUT/Match/robocup/2026NGZR/scr1.2/rdfw.cpp:4571:17: warning: unused variable ‘old_loc’ [-Wunused-variable]
             int old_loc = smObj->location;
                 ^~~~~~~
In file included from /mnt/d/FILES for Yvaine/WUT/Match/robocup/2026NGZR/scr1.2/parser.hpp:16:0,
                 from /mnt/d/FILES for Yvaine/WUT/Match/robocup/2026NGZR/scr1.2/parser.cpp:6:
/mnt/d/FILES for Yvaine/WUT/Match/robocup/2026NGZR/scr1.2/rdfw.hpp:615:0: warning: ignoring #pragma endregion  [-Wunknown-pragmas]
 #pragma endregion
 
In file included from /mnt/d/FILES for Yvaine/WUT/Match/robocup/2026NGZR/scr1.2/parser.hpp:16:0,
                 from /mnt/d/FILES for Yvaine/WUT/Match/robocup/2026NGZR/scr1.2/parser.cpp:6:
/mnt/d/FILES for Yvaine/WUT/Match/robocup/2026NGZR/scr1.2/rdfw.hpp: In constructor ‘_home::Object::Object(int, const string&, int)’:
/mnt/d/FILES for Yvaine/WUT/Match/robocup/2026NGZR/scr1.2/rdfw.hpp:74:23: warning: ‘_home::Object::sort’ will be initialized after [-Wreorder]
         string sort = "";
                       ^~
/mnt/d/FILES for Yvaine/WUT/Match/robocup/2026NGZR/scr1.2/rdfw.hpp:69:13: warning:   ‘int _home::Object::location’ [-Wreorder]
         int location;
             ^~~~~~~~
/mnt/d/FILES for Yvaine/WUT/Match/robocup/2026NGZR/scr1.2/rdfw.hpp:75:9: warning:   when initialized here [-Wreorder]
         Object(int id, const string &sort = "", int location = UNKNOWN) 
         ^~~~~~
In file included from /mnt/d/FILES for Yvaine/WUT/Match/robocup/2026NGZR/scr1.2/parser.hpp:16:0,
                 from /mnt/d/FILES for Yvaine/WUT/Match/robocup/2026NGZR/scr1.2/parser.cpp:6:
/mnt/d/FILES for Yvaine/WUT/Match/robocup/2026NGZR/scr1.2/rdfw.hpp: In member function ‘void _home::Container::DeleteObjectInside(std::shared_ptr<_home::SmallObject>)’:
/mnt/d/FILES for Yvaine/WUT/Match/robocup/2026NGZR/scr1.2/rdfw.hpp:176:31: warning: comparison between signed and unsigned integer expressions [-Wsign-compare]
             for (int i = 0; i < smallObjectsInside.size(); i++)
                             ~~^~~~~~~~~~~~~~~~~~~~~~~~~~~
/mnt/d/FILES for Yvaine/WUT/Match/robocup/2026NGZR/scr1.2/rdfw.hpp: In member function ‘virtual std::__cxx11::string _home::Container::ToString()’:
/mnt/d/FILES for Yvaine/WUT/Match/robocup/2026NGZR/scr1.2/rdfw.hpp:187:31: warning: comparison between signed and unsigned integer expressions [-Wsign-compare]
             for (int i = 0; i < smallObjectsInside.size(); i++)
                             ~~^~~~~~~~~~~~~~~~~~~~~~~~~~~
/mnt/d/FILES for Yvaine/WUT/Match/robocup/2026NGZR/scr1.2/rdfw.hpp: In member function ‘void _home::RDFW::SetSolvedTaskNum(int)’:
/mnt/d/FILES for Yvaine/WUT/Match/robocup/2026NGZR/scr1.2/rdfw.hpp:633:16: warning: suggest explicit braces to avoid ambiguous ‘else’ [-Wdangling-else]
             if (isAutoConstrain)
                ^
/mnt/d/FILES for Yvaine/WUT/Match/robocup/2026NGZR/scr1.2/parser.cpp: In member function ‘void parser::to_token(std::__cxx11::string)’:
/mnt/d/FILES for Yvaine/WUT/Match/robocup/2026NGZR/scr1.2/parser.cpp:131:23: warning: comparison between signed and unsigned integer expressions [-Wsign-compare]
     for (int i = 0; i < str.size(); i++)
                     ~~^~~~~~~~~~~~
/mnt/d/FILES for Yvaine/WUT/Match/robocup/2026NGZR/scr1.2/parser.cpp:137:23: warning: comparison between signed and unsigned integer expressions [-Wsign-compare]
     for (int i = 0; i < str.size(); i++)
                     ~~^~~~~~~~~~~~
/mnt/d/FILES for Yvaine/WUT/Match/robocup/2026NGZR/scr1.2/parser.cpp: In member function ‘void parser::push_down_automata()’:
/mnt/d/FILES for Yvaine/WUT/Match/robocup/2026NGZR/scr1.2/parser.cpp:173:23: warning: comparison between signed and unsigned integer expressions [-Wsign-compare]
     for (int i = 0; i < tokens.size(); i++)
                     ~~^~~~~~~~~~~~~~~
/mnt/d/FILES for Yvaine/WUT/Match/robocup/2026NGZR/scr1.2/parser.cpp:175:15: warning: comparison between signed and unsigned integer expressions [-Wsign-compare]
         if (i == tokens.size() - 1) //最后一个词判断
             ~~^~~~~~~~~~~~~~~~~~~~
/mnt/d/FILES for Yvaine/WUT/Match/robocup/2026NGZR/scr1.2/parser.cpp: In function ‘std::ostream& operator<<(std::ostream&, const std::shared_ptr<syntax_node>&)’:
/mnt/d/FILES for Yvaine/WUT/Match/robocup/2026NGZR/scr1.2/parser.cpp:656:23: warning: comparison between signed and unsigned integer expressions [-Wsign-compare]
     for (int a = 0; a < p->sons.size(); a++)
                     ~~^~~~~~~~~~~~~~~~
