[RDFW_TEST_SEED] 2026100403
=========================================
= Simulation @Home Competition Platform =
=========================================
= Ready to accept a new team
# Registration from 'RDFW'
> Configurations:
	Mode: IT
	Timeout: 5000
	TestDir: /tmp/robocup-full_probability/runs/f29-smoke2-full-A04-01-s2-it-repeat1-lab/runtime/tests/
	TestSize: 1
	Single test: 1
# Testing <case.xml>
# Result:
	[Sense | 2 9 10 12]
	[PickUp 12|true]
	[Move 5|true]
	[Sense | 5 12]
	[PutDown 12|true]
	[Open 5|true]
	[Sense | 5 12]
	[PickUp 12|true]
	[PutIn 12 5|true]
	[Move 8|true]
	[Sense | 7]
	[Open 7|true]
	[Sense | 7 14]
	[TakeOut 14 7|true]
	[PutDown 14|true]
	[Move 5|true]
	[Sense | 5 12]
	[Close 5|true]
	[Move 7|true]
	[Sense | 13 8]
	[PickUp 13|true]
	[Move 2|true]
	[Sense | 11 3 13]
	[PutDown 13|true]
	[PickUp 11|true]
	[Move 1|true]
	[Sense | 1 11]
	[PutDown 11|true]
	[Move 2|true]
	[Sense | 13 3]
	[PickUp 13|true]
# Time: 3.735s
# Score: 838
