<configuration info>
TeamName: RDFW
Mode: NT
Timeout: 5000
TestDir: /mnt/d/FILES for Yvaine/WUT/Match/robocup/2026NGZR/scr1.2/artifacts/baseline-scr1.1-v2/legacy-10-s2-nt-r1/runtime/tests/
TestSize: 1
Single test: case.xml
Grader path: /home/yifan/env-release-2026/lib/libasp

<case.xml>
# Environment Description:
(:domain (hold 11) (plate 18) (at 0 8) (sort 1 human) (size 1 big) (at 1 1) (sort 2 desk) (size 2 big) (at 2 2) (sort 3 television) (size 3 big) (at 3 3) (sort 4 chair) (size 4 big) (at 4 4) (sort 5 bed) (size 5 big) (at 5 5) (sort 6 refrigerator) (size 6 big) (at 6 6) (type 6 container) (sort 7 closet) (size 7 big) (at 7 7) (type 7 container) (closed 7) (sort 8 cupboard) (size 8 big) (at 8 8) (type 8 container) (opened 8) (sort 9 microwave) (size 9 big) (at 9 9) (type 9 container) (sort 10 book) (size 10 small) (color 10 yellow) (sort 11 book) (size 11 small) (color 11 green) (sort 12 book) (size 12 small) (color 12 white) (sort 13 bottle) (size 13 small) (color 13 green) (at 13 2) (sort 14 bottle) (size 14 small) (color 14 blue) (sort 15 cup) (size 15 small) (color 15 black) (sort 16 cup) (size 16 small) (color 16 white) (sort 17 remotecontrol) (size 17 small) (sort 18 can) (size 18 small)  (inside 12 7) (inside 16 9) (at 17 1))
# Task Description:
The door of refrigerator is closed. The door of microwave is opened. Do not open the refrigerator. Put a book on the bed. Put a bottle in the cupboard. Put the green book on the chair. Pick up the can. Take out remotecontrol from cupboard. Put a cup in microwave.
# Results:
	[PutDown 11|false]
	[PutDown 11|false]
	[Move 4|false]
	[AskLoc 4|]
	[AskLoc 4|]
	[Move 4|false]
	[AskLoc 4|]
	[AskLoc 4|]
	[Move 4|false]
	[PutDown 11|false]
	[PutDown 11|false]

# Time: 0.905
# Score: 0

