[LOG]:-stage
[LOG]:-nlp
[LOG]:-err
[LOG]:-ask_2
[LOG]:-path
[LOG]:nlp 0, err 1
#(RDFW): Initializing dynamic arrays with size 100
#(RDFW): Dynamic arrays initialization completed
#(Plug): Timeout=5000
[LOG]:[PlannerVersion] 1.7.5 default=greedy+guarded+answer-branch-probe
#(RDFW): Starting new test - verifying clean state
#(RDFW): Pre-test state verification completed
[32mcase.xml
[0m--------------------------------------------
Ready to Parse Env Infos.

ParseEnv finished
--------------------------------------------
Ready to Parse Tasks and Cons.
[LOG]:[Preflight][WorldWarning] human differs from conventional object 1 layout
[LOG]:[Preflight] task raw=6 unique=6 duplicate=0 rejected=0; constraint raw=0 unique=0 duplicate=0 rejected=0; world_errors=0
Pos  0:(F):
Pos  1:(T):[33m(11 cupboard inside:[] Closed)[0m
Pos  2:(T):[33m(5 closet inside:[] Closed)[0m
Pos  3:(T):[33m(6 human)[0m(10 bottle)
Pos  4:(T):(2 can)(7 book)[33m(8 couch)[0m
Pos  5:(T):[32m(robot hold:0 plate:3)[0m[33m(1 desk)[0m(3 cup)
Pos  6:(T):[33m(4 table)[0m
Pos  7:(T):[33m(9 refrigerator inside:[] Closed)[0m
UnknownPos:

[LOG]:[32m[MustIn] correction done.
[0m
[LOG]:[32m[MustNear] correction done.
[0m
Pos  0:(F):
Pos  1:(T):[33m(11 cupboard inside:[] Closed)[0m
Pos  2:(T):[33m(5 closet inside:[] Closed)[0m
Pos  3:(T):[33m(6 human)[0m(10 bottle)
Pos  4:(T):(2 can)(7 book)[33m(8 couch)[0m
Pos  5:(T):[32m(robot hold:0 plate:3)[0m[33m(1 desk)[0m(3 cup)
Pos  6:(T):[33m(4 table)[0m
Pos  7:(T):[33m(9 refrigerator inside:[] Closed)[0m
UnknownPos:

Task:
Behave:[35mputon[0m
ConditionX:[35m(Sort:can,Color:white)[0m
ConditionY:[35m(Sort:table,Color:)[0m
Behave:[35mputon[0m
ConditionX:[35m(Sort:cup,Color:blue)[0m
ConditionY:[35m(Sort:table,Color:)[0m
Behave:[35mtakeout[0m
ConditionX:[35m(Sort:cup,Color:blue)[0m
ConditionY:[35m(Sort:cupboard,Color:)[0m
Behave:[35mputon[0m
ConditionX:[35m(Sort:bottle,Color:green)[0m
ConditionY:[35m(Sort:table,Color:)[0m
Behave:[35mputon[0m
ConditionX:[35m(Sort:book,Color:red)[0m
ConditionY:[35m(Sort:table,Color:)[0m
Behave:[35mgoto[0m
ConditionX:[35m(Sort:table,Color:)[0m
ConditionY:[35m(Sort:,Color:)[0m

Info:

Not_Info:

Not_Task:

NotNot_Info:
Parse Tasks, Cons and Infos finished.
--------------------------------------------
Ready to Cons  plan
cons_plan finished
--------------------------------------------
taskoptimization finished
--------------------------------------------
[LOG]:[TradeoffEvidence] probing current location before decisions

[LOG]:[32m[SenseCurrentLocationOnly] Location 5 marked as sensed
[0m
[LOG]:[SenseCurrentLocationOnly] Object 3 detected at location 5
[LOG]:[SenseCurrentLocationOnly] Object 1 detected at location 5
[LOG]:[32m[MultiPuton] Big object 4 (sort: table) appears in 4 puton tasks[0m
[LOG]:[33m[MultiPuton] Marked task 0 as multi-puton for object 4[0m
[LOG]:[33m[MultiPuton] Marked task 1 as multi-puton for object 4[0m
[LOG]:[33m[MultiPuton] Marked task 2 as multi-puton for object 4[0m
[LOG]:[33m[MultiPuton] Marked task 3 as multi-puton for object 4[0m
[DBG] goto risk@loc=6 bool=0
[LOG]:[DecisionFeedback] {"schema":"decision_feedback.v1","event":"candidate_considered","candidate_id":2,"phase":"greedy-round","task_index":1,"task_label":"puton","legacy_choice":false,"eligible":true,"dry_run_succeeded":true,"prediction":{"goal_gain":3,"goal_loss":0,"constraint_gain":0,"constraint_loss":0,"completed_goals":3,"maintained_constraints":0,"action_count":4,"action_cost":9,"final_reward":110,"utility":111}}
[LOG]:[36m[3B][Candidate] phase=greedy-round rank=1 task_index=1 behave=puton legacy_choice=false eligible=true complete=true actions=4 duration_ms=420 action_cost=9 score_before=-1 score_after=110 marginal_score=111 utility=111 gained_goals=[1,4,5] lost_goals=[] broken_constraints=[] preserved_constraints=[]
[0m
[LOG]:[DecisionFeedback] {"schema":"decision_feedback.v1","event":"candidate_considered","candidate_id":1,"phase":"greedy-round","task_index":0,"task_label":"puton","legacy_choice":false,"eligible":true,"dry_run_succeeded":true,"prediction":{"goal_gain":2,"goal_loss":0,"constraint_gain":0,"constraint_loss":0,"completed_goals":2,"maintained_constraints":0,"action_count":5,"action_cost":13,"final_reward":66,"utility":67}}
[LOG]:[36m[3B][Candidate] phase=greedy-round rank=2 task_index=0 behave=puton legacy_choice=false eligible=true complete=true actions=5 duration_ms=540 action_cost=13 score_before=-1 score_after=66 marginal_score=67 utility=67 gained_goals=[0,5] lost_goals=[] broken_constraints=[] preserved_constraints=[]
[0m
[LOG]:[DecisionFeedback] {"schema":"decision_feedback.v1","event":"candidate_considered","candidate_id":3,"phase":"greedy-round","task_index":2,"task_label":"puton","legacy_choice":false,"eligible":true,"dry_run_succeeded":true,"prediction":{"goal_gain":2,"goal_loss":0,"constraint_gain":0,"constraint_loss":0,"completed_goals":2,"maintained_constraints":0,"action_count":5,"action_cost":13,"final_reward":66,"utility":67}}
[LOG]:[36m[3B][Candidate] phase=greedy-round rank=3 task_index=2 behave=puton legacy_choice=false eligible=true complete=true actions=5 duration_ms=540 action_cost=13 score_before=-1 score_after=66 marginal_score=67 utility=67 gained_goals=[2,5] lost_goals=[] broken_constraints=[] preserved_constraints=[]
[0m
[LOG]:[DecisionFeedback] {"schema":"decision_feedback.v1","event":"candidate_considered","candidate_id":4,"phase":"greedy-round","task_index":3,"task_label":"puton","legacy_choice":false,"eligible":true,"dry_run_succeeded":true,"prediction":{"goal_gain":2,"goal_loss":0,"constraint_gain":0,"constraint_loss":0,"completed_goals":2,"maintained_constraints":0,"action_count":5,"action_cost":13,"final_reward":66,"utility":67}}
[LOG]:[36m[3B][Candidate] phase=greedy-round rank=4 task_index=3 behave=puton legacy_choice=false eligible=true complete=true actions=5 duration_ms=540 action_cost=13 score_before=-1 score_after=66 marginal_score=67 utility=67 gained_goals=[3,5] lost_goals=[] broken_constraints=[] preserved_constraints=[]
[0m
[LOG]:[DecisionFeedback] {"schema":"decision_feedback.v1","event":"candidate_considered","candidate_id":6,"phase":"greedy-round","task_index":5,"task_label":"goto","legacy_choice":false,"eligible":true,"dry_run_succeeded":true,"prediction":{"goal_gain":1,"goal_loss":0,"constraint_gain":0,"constraint_loss":0,"completed_goals":1,"maintained_constraints":0,"action_count":2,"action_cost":5,"final_reward":34,"utility":35}}
[LOG]:[36m[3B][Candidate] phase=greedy-round rank=5 task_index=5 behave=goto legacy_choice=false eligible=true complete=true actions=2 duration_ms=220 action_cost=5 score_before=-1 score_after=34 marginal_score=35 utility=35 gained_goals=[5] lost_goals=[] broken_constraints=[] preserved_constraints=[]
[0m
[LOG]:[DecisionFeedback] {"schema":"decision_feedback.v1","event":"candidate_considered","candidate_id":5,"phase":"greedy-round","task_index":4,"task_label":"takeout","legacy_choice":false,"eligible":true,"dry_run_succeeded":true,"prediction":{"goal_gain":0,"goal_loss":0,"constraint_gain":0,"constraint_loss":0,"completed_goals":0,"maintained_constraints":0,"action_count":4,"action_cost":9,"final_reward":-10,"utility":-9}}
[LOG]:[36m[3B][Candidate] phase=greedy-round rank=6 task_index=4 behave=takeout legacy_choice=false eligible=true complete=true actions=4 duration_ms=420 action_cost=9 score_before=-1 score_after=-10 marginal_score=-9 utility=-9 gained_goals=[] lost_goals=[] broken_constraints=[] preserved_constraints=[]
[0m
[LOG]:[36m[3B][Deadline] phase=greedy-filter task_index=1 behave=puton can_finish=true remaining_plan_ms=420 safety_ms=200 budget_remaining_ms=4726
[0m
[LOG]:[36m[3B][Deadline] phase=greedy-filter task_index=0 behave=puton can_finish=true remaining_plan_ms=540 safety_ms=200 budget_remaining_ms=4726
[0m
[LOG]:[36m[3B][Deadline] phase=greedy-filter task_index=2 behave=puton can_finish=true remaining_plan_ms=540 safety_ms=200 budget_remaining_ms=4726
[0m
[LOG]:[36m[3B][Deadline] phase=greedy-filter task_index=3 behave=puton can_finish=true remaining_plan_ms=540 safety_ms=200 budget_remaining_ms=4726
[0m
[LOG]:[36m[3B][Deadline] phase=greedy-filter task_index=5 behave=goto can_finish=true remaining_plan_ms=220 safety_ms=200 budget_remaining_ms=4726
[0m
[LOG]:[36m[3B][Deadline] phase=greedy-filter task_index=4 behave=takeout can_finish=true remaining_plan_ms=420 safety_ms=200 budget_remaining_ms=4726
[0m
[LOG]:[TradeoffDecision] phase=greedy-filter task=1 decision=execute reason=legacy_priority lower=110 upper=230

[LOG]:[36m[3B][Deadline] phase=greedy-filter task_index=0 behave=puton can_finish=true remaining_plan_ms=540 safety_ms=200 budget_remaining_ms=4726
[0m
[LOG]:[36m[3B][Deadline] phase=greedy-filter task_index=1 behave=puton can_finish=true remaining_plan_ms=420 safety_ms=200 budget_remaining_ms=4726
[0m
[LOG]:[36m[3B][Deadline] phase=greedy-filter task_index=2 behave=puton can_finish=true remaining_plan_ms=540 safety_ms=200 budget_remaining_ms=4726
[0m
[LOG]:[36m[3B][Deadline] phase=greedy-filter task_index=3 behave=puton can_finish=true remaining_plan_ms=540 safety_ms=200 budget_remaining_ms=4726
[0m
[LOG]:[36m[3B][Deadline] phase=greedy-filter task_index=5 behave=goto can_finish=true remaining_plan_ms=220 safety_ms=200 budget_remaining_ms=4726
[0m
[LOG]:[36m[3B][Deadline] phase=greedy-filter task_index=4 behave=takeout can_finish=true remaining_plan_ms=420 safety_ms=200 budget_remaining_ms=4726
[0m
[LOG]:[TradeoffDecision] phase=greedy-filter task=0 decision=execute reason=legacy_priority lower=66 upper=226

[LOG]:[36m[3B][Deadline] phase=greedy-filter task_index=2 behave=puton can_finish=true remaining_plan_ms=540 safety_ms=200 budget_remaining_ms=4726
[0m
[LOG]:[36m[3B][Deadline] phase=greedy-filter task_index=1 behave=puton can_finish=true remaining_plan_ms=420 safety_ms=200 budget_remaining_ms=4726
[0m
[LOG]:[36m[3B][Deadline] phase=greedy-filter task_index=0 behave=puton can_finish=true remaining_plan_ms=540 safety_ms=200 budget_remaining_ms=4726
[0m
[LOG]:[36m[3B][Deadline] phase=greedy-filter task_index=3 behave=puton can_finish=true remaining_plan_ms=540 safety_ms=200 budget_remaining_ms=4726
[0m
[LOG]:[36m[3B][Deadline] phase=greedy-filter task_index=5 behave=goto can_finish=true remaining_plan_ms=220 safety_ms=200 budget_remaining_ms=4726
[0m
[LOG]:[36m[3B][Deadline] phase=greedy-filter task_index=4 behave=takeout can_finish=true remaining_plan_ms=420 safety_ms=200 budget_remaining_ms=4726
[0m
[LOG]:[TradeoffDecision] phase=greedy-filter task=2 decision=execute reason=legacy_priority lower=66 upper=226

[LOG]:[36m[3B][Deadline] phase=greedy-filter task_index=3 behave=puton can_finish=true remaining_plan_ms=540 safety_ms=200 budget_remaining_ms=4726
[0m
[LOG]:[36m[3B][Deadline] phase=greedy-filter task_index=1 behave=puton can_finish=true remaining_plan_ms=420 safety_ms=200 budget_remaining_ms=4726
[0m
[LOG]:[36m[3B][Deadline] phase=greedy-filter task_index=0 behave=puton can_finish=true remaining_plan_ms=540 safety_ms=200 budget_remaining_ms=4726
[0m
[LOG]:[36m[3B][Deadline] phase=greedy-filter task_index=2 behave=puton can_finish=true remaining_plan_ms=540 safety_ms=200 budget_remaining_ms=4726
[0m
[LOG]:[36m[3B][Deadline] phase=greedy-filter task_index=5 behave=goto can_finish=true remaining_plan_ms=220 safety_ms=200 budget_remaining_ms=4726
[0m
[LOG]:[36m[3B][Deadline] phase=greedy-filter task_index=4 behave=takeout can_finish=true remaining_plan_ms=420 safety_ms=200 budget_remaining_ms=4723
[0m
[LOG]:[TradeoffDecision] phase=greedy-filter task=3 decision=execute reason=legacy_priority lower=66 upper=226

[LOG]:[36m[3B][Deadline] phase=greedy-filter task_index=5 behave=goto can_finish=true remaining_plan_ms=220 safety_ms=200 budget_remaining_ms=4723
[0m
[LOG]:[36m[3B][Deadline] phase=greedy-filter task_index=1 behave=puton can_finish=true remaining_plan_ms=420 safety_ms=200 budget_remaining_ms=4723
[0m
[LOG]:[36m[3B][Deadline] phase=greedy-filter task_index=0 behave=puton can_finish=true remaining_plan_ms=540 safety_ms=200 budget_remaining_ms=4723
[0m
[LOG]:[36m[3B][Deadline] phase=greedy-filter task_index=2 behave=puton can_finish=true remaining_plan_ms=540 safety_ms=200 budget_remaining_ms=4723
[0m
[LOG]:[36m[3B][Deadline] phase=greedy-filter task_index=3 behave=puton can_finish=true remaining_plan_ms=540 safety_ms=200 budget_remaining_ms=4723
[0m
[LOG]:[36m[3B][Deadline] phase=greedy-filter task_index=4 behave=takeout can_finish=true remaining_plan_ms=420 safety_ms=200 budget_remaining_ms=4723
[0m
[LOG]:[TradeoffDecision] phase=greedy-filter task=5 decision=execute reason=legacy_priority lower=34 upper=114

[LOG]:[Scheduler] filtered task=4 stable_id=2 marginal=-9 reason=nonpositive_single

[LOG]:[Scheduler] greedy task=1 marginal=111 remaining_ms=4722 group_attempt=true

[LOG]:[GuardedDecision] outcome=greedy reason=unverified_storage cumulative_ms=0

[LOG]:[36m[3B][Deadline] phase=greedy-execution task_index=1 behave=puton can_finish=true remaining_plan_ms=420 safety_ms=200 budget_remaining_ms=4722
[0m
[LOG]:[DecisionFeedback] {"schema":"decision_feedback.v1","event":"candidate_selected","candidate_id":2,"task_index":1,"tasks":[1],"task_label":"puton","generated_ms":271,"world_revision":1,"selection_reason":"greedy_highest_qualified_marginal_score","prediction":{"goal_gain":3,"goal_loss":0,"constraint_gain":0,"constraint_loss":0,"completed_goals":3,"maintained_constraints":0,"action_count":4,"action_cost":9,"final_reward":110,"utility":111},"expected_reward":110,"evidence":[{"object_id":0,"fact":"location","source":"action_success","verified":true},{"object_id":1,"fact":"location","source":"sense","verified":true},{"object_id":2,"fact":"location","source":"initial","verified":false},{"object_id":2,"fact":"inside","source":"initial","verified":false},{"object_id":3,"fact":"location","source":"action_success","verified":true},{"object_id":3,"fact":"inside","source":"action_success","verified":true},{"object_id":4,"fact":"location","source":"sense","verified":true},{"object_id":5,"fact":"location","source":"initial","verified":false},{"object_id":5,"fact":"container_state","source":"initial","verified":false},{"object_id":6,"fact":"location","source":"initial","verified":false},{"object_id":7,"fact":"location","source":"initial","verified":false},{"object_id":7,"fact":"inside","source":"initial","verified":false},{"object_id":8,"fact":"location","source":"initial","verified":false},{"object_id":9,"fact":"location","source":"initial","verified":false},{"object_id":9,"fact":"container_state","source":"initial","verified":false},{"object_id":10,"fact":"location","source":"initial","verified":false},{"object_id":10,"fact":"inside","source":"initial","verified":false},{"object_id":11,"fact":"location","source":"initial","verified":false},{"object_id":11,"fact":"container_state","source":"initial","verified":false},{"object_id":0,"fact":"hold","source":"action_success","verified":true},{"object_id":0,"fact":"plate","source":"action_success","verified":true}]}
[LOG]:[36m[3B][Remaining] event=begin task_index=1 behave=puton executed=0 total=4 remaining_utility=111 remaining_duration_ms=420
[0m
puton cup的风险系数是：0
[LOG]:FromPlate(3,cup)
[LOG]:[36m[3B][Remaining] event=action task_index=1 action=FromPlate executed=1 total=4 remaining_utility=113 remaining_duration_ms=320 can_finish=true
[0m
[LOG]:Move(6)
[LOG]:[36m[3B][Remaining] event=action task_index=1 action=Move executed=2 total=4 remaining_utility=77 remaining_duration_ms=200 can_finish=true
[0m
[LOG]:[36m[3B][Remaining] event=action task_index=1 action=Sense executed=3 total=4 remaining_utility=78 remaining_duration_ms=100 can_finish=true
[0m
[LOG]:[32m[SenseCurrentLocationOnly] Location 6 marked as sensed
[0m
[LOG]:[SenseCurrentLocationOnly] Object 4 detected at location 6
[LOG]:[SenseCurrentLocationOnly] Object 3 detected at location 6
[LOG]:PutDown(3,cup)
[LOG]:[36m[3B][Remaining] event=action task_index=1 action=PutDown executed=4 total=4 remaining_utility=40 remaining_duration_ms=0 can_finish=true
[0m
[LOG]:[DecisionFeedback] {"schema":"decision_feedback.v1","event":"candidate_result","candidate_id":2,"prediction":{"goal_gain":3,"goal_loss":0,"constraint_gain":0,"constraint_loss":0,"completed_goals":3,"maintained_constraints":0,"action_count":4,"action_cost":9,"final_reward":110,"utility":111},"actual":{"goal_gain":3,"goal_loss":0,"constraint_gain":0,"constraint_loss":0,"completed_goals":3,"maintained_constraints":0,"action_count":4,"action_cost":9,"final_reward":110,"utility":111},"succeeded":true,"failed_action":false,"failure_reasons":[],"error":{"goal_gain":0,"goal_loss":0,"constraint_gain":0,"constraint_loss":0,"action_cost":0,"utility":0}}
[LOG]:[36m[3B][Remaining] event=end task_index=1 behave=puton succeeded=true executed=4 total=4 remaining_utility=0 remaining_duration_ms=0
[0m
[LOG]:[Scheduler] result task=1 stable_id=1 success=true revision=5 attempts=0

[LOG]:[DecisionFeedback] {"schema":"decision_feedback.v1","event":"candidate_considered","candidate_id":7,"phase":"greedy-round","task_index":0,"task_label":"puton","legacy_choice":false,"eligible":true,"dry_run_succeeded":true,"prediction":{"goal_gain":1,"goal_loss":0,"constraint_gain":0,"constraint_loss":0,"completed_goals":4,"maintained_constraints":0,"action_count":4,"action_cost":12,"final_reward":138,"utility":28}}
[LOG]:[36m[3B][Candidate] phase=greedy-round rank=1 task_index=0 behave=puton legacy_choice=false eligible=true complete=true actions=4 duration_ms=440 action_cost=12 score_before=110 score_after=138 marginal_score=28 utility=28 gained_goals=[0] lost_goals=[] broken_constraints=[] preserved_constraints=[]
[0m
[LOG]:[DecisionFeedback] {"schema":"decision_feedback.v1","event":"candidate_considered","candidate_id":8,"phase":"greedy-round","task_index":2,"task_label":"puton","legacy_choice":false,"eligible":true,"dry_run_succeeded":true,"prediction":{"goal_gain":1,"goal_loss":0,"constraint_gain":0,"constraint_loss":0,"completed_goals":4,"maintained_constraints":0,"action_count":4,"action_cost":12,"final_reward":138,"utility":28}}
[LOG]:[36m[3B][Candidate] phase=greedy-round rank=2 task_index=2 behave=puton legacy_choice=false eligible=true complete=true actions=4 duration_ms=440 action_cost=12 score_before=110 score_after=138 marginal_score=28 utility=28 gained_goals=[2] lost_goals=[] broken_constraints=[] preserved_constraints=[]
[0m
[LOG]:[DecisionFeedback] {"schema":"decision_feedback.v1","event":"candidate_considered","candidate_id":9,"phase":"greedy-round","task_index":3,"task_label":"puton","legacy_choice":false,"eligible":true,"dry_run_succeeded":true,"prediction":{"goal_gain":1,"goal_loss":0,"constraint_gain":0,"constraint_loss":0,"completed_goals":4,"maintained_constraints":0,"action_count":4,"action_cost":12,"final_reward":138,"utility":28}}
[LOG]:[36m[3B][Candidate] phase=greedy-round rank=3 task_index=3 behave=puton legacy_choice=false eligible=true complete=true actions=4 duration_ms=440 action_cost=12 score_before=110 score_after=138 marginal_score=28 utility=28 gained_goals=[3] lost_goals=[] broken_constraints=[] preserved_constraints=[]
[0m
[LOG]:[36m[3B][Deadline] phase=greedy-filter task_index=0 behave=puton can_finish=true remaining_plan_ms=440 safety_ms=200 budget_remaining_ms=3785
[0m
[LOG]:[36m[3B][Deadline] phase=greedy-filter task_index=2 behave=puton can_finish=true remaining_plan_ms=440 safety_ms=200 budget_remaining_ms=3785
[0m
[LOG]:[36m[3B][Deadline] phase=greedy-filter task_index=3 behave=puton can_finish=true remaining_plan_ms=440 safety_ms=200 budget_remaining_ms=3785
[0m
[LOG]:[TradeoffDecision] phase=greedy-filter task=0 decision=execute reason=legacy_priority lower=138 upper=218

[LOG]:[36m[3B][Deadline] phase=greedy-filter task_index=2 behave=puton can_finish=true remaining_plan_ms=440 safety_ms=200 budget_remaining_ms=3785
[0m
[LOG]:[36m[3B][Deadline] phase=greedy-filter task_index=0 behave=puton can_finish=true remaining_plan_ms=440 safety_ms=200 budget_remaining_ms=3785
[0m
[LOG]:[36m[3B][Deadline] phase=greedy-filter task_index=3 behave=puton can_finish=true remaining_plan_ms=440 safety_ms=200 budget_remaining_ms=3785
[0m
[LOG]:[TradeoffDecision] phase=greedy-filter task=2 decision=execute reason=legacy_priority lower=138 upper=218

[LOG]:[36m[3B][Deadline] phase=greedy-filter task_index=3 behave=puton can_finish=true remaining_plan_ms=440 safety_ms=200 budget_remaining_ms=3785
[0m
[LOG]:[36m[3B][Deadline] phase=greedy-filter task_index=0 behave=puton can_finish=true remaining_plan_ms=440 safety_ms=200 budget_remaining_ms=3785
[0m
[LOG]:[36m[3B][Deadline] phase=greedy-filter task_index=2 behave=puton can_finish=true remaining_plan_ms=440 safety_ms=200 budget_remaining_ms=3785
[0m
[LOG]:[TradeoffDecision] phase=greedy-filter task=3 decision=execute reason=legacy_priority lower=138 upper=218

[LOG]:[Scheduler] greedy task=0 marginal=28 remaining_ms=3785 group_attempt=true

[LOG]:[GuardedDecision] outcome=greedy reason=unverified_group_location cumulative_ms=0

[LOG]:[36m[3B][Deadline] phase=greedy-execution task_index=0 behave=puton can_finish=true remaining_plan_ms=440 safety_ms=200 budget_remaining_ms=3783
[0m
[LOG]:[DecisionFeedback] {"schema":"decision_feedback.v1","event":"candidate_selected","candidate_id":7,"task_index":0,"tasks":[0],"task_label":"puton","generated_ms":1215,"world_revision":5,"selection_reason":"greedy_highest_qualified_marginal_score","prediction":{"goal_gain":1,"goal_loss":0,"constraint_gain":0,"constraint_loss":0,"completed_goals":4,"maintained_constraints":0,"action_count":4,"action_cost":12,"final_reward":138,"utility":28},"expected_reward":138,"evidence":[{"object_id":0,"fact":"location","source":"action_success","verified":true},{"object_id":1,"fact":"location","source":"sense","verified":true},{"object_id":2,"fact":"location","source":"action_success","verified":true},{"object_id":2,"fact":"inside","source":"action_success","verified":true},{"object_id":3,"fact":"location","source":"action_success","verified":true},{"object_id":3,"fact":"inside","source":"action_success","verified":true},{"object_id":4,"fact":"location","source":"sense","verified":true},{"object_id":5,"fact":"location","source":"initial","verified":false},{"object_id":5,"fact":"container_state","source":"initial","verified":false},{"object_id":6,"fact":"location","source":"initial","verified":false},{"object_id":7,"fact":"location","source":"initial","verified":false},{"object_id":7,"fact":"inside","source":"initial","verified":false},{"object_id":8,"fact":"location","source":"initial","verified":false},{"object_id":9,"fact":"location","source":"initial","verified":false},{"object_id":9,"fact":"container_state","source":"initial","verified":false},{"object_id":10,"fact":"location","source":"initial","verified":false},{"object_id":10,"fact":"inside","source":"initial","verified":false},{"object_id":11,"fact":"location","source":"initial","verified":false},{"object_id":11,"fact":"container_state","source":"initial","verified":false},{"object_id":0,"fact":"hold","source":"action_success","verified":true},{"object_id":0,"fact":"plate","source":"action_success","verified":true}]}
[LOG]:[36m[3B][Remaining] event=begin task_index=0 behave=puton executed=0 total=4 remaining_utility=28 remaining_duration_ms=440
[0m
puton can的风险系数是：0
[LOG]:Move(4)
[LOG]:[36m[3B][Remaining] event=action task_index=0 action=Move executed=1 total=4 remaining_utility=32 remaining_duration_ms=320 can_finish=true
[0m
[LOG]:PickUp(2,can)
[LOG]:[36m[3B][Remaining] event=action task_index=0 action=PickUp executed=2 total=4 remaining_utility=74 remaining_duration_ms=220 can_finish=true
[0m
[LOG]:Move(6)
[LOG]:[36m[3B][Remaining] event=action task_index=0 action=Move executed=3 total=4 remaining_utility=78 remaining_duration_ms=100 can_finish=true
[0m
[LOG]:PutDown(2,can)
[LOG]:[36m[3B][Remaining] event=action task_index=0 action=PutDown executed=4 total=4 remaining_utility=40 remaining_duration_ms=0 can_finish=true
[0m
[LOG]:[DecisionFeedback] {"schema":"decision_feedback.v1","event":"candidate_result","candidate_id":7,"prediction":{"goal_gain":1,"goal_loss":0,"constraint_gain":0,"constraint_loss":0,"completed_goals":4,"maintained_constraints":0,"action_count":4,"action_cost":12,"final_reward":138,"utility":28},"actual":{"goal_gain":1,"goal_loss":0,"constraint_gain":0,"constraint_loss":0,"completed_goals":4,"maintained_constraints":0,"action_count":4,"action_cost":12,"final_reward":138,"utility":28},"succeeded":true,"failed_action":false,"failure_reasons":[],"error":{"goal_gain":0,"goal_loss":0,"constraint_gain":0,"constraint_loss":0,"action_cost":0,"utility":0}}
[LOG]:[36m[3B][Remaining] event=end task_index=0 behave=puton succeeded=true executed=4 total=4 remaining_utility=0 remaining_duration_ms=0
[0m
[LOG]:[Scheduler] result task=0 stable_id=0 success=true revision=9 attempts=0

[LOG]:[DecisionFeedback] {"schema":"decision_feedback.v1","event":"candidate_considered","candidate_id":10,"phase":"greedy-round","task_index":2,"task_label":"puton","legacy_choice":false,"eligible":true,"dry_run_succeeded":true,"prediction":{"goal_gain":1,"goal_loss":0,"constraint_gain":0,"constraint_loss":0,"completed_goals":5,"maintained_constraints":0,"action_count":4,"action_cost":12,"final_reward":166,"utility":28}}
[LOG]:[36m[3B][Candidate] phase=greedy-round rank=1 task_index=2 behave=puton legacy_choice=false eligible=true complete=true actions=4 duration_ms=440 action_cost=12 score_before=138 score_after=166 marginal_score=28 utility=28 gained_goals=[2] lost_goals=[] broken_constraints=[] preserved_constraints=[]
[0m
[LOG]:[DecisionFeedback] {"schema":"decision_feedback.v1","event":"candidate_considered","candidate_id":11,"phase":"greedy-round","task_index":3,"task_label":"puton","legacy_choice":false,"eligible":true,"dry_run_succeeded":true,"prediction":{"goal_gain":1,"goal_loss":0,"constraint_gain":0,"constraint_loss":0,"completed_goals":5,"maintained_constraints":0,"action_count":4,"action_cost":12,"final_reward":166,"utility":28}}
[LOG]:[36m[3B][Candidate] phase=greedy-round rank=2 task_index=3 behave=puton legacy_choice=false eligible=true complete=true actions=4 duration_ms=440 action_cost=12 score_before=138 score_after=166 marginal_score=28 utility=28 gained_goals=[3] lost_goals=[] broken_constraints=[] preserved_constraints=[]
[0m
[LOG]:[36m[3B][Deadline] phase=greedy-filter task_index=2 behave=puton can_finish=true remaining_plan_ms=440 safety_ms=200 budget_remaining_ms=2764
[0m
[LOG]:[36m[3B][Deadline] phase=greedy-filter task_index=3 behave=puton can_finish=true remaining_plan_ms=440 safety_ms=200 budget_remaining_ms=2764
[0m
[LOG]:[TradeoffDecision] phase=greedy-filter task=2 decision=execute reason=legacy_priority lower=166 upper=206

[LOG]:[36m[3B][Deadline] phase=greedy-filter task_index=3 behave=puton can_finish=true remaining_plan_ms=440 safety_ms=200 budget_remaining_ms=2764
[0m
[LOG]:[36m[3B][Deadline] phase=greedy-filter task_index=2 behave=puton can_finish=true remaining_plan_ms=440 safety_ms=200 budget_remaining_ms=2764
[0m
[LOG]:[TradeoffDecision] phase=greedy-filter task=3 decision=execute reason=legacy_priority lower=166 upper=206

[LOG]:[Scheduler] greedy task=2 marginal=28 remaining_ms=2764 group_attempt=true

[LOG]:[GuardedDecision] outcome=greedy reason=unverified_group_location cumulative_ms=2

[LOG]:[36m[3B][Deadline] phase=greedy-execution task_index=2 behave=puton can_finish=true remaining_plan_ms=440 safety_ms=200 budget_remaining_ms=2764
[0m
[LOG]:[DecisionFeedback] {"schema":"decision_feedback.v1","event":"candidate_selected","candidate_id":10,"task_index":2,"tasks":[2],"task_label":"puton","generated_ms":2236,"world_revision":9,"selection_reason":"greedy_highest_qualified_marginal_score","prediction":{"goal_gain":1,"goal_loss":0,"constraint_gain":0,"constraint_loss":0,"completed_goals":5,"maintained_constraints":0,"action_count":4,"action_cost":12,"final_reward":166,"utility":28},"expected_reward":166,"evidence":[{"object_id":0,"fact":"location","source":"action_success","verified":true},{"object_id":1,"fact":"location","source":"sense","verified":true},{"object_id":2,"fact":"location","source":"action_success","verified":true},{"object_id":2,"fact":"inside","source":"action_success","verified":true},{"object_id":3,"fact":"location","source":"action_success","verified":true},{"object_id":3,"fact":"inside","source":"action_success","verified":true},{"object_id":4,"fact":"location","source":"sense","verified":true},{"object_id":5,"fact":"location","source":"initial","verified":false},{"object_id":5,"fact":"container_state","source":"initial","verified":false},{"object_id":6,"fact":"location","source":"initial","verified":false},{"object_id":7,"fact":"location","source":"initial","verified":false},{"object_id":7,"fact":"inside","source":"initial","verified":false},{"object_id":8,"fact":"location","source":"initial","verified":false},{"object_id":9,"fact":"location","source":"initial","verified":false},{"object_id":9,"fact":"container_state","source":"initial","verified":false},{"object_id":10,"fact":"location","source":"action_success","verified":true},{"object_id":10,"fact":"inside","source":"action_success","verified":true},{"object_id":11,"fact":"location","source":"initial","verified":false},{"object_id":11,"fact":"container_state","source":"initial","verified":false},{"object_id":0,"fact":"hold","source":"action_success","verified":true},{"object_id":0,"fact":"plate","source":"action_success","verified":true}]}
[LOG]:[36m[3B][Remaining] event=begin task_index=2 behave=puton executed=0 total=4 remaining_utility=28 remaining_duration_ms=440
[0m
puton bottle的风险系数是：0
[LOG]:Move(3)
[LOG]:[36m[3B][Remaining] event=action task_index=2 action=Move executed=1 total=4 remaining_utility=32 remaining_duration_ms=320 can_finish=true
[0m
[LOG]:PickUp(10,bottle)
[LOG]:[36m[3B][Remaining] event=action task_index=2 action=PickUp executed=2 total=4 remaining_utility=74 remaining_duration_ms=220 can_finish=true
[0m
[LOG]:Move(6)
[LOG]:[36m[3B][Remaining] event=action task_index=2 action=Move executed=3 total=4 remaining_utility=78 remaining_duration_ms=100 can_finish=true
[0m
[LOG]:PutDown(10,bottle)
[LOG]:[36m[3B][Remaining] event=action task_index=2 action=PutDown executed=4 total=4 remaining_utility=40 remaining_duration_ms=0 can_finish=true
[0m
[LOG]:[DecisionFeedback] {"schema":"decision_feedback.v1","event":"candidate_result","candidate_id":10,"prediction":{"goal_gain":1,"goal_loss":0,"constraint_gain":0,"constraint_loss":0,"completed_goals":5,"maintained_constraints":0,"action_count":4,"action_cost":12,"final_reward":166,"utility":28},"actual":{"goal_gain":1,"goal_loss":0,"constraint_gain":0,"constraint_loss":0,"completed_goals":5,"maintained_constraints":0,"action_count":4,"action_cost":12,"final_reward":166,"utility":28},"succeeded":true,"failed_action":false,"failure_reasons":[],"error":{"goal_gain":0,"goal_loss":0,"constraint_gain":0,"constraint_loss":0,"action_cost":0,"utility":0}}
[LOG]:[36m[3B][Remaining] event=end task_index=2 behave=puton succeeded=true executed=4 total=4 remaining_utility=0 remaining_duration_ms=0
[0m
[LOG]:[Scheduler] result task=2 stable_id=3 success=true revision=13 attempts=0

[LOG]:[DecisionFeedback] {"schema":"decision_feedback.v1","event":"candidate_considered","candidate_id":12,"phase":"greedy-round","task_index":3,"task_label":"puton","legacy_choice":false,"eligible":true,"dry_run_succeeded":true,"prediction":{"goal_gain":1,"goal_loss":0,"constraint_gain":0,"constraint_loss":0,"completed_goals":6,"maintained_constraints":0,"action_count":4,"action_cost":12,"final_reward":194,"utility":28}}
[LOG]:[36m[3B][Candidate] phase=greedy-round rank=1 task_index=3 behave=puton legacy_choice=false eligible=true complete=true actions=4 duration_ms=440 action_cost=12 score_before=166 score_after=194 marginal_score=28 utility=28 gained_goals=[3] lost_goals=[] broken_constraints=[] preserved_constraints=[]
[0m
[LOG]:[36m[3B][Deadline] phase=greedy-filter task_index=3 behave=puton can_finish=true remaining_plan_ms=440 safety_ms=200 budget_remaining_ms=1978
[0m
[LOG]:[TradeoffDecision] phase=greedy-filter task=3 decision=execute reason=legacy_priority lower=194 upper=194

[LOG]:[Scheduler] greedy task=3 marginal=28 remaining_ms=1978 group_attempt=true

[LOG]:[GuardedDecision] outcome=greedy reason=unverified_group_location cumulative_ms=2

[LOG]:[36m[3B][Deadline] phase=greedy-execution task_index=3 behave=puton can_finish=true remaining_plan_ms=440 safety_ms=200 budget_remaining_ms=1978
[0m
[LOG]:[DecisionFeedback] {"schema":"decision_feedback.v1","event":"candidate_selected","candidate_id":12,"task_index":3,"tasks":[3],"task_label":"puton","generated_ms":3022,"world_revision":13,"selection_reason":"greedy_highest_qualified_marginal_score","prediction":{"goal_gain":1,"goal_loss":0,"constraint_gain":0,"constraint_loss":0,"completed_goals":6,"maintained_constraints":0,"action_count":4,"action_cost":12,"final_reward":194,"utility":28},"expected_reward":194,"evidence":[{"object_id":0,"fact":"location","source":"action_success","verified":true},{"object_id":1,"fact":"location","source":"sense","verified":true},{"object_id":2,"fact":"location","source":"action_success","verified":true},{"object_id":2,"fact":"inside","source":"action_success","verified":true},{"object_id":3,"fact":"location","source":"action_success","verified":true},{"object_id":3,"fact":"inside","source":"action_success","verified":true},{"object_id":4,"fact":"location","source":"sense","verified":true},{"object_id":5,"fact":"location","source":"initial","verified":false},{"object_id":5,"fact":"container_state","source":"initial","verified":false},{"object_id":6,"fact":"location","source":"initial","verified":false},{"object_id":7,"fact":"location","source":"action_success","verified":true},{"object_id":7,"fact":"inside","source":"action_success","verified":true},{"object_id":8,"fact":"location","source":"initial","verified":false},{"object_id":9,"fact":"location","source":"initial","verified":false},{"object_id":9,"fact":"container_state","source":"initial","verified":false},{"object_id":10,"fact":"location","source":"action_success","verified":true},{"object_id":10,"fact":"inside","source":"action_success","verified":true},{"object_id":11,"fact":"location","source":"initial","verified":false},{"object_id":11,"fact":"container_state","source":"initial","verified":false},{"object_id":0,"fact":"hold","source":"action_success","verified":true},{"object_id":0,"fact":"plate","source":"action_success","verified":true}]}
[LOG]:[36m[3B][Remaining] event=begin task_index=3 behave=puton executed=0 total=4 remaining_utility=28 remaining_duration_ms=440
[0m
puton book的风险系数是：0
[LOG]:Move(4)
[LOG]:[36m[3B][Remaining] event=action task_index=3 action=Move executed=1 total=4 remaining_utility=32 remaining_duration_ms=320 can_finish=true
[0m
[LOG]:PickUp(7,book)
[LOG]:[36m[3B][Remaining] event=action task_index=3 action=PickUp executed=2 total=4 remaining_utility=74 remaining_duration_ms=220 can_finish=true
[0m
[LOG]:Move(6)
[LOG]:[36m[3B][Remaining] event=action task_index=3 action=Move executed=3 total=4 remaining_utility=78 remaining_duration_ms=100 can_finish=true
[0m
[LOG]:PutDown(7,book)
[LOG]:[36m[3B][Remaining] event=action task_index=3 action=PutDown executed=4 total=4 remaining_utility=40 remaining_duration_ms=0 can_finish=true
[0m
[LOG]:[DecisionFeedback] {"schema":"decision_feedback.v1","event":"candidate_result","candidate_id":12,"prediction":{"goal_gain":1,"goal_loss":0,"constraint_gain":0,"constraint_loss":0,"completed_goals":6,"maintained_constraints":0,"action_count":4,"action_cost":12,"final_reward":194,"utility":28},"actual":{"goal_gain":1,"goal_loss":0,"constraint_gain":0,"constraint_loss":0,"completed_goals":6,"maintained_constraints":0,"action_count":4,"action_cost":12,"final_reward":194,"utility":28},"succeeded":true,"failed_action":false,"failure_reasons":[],"error":{"goal_gain":0,"goal_loss":0,"constraint_gain":0,"constraint_loss":0,"action_cost":0,"utility":0}}
[LOG]:[36m[3B][Remaining] event=end task_index=3 behave=puton succeeded=true executed=4 total=4 remaining_utility=0 remaining_duration_ms=0
[0m
[LOG]:[Scheduler] result task=3 stable_id=4 success=true revision=17 attempts=0

[LOG]:[Scheduler] stop reason=goals_complete_or_deadline


Sovled Task Num:4    Expect Num:6
[LOG]:[36m[3A][final] goals=6/6 (unknown=0), constraints=0/0 (unknown=0), base_score=194, action_cost=46, elapsed=3843ms, remaining=1157ms
[0m
[LOG]:[36m[3A][final] completed_goals=[0:puton,1:puton,2:puton,3:puton,4:takeout,5:goto], satisfied_constraints=[]
[0m
#(Plug): Elapsed time=3.845s
#(RDFW): Fini - Comprehensive state cleanup for next test
#(RDFW): Optimizing memory usage...
#(RDFW): Memory optimization completed
#(RDFW): Comprehensive state cleanup completed - ready for next test
