[RDFW_TEST_SEED] 2026100401
=========================================
= Simulation @Home Competition Platform =
=========================================
= Ready to accept a new team
# Registration from 'RDFW'
> Configurations:
	Mode: IT
	Timeout: 5000
	TestDir: /mnt/c/Users/20723/Desktop/2026robocup/upstream-main-20260928/validation/review176-20261004/raw/frozen-v2/runs/seen175-2026100401-h03a-it-src1.7.5/runtime/tests/
	TestSize: 1
	Single test: 1
# Testing <case.xml>
# Result:
	[Sense | 3 1]
	[FromPlate 3|true]
	[Move 6|true]
	[Sense | 4 3]
	[PutDown 3|true]
	[Move 4|true]
	[PickUp 2|true]
	[Move 6|true]
	[PutDown 2|true]
	[Move 3|true]
	[PickUp 10|true]
	[Move 6|true]
	[PutDown 10|true]
	[Move 4|true]
	[PickUp 7|true]
	[Move 6|true]
	[PutDown 7|true]
# Time: 3.845s
# Score: 176
