=========================================
= Simulation @Home Competition Platform =
=========================================
= Ready to accept a new team
# Registration from 'RDFW'
> Configurations:
	Mode: NT
	Timeout: 5000
	TestDir: /mnt/d/FILES for Yvaine/WUT/Match/robocup/2026NGZR/scr1.2/artifacts/baseline-scr1.1.2-review/legacy-01-s2-nt-r1/runtime/tests/
	TestSize: 1
	Single test: 1
# Testing <case.xml>
# Result:
	[PutDown 13|true]
	[FromPlate 20|true]
	[Move 5|true]
	[Sense | 5 20]
	[PutDown 20|true]
	[AskLoc 16|inside(16,7)]
	[Move 7|true]
	[Open 7|true]
	[TakeOut 16 7|false]
	[Sense | 7 19]
	[Move 3|true]
	[Sense | 3]
	[PutDown 16|false]
	[AskLoc 12|inside(12,6)]
	[Move 6|true]
	[Open 6|true]
	[TakeOut 12 6|true]
	[Move 11|true]
	[Sense | 17 11 12]
	[PutDown 12|true]
	[AskLoc 14|at(14,2)]
	[Move 2|true]
	[PickUp 14|true]
	[Move 1|true]
	[Sense | 1 14]
	[PutDown 14|true]
	[Move 8|true]
	[TakeOut 19 8|false]
	[AskLoc 19|at(19,6)]
	[Move 2|true]
	[PickUp 15|true]
	[Move 10|true]
	[Sense | 10 15]
# Time: 4.04s
# Score: 118
