[LOG]:-stage
[LOG]:-nlp
[LOG]:-err
[LOG]:-ask_2
[LOG]:-path
[LOG]:nlp 0, err 1
#(RDFW): Initializing dynamic arrays with size 100
#(RDFW): Dynamic arrays initialization completed
#(Plug): Timeout=5000
#(RDFW): Starting new test - verifying clean state
#(RDFW): Pre-test state verification completed
[32mcase.xml
[0m--------------------------------------------
Ready to Parse Env Infos.

ParseEnv finished
--------------------------------------------
Ready to Parse Tasks and Cons.
Pos  0:(F):
Pos  1:(T):[33m(1 sofa)[0m
Pos  2:(T):[33m(2 teapoy)[0m(20 cup)
Pos  3:(T):[33m(3 bed)[0m
Pos  4:(T):[33m(4 cupboard inside:[19] Closed)[0m(19 book)(24 remotecontrol)
Pos  5:(T):[33m(5 couch)[0m(27 cup)
Pos  6:(T):[33m(6 desk)[0m(28 can)
Pos  7:(T):[33m(7 chair)[0m
Pos  8:(T):[33m(8 closet inside:[] Open)[0m
Pos  9:(T):[33m(9 airconditioner)[0m(21 book)
Pos 10:(T):
Pos 11:(T):[33m(11 plant)[0m
Pos 12:(T):[32m(robot hold:18 plate:0)[0m[33m(12 television)[0m(18 bottle)
Pos 13:(F):
Pos 14:(F):[33m(14 table)[0m(17 cup)
Pos 15:(F):[33m(15 workspace)[0m(16 cup)(23 can)(25 remotecontrol)
UnknownPos:
[34m(10 )[0m [34m(13 )[0m [34m(22 book)[0m [34m(26 can)[0m 
[LOG]:[32m[MustIn] correction done.
[0m
[LOG]:[32m[MustNear] lock obj[0] @ 12
[0m
[LOG]:[32m[MustNear] lock obj[1] @ 1
[0m
[LOG]:[32m[MustNear] lock obj[2] @ 2
[0m
[LOG]:[32m[MustNear] lock obj[3] @ 3
[0m
[LOG]:[32m[MustNear] lock obj[4] @ 4
[0m
[LOG]:[32m[MustNear] lock obj[5] @ 5
[0m
[LOG]:[32m[MustNear] lock obj[6] @ 6
[0m
[LOG]:[32m[MustNear] lock obj[7] @ 7
[0m
[LOG]:[32m[MustNear] lock obj[8] @ 8
[0m
[LOG]:[32m[MustNear] lock obj[9] @ 9
[0m
[LOG]:[32m[MustNear] lock obj[11] @ 11
[0m
[LOG]:[32m[MustNear] lock obj[12] @ 12
[0m
[LOG]:[32m[MustNear] lock obj[14] @ 14
[0m
[LOG]:[32m[MustNear] lock obj[15] @ 15
[0m
[LOG]:[32m[MustNear] lock obj[16] @ 15
[0m
[LOG]:[32m[MustNear] lock obj[17] @ 14
[0m
[LOG]:[32m[MustNear] lock obj[18] @ 12
[0m
[LOG]:[32m[MustNear] lock obj[19] @ 4
[0m
[LOG]:[32m[MustNear] lock obj[20] @ 2
[0m
[LOG]:[32m[MustNear] lock obj[21] @ 9
[0m
[LOG]:[32m[MustNear] lock obj[23] @ 15
[0m
[LOG]:[32m[MustNear] lock obj[24] @ 4
[0m
[LOG]:[32m[MustNear] lock obj[25] @ 15
[0m
[LOG]:[32m[MustNear] lock obj[27] @ 5
[0m
[LOG]:[32m[MustNear] lock obj[28] @ 6
[0m
[LOG]:[32m[MustNear] correction done.
[0m
Pos  0:(F):
Pos  1:(T):[33m(1 sofa)[0m
Pos  2:(T):[33m(2 teapoy)[0m(20 cup)
Pos  3:(T):[33m(3 bed)[0m
Pos  4:(T):[33m(4 cupboard inside:[19] Closed)[0m(19 book)(24 remotecontrol)
Pos  5:(T):[33m(5 couch)[0m(27 cup)
Pos  6:(T):[33m(6 desk)[0m(28 can)
Pos  7:(T):[33m(7 chair)[0m
Pos  8:(T):[33m(8 closet inside:[] Open)[0m
Pos  9:(T):[33m(9 airconditioner)[0m(21 book)
Pos 10:(T):
Pos 11:(T):[33m(11 plant)[0m
Pos 12:(T):[32m(robot hold:18 plate:0)[0m[33m(12 television)[0m(18 bottle)
Pos 13:(F):
Pos 14:(F):[33m(14 table)[0m(17 cup)
Pos 15:(F):[33m(15 workspace)[0m(16 cup)(23 can)(25 remotecontrol)
UnknownPos:
[34m(10 )[0m [34m(13 )[0m [34m(22 book)[0m [34m(26 can)[0m 
Task:
Behave:[35mgoto[0m
ConditionX:[35m(Sort:desk,Color:)[0m
ConditionY:[35m(Sort:,Color:)[0m
Behave:[35mpickup[0m
ConditionX:[35m(Sort:remotecontrol,Color:red)[0m
ConditionY:[35m(Sort:,Color:)[0m
Behave:[35mputon[0m
ConditionX:[35m(Sort:cup,Color:blue)[0m
ConditionY:[35m(Sort:airconditioner,Color:)[0m

Info:
Behave:[35mon[0m
ConditionX:[35m(Sort:cup,Color:red)[0m
ConditionY:[35m(Sort:teapoy,Color:)[0m
Behave:[35mclosed[0m
ConditionX:[35m(Sort:cupboard,Color:)[0m
ConditionY:[35m(Sort:,Color:)[0m

Not_Info:

Not_Task:

NotNot_Info:
Behave:[35mopened[0m
ConditionX:[35m(Sort:closet,Color:)[0m
ConditionY:[35m(Sort:,Color:)[0m
Parse Tasks, Cons and Infos finished.
--------------------------------------------
Ready to Cons  plan
[FilterConstraintsByTaskConflicts] Discarded goto_cons at location 0 due to 0 conflicts.
cons_plan finished
--------------------------------------------
taskoptimization finished
--------------------------------------------
3
puton cup的风险系数是：0
[LOG]:PutDown(18,bottle)
[LOG]:Move(14)
[LOG]:PickUp(17,cup)
[LOG]:Move(9)
[LOG]:[32m[SenseCurrentLocationOnly] Location 9 marked as sensed
[0m
[LOG]:[SenseCurrentLocationOnly] Object 9 detected at location 9
[LOG]:[SenseCurrentLocationOnly] Object 21 detected at location 9
[LOG]:[SenseCurrentLocationOnly] Object 17 detected at location 9
[LOG]:PutDown(17,cup)
[LOG]:[32mTask done
 Behave:[35mputon[0m
ConditionX:[35m(Sort:cup,Color:blue)[0m
ConditionY:[35m(Sort:airconditioner,Color:)[0m
[0m
pickup remotecontrol的风险系数是：0
[LOG]:Move(4)
[LOG]:PickUp(24,remotecontrol)
[LOG]:AskLoc(24)
[LOG]:Move(5)
[LOG]:PickUp(24,remotecontrol)
[LOG]:[32mTask done
 Behave:[35mpickup[0m
ConditionX:[35m(Sort:remotecontrol,Color:red)[0m
ConditionY:[35m(Sort:,Color:)[0m
[0m
[DBG] goto risk@loc=6 bool=0
goto desk的风险系数是：0
[LOG]:Move(6)
[LOG]:[32m[SenseCurrentLocationOnly] Location 6 marked as sensed
[0m
[LOG]:[SenseCurrentLocationOnly] Object 22 detected at location 6
[LOG]:[SenseCurrentLocationOnly] Object 28 detected at location 6
[LOG]:[SenseCurrentLocationOnly] Object 6 detected at location 6
[LOG]:[SenseCurrentLocationOnly] Object 24 detected at location 6
[LOG]:[32mTask done
 Behave:[35mgoto[0m
ConditionX:[35m(Sort:desk,Color:)[0m
ConditionY:[35m(Sort:,Color:)[0m
[0m
-----check check check-----
Pos  0:(F):
Pos  1:(T):[33m(1 sofa)[0m
Pos  2:(T):[33m(2 teapoy)[0m(20 cup)
Pos  3:(T):[33m(3 bed)[0m
Pos  4:(T):[33m(4 cupboard inside:[19] Closed)[0m(19 book)
Pos  5:(F):[33m(5 couch)[0m(27 cup)
Pos  6:(T):[32m(robot hold:24 plate:0)[0m[33m(6 desk)[0m(22 book)(24 remotecontrol)(28 can)
Pos  7:(T):[33m(7 chair)[0m
Pos  8:(T):[33m(8 closet inside:[] Open)[0m
Pos  9:(T):[33m(9 airconditioner)[0m(17 cup)(21 book)
Pos 10:(T):
Pos 11:(T):[33m(11 plant)[0m
Pos 12:(T):[33m(12 television)[0m(18 bottle)
Pos 13:(F):
Pos 14:(F):[33m(14 table)[0m
Pos 15:(F):[33m(15 workspace)[0m(16 cup)(23 can)(25 remotecontrol)
UnknownPos:
[34m(10 )[0m [34m(13 )[0m [34m(26 can)[0m 
[LOG]:[32m[MultiGoto] Executing multi-goto aggregation - skipping Sense operations
[0m
[LOG]:[32m[MultiGoto] small_cand_id_disable: 
[LOG]:[32m
[0m
[LOG]:[32m[MultiGoto] small_cand_ids: 
[LOG]:[32m
[0m
[LOG]:[32m[MultiGoto] big_cand_ids: 
[LOG]:[32m
[0m
[LOG]:[32m[MultiGoto] small_cand_ids.size()=0, big_cand_ids.size()=0
[0m
[LOG]:[32m[MultiGoto] small_lowrisk_ids.size()=0
[0m
[LOG]:[33m[MultiGoto] Skipping aggregation: small_lowrisk_ids.size()=0, big_cand_ids.size()=0
[0m
[LOG]:[32m[MultiGoto] ExecuteMultiGotoAggregation finished
[0m

Sovled Task Num:3    Expect Num:3
#(Plug): Elapsed time=1.738s
#(RDFW): Fini - Comprehensive state cleanup for next test
#(RDFW): Optimizing memory usage...
#(RDFW): Memory optimization completed
#(RDFW): Comprehensive state cleanup completed - ready for next test
