[LOG]:-stage
[LOG]:-nlp
[LOG]:-err
[LOG]:-ask_2
[LOG]:-path
[LOG]:nlp 0, err 1
#(RDFW): Initializing dynamic arrays with size 100
#(RDFW): Dynamic arrays initialization completed
#(Plug): Timeout=5000
#(RDFW): Starting new test - verifying clean state
#(RDFW): Pre-test state verification completed
[32mcase.xml
[0m--------------------------------------------
Ready to Parse Env Infos.

ParseEnv finished
--------------------------------------------
Ready to Parse Tasks and Cons.
Pos  0:(F):
Pos  1:(T):[33m(1 worktable)[0m
Pos  2:(T):[33m(2 closet inside:[8] Closed)[0m(8 can)
Pos  3:(T):[33m(3 microwave inside:[10] Open)[0m(10 can)
Pos  4:(T):[33m(4 plant)[0m(9 can)
Pos  5:(T):[32m(robot hold:0 plate:15)[0m[33m(5 sofa)[0m(15 book)
Pos  6:(F):[33m(6 human)[0m
Pos  7:(F):[33m(7 teapoy)[0m(11 can)
UnknownPos:
[34m(12 bottle)[0m [34m(13 bottle)[0m [34m(14 book)[0m 
[LOG]:[32m[MustIn] correction done.
[0m
[LOG]:[32m[MustNear] lock obj[0] @ 5
[0m
[LOG]:[32m[MustNear] lock obj[1] @ 1
[0m
[LOG]:[32m[MustNear] lock obj[2] @ 2
[0m
[LOG]:[32m[MustNear] lock obj[3] @ 3
[0m
[LOG]:[32m[MustNear] lock obj[4] @ 4
[0m
[LOG]:[32m[MustNear] lock obj[5] @ 5
[0m
[LOG]:[32m[MustNear] lock obj[6] @ 6
[0m
[LOG]:[32m[MustNear] lock obj[7] @ 7
[0m
[LOG]:[32m[MustNear] lock obj[8] @ 2
[0m
[LOG]:[32m[MustNear] lock obj[9] @ 4
[0m
[LOG]:[32m[MustNear] lock obj[10] @ 3
[0m
[LOG]:[32m[MustNear] lock obj[11] @ 7
[0m
[LOG]:[32m[MustNear] lock obj[15] @ 5
[0m
[LOG]:[32m[MustNear] correction done.
[0m
Pos  0:(F):
Pos  1:(T):[33m(1 worktable)[0m
Pos  2:(T):[33m(2 closet inside:[8] Closed)[0m(8 can)
Pos  3:(T):[33m(3 microwave inside:[10] Open)[0m(10 can)
Pos  4:(T):[33m(4 plant)[0m(9 can)
Pos  5:(T):[32m(robot hold:0 plate:15)[0m[33m(5 sofa)[0m(15 book)
Pos  6:(F):[33m(6 human)[0m
Pos  7:(F):[33m(7 teapoy)[0m(11 can)
UnknownPos:
[34m(12 bottle)[0m [34m(13 bottle)[0m [34m(14 book)[0m 
Task:
Behave:[35mgive[0m
ConditionX:[35m(Sort:can,Color:)[0m
ConditionY:[35m(Sort:,Color:)[0m
Behave:[35mputon[0m
ConditionX:[35m(Sort:can,Color:)[0m
ConditionY:[35m(Sort:worktable,Color:)[0m
Behave:[35mgoto[0m
ConditionX:[35m(Sort:teapoy,Color:)[0m
ConditionY:[35m(Sort:,Color:)[0m
Behave:[35mpickup[0m
ConditionX:[35m(Sort:can,Color:green)[0m
ConditionY:[35m(Sort:teapoy,Color:)[0m
Behave:[35mpickup[0m
ConditionX:[35m(Sort:can,Color:white)[0m
ConditionY:[35m(Sort:teapoy,Color:)[0m

Info:

Not_Info:
Behave:[35mplate[0m
ConditionX:[35m(Sort:can,Color:red)[0m
ConditionY:[35m(Sort:,Color:)[0m
Behave:[35mplate[0m
ConditionX:[35m(Sort:can,Color:black)[0m
ConditionY:[35m(Sort:,Color:)[0m
Behave:[35mplate[0m
ConditionX:[35m(Sort:can,Color:white)[0m
ConditionY:[35m(Sort:,Color:)[0m

Not_Task:

NotNot_Info:
Parse Tasks, Cons and Infos finished.
--------------------------------------------
Ready to Cons  plan
[FilterConstraintsByTaskConflicts] Discarded goto_cons at location 0 due to 0 conflicts.
cons_plan finished
--------------------------------------------
taskoptimization finished
--------------------------------------------
5
give can的风险系数是：0
[LOG]:Move(2)
[LOG]:[31mMove: Plug::Move(2) failed
[0m
[LOG]:AskLoc(8)
[31m[ERROR]:/mnt/d/FILES for Yvaine/WUT/Match/robocup/2026NGZR/scr1.1/rdfw.cpp:2643 AskLoc returned empty string for object (8,can)[0m
[LOG]:AskLoc(8)
[31m[ERROR]:/mnt/d/FILES for Yvaine/WUT/Match/robocup/2026NGZR/scr1.1/rdfw.cpp:2643 AskLoc returned empty string for object (8,can)[0m
[LOG]:[33mAskLoc(8) produced no usable bounded reply
[0m
[LOG]:Move(2)
[LOG]:[31mMove: Plug::Move(2) failed
[0m
[LOG]:[32mTask not done
 Behave:[35mgive[0m
ConditionX:[35m(Sort:can,Color:)[0m
ConditionY:[35m(Sort:,Color:)[0m
[0m
puton can的风险系数是：0
[LOG]:Move(2)
[LOG]:[31mMove: Plug::Move(2) failed
[0m
[LOG]:AskLoc(8)
[31m[ERROR]:/mnt/d/FILES for Yvaine/WUT/Match/robocup/2026NGZR/scr1.1/rdfw.cpp:2643 AskLoc returned empty string for object (8,can)[0m
[LOG]:AskLoc(8)
[31m[ERROR]:/mnt/d/FILES for Yvaine/WUT/Match/robocup/2026NGZR/scr1.1/rdfw.cpp:2643 AskLoc returned empty string for object (8,can)[0m
[LOG]:[33mAskLoc(8) produced no usable bounded reply
[0m
[LOG]:Move(2)
[LOG]:[31mMove: Plug::Move(2) failed
[0m
[LOG]:[32mTask not done
 Behave:[35mputon[0m
ConditionX:[35m(Sort:can,Color:)[0m
ConditionY:[35m(Sort:worktable,Color:)[0m
[0m
pickup can的风险系数是：0
[LOG]:Move(4)
[LOG]:[31mMove: Plug::Move(4) failed
[0m
[LOG]:AskLoc(9)
[31m[ERROR]:/mnt/d/FILES for Yvaine/WUT/Match/robocup/2026NGZR/scr1.1/rdfw.cpp:2643 AskLoc returned empty string for object (9,can)[0m
[LOG]:AskLoc(9)
[31m[ERROR]:/mnt/d/FILES for Yvaine/WUT/Match/robocup/2026NGZR/scr1.1/rdfw.cpp:2643 AskLoc returned empty string for object (9,can)[0m
[LOG]:[33mAskLoc(9) produced no usable bounded reply
[0m
[LOG]:Move(4)
[LOG]:[31mMove: Plug::Move(4) failed
[0m
[LOG]:[32mTask not done
 Behave:[35mpickup[0m
ConditionX:[35m(Sort:can,Color:green)[0m
ConditionY:[35m(Sort:teapoy,Color:)[0m
[0m
pickup can的风险系数是：0
[LOG]:Move(7)
[LOG]:[31mMove: Plug::Move(7) failed
[0m
[LOG]:AskLoc(11)
[31m[ERROR]:/mnt/d/FILES for Yvaine/WUT/Match/robocup/2026NGZR/scr1.1/rdfw.cpp:2643 AskLoc returned empty string for object (11,can)[0m
[LOG]:AskLoc(11)
[31m[ERROR]:/mnt/d/FILES for Yvaine/WUT/Match/robocup/2026NGZR/scr1.1/rdfw.cpp:2643 AskLoc returned empty string for object (11,can)[0m
[LOG]:[33mAskLoc(11) produced no usable bounded reply
[0m
[LOG]:Move(7)
[LOG]:[31mMove: Plug::Move(7) failed
[0m
[LOG]:[32mTask not done
 Behave:[35mpickup[0m
ConditionX:[35m(Sort:can,Color:white)[0m
ConditionY:[35m(Sort:teapoy,Color:)[0m
[0m
[DBG] goto risk@loc=7 bool=0
goto teapoy的风险系数是：0
[LOG]:Move(7)
[LOG]:[31mMove: Plug::Move(7) failed
[0m
[LOG]:AskLoc(7)
[31m[ERROR]:/mnt/d/FILES for Yvaine/WUT/Match/robocup/2026NGZR/scr1.1/rdfw.cpp:2643 AskLoc returned empty string for object (7,teapoy)[0m
[LOG]:AskLoc(7)
[31m[ERROR]:/mnt/d/FILES for Yvaine/WUT/Match/robocup/2026NGZR/scr1.1/rdfw.cpp:2643 AskLoc returned empty string for object (7,teapoy)[0m
[LOG]:[33mAskLoc(7) produced no usable bounded location reply
[0m
[LOG]:Move(7)
[LOG]:[31mMove: Plug::Move(7) failed
[0m
[LOG]:[32mTask not done
 Behave:[35mgoto[0m
ConditionX:[35m(Sort:teapoy,Color:)[0m
ConditionY:[35m(Sort:,Color:)[0m
[0m
stage=2
Must Choose one:give
[LOG]:AskLoc(8)
[31m[ERROR]:/mnt/d/FILES for Yvaine/WUT/Match/robocup/2026NGZR/scr1.1/rdfw.cpp:2643 AskLoc returned empty string for object (8,can)[0m
[LOG]:AskLoc(8)
[31m[ERROR]:/mnt/d/FILES for Yvaine/WUT/Match/robocup/2026NGZR/scr1.1/rdfw.cpp:2643 AskLoc returned empty string for object (8,can)[0m
[LOG]:[33mAskLoc(8) produced no usable bounded reply
[0m
give can的风险系数是：0
[LOG]:Move(2)
[LOG]:[31mMove: Plug::Move(2) failed
[0m
[LOG]:AskLoc(8)
[31m[ERROR]:/mnt/d/FILES for Yvaine/WUT/Match/robocup/2026NGZR/scr1.1/rdfw.cpp:2643 AskLoc returned empty string for object (8,can)[0m
[LOG]:AskLoc(8)
[31m[ERROR]:/mnt/d/FILES for Yvaine/WUT/Match/robocup/2026NGZR/scr1.1/rdfw.cpp:2643 AskLoc returned empty string for object (8,can)[0m
[LOG]:[33mAskLoc(8) produced no usable bounded reply
[0m
[LOG]:Move(2)
[LOG]:[31mMove: Plug::Move(2) failed
[0m
Must Choose one:give
[LOG]:AskLoc(8)
[31m[ERROR]:/mnt/d/FILES for Yvaine/WUT/Match/robocup/2026NGZR/scr1.1/rdfw.cpp:2643 AskLoc returned empty string for object (8,can)[0m
[LOG]:AskLoc(8)
[31m[ERROR]:/mnt/d/FILES for Yvaine/WUT/Match/robocup/2026NGZR/scr1.1/rdfw.cpp:2643 AskLoc returned empty string for object (8,can)[0m
[LOG]:[33mAskLoc(8) produced no usable bounded reply
[0m
give can的风险系数是：0
[LOG]:Move(2)
[LOG]:[31mMove: Plug::Move(2) failed
[0m
[LOG]:AskLoc(8)
[31m[ERROR]:/mnt/d/FILES for Yvaine/WUT/Match/robocup/2026NGZR/scr1.1/rdfw.cpp:2643 AskLoc returned empty string for object (8,can)[0m
[LOG]:AskLoc(8)
[31m[ERROR]:/mnt/d/FILES for Yvaine/WUT/Match/robocup/2026NGZR/scr1.1/rdfw.cpp:2643 AskLoc returned empty string for object (8,can)[0m
[LOG]:[33mAskLoc(8) produced no usable bounded reply
[0m
[LOG]:Move(2)
[LOG]:[31mMove: Plug::Move(2) failed
[0m
Must Choose one:give
[LOG]:AskLoc(8)
[31m[ERROR]:/mnt/d/FILES for Yvaine/WUT/Match/robocup/2026NGZR/scr1.1/rdfw.cpp:2643 AskLoc returned empty string for object (8,can)[0m
[LOG]:AskLoc(8)
[31m[ERROR]:/mnt/d/FILES for Yvaine/WUT/Match/robocup/2026NGZR/scr1.1/rdfw.cpp:2643 AskLoc returned empty string for object (8,can)[0m
[LOG]:[33mAskLoc(8) produced no usable bounded reply
[0m
give can的风险系数是：0
[LOG]:Move(2)
[LOG]:[31mMove: Plug::Move(2) failed
[0m
[LOG]:AskLoc(8)
[31m[ERROR]:/mnt/d/FILES for Yvaine/WUT/Match/robocup/2026NGZR/scr1.1/rdfw.cpp:2643 AskLoc returned empty string for object (8,can)[0m
[LOG]:AskLoc(8)
[31m[ERROR]:/mnt/d/FILES for Yvaine/WUT/Match/robocup/2026NGZR/scr1.1/rdfw.cpp:2643 AskLoc returned empty string for object (8,can)[0m
[LOG]:[33mAskLoc(8) produced no usable bounded reply
[0m
[LOG]:Move(2)
[LOG]:[31mMove: Plug::Move(2) failed
[0m
Must Choose one:give
give can的风险系数是：0
[LOG]:Move(2)
[LOG]:[31mMove: Plug::Move(2) failed
[0m
[LOG]:AskLoc(8)
[31m[ERROR]:/mnt/d/FILES for Yvaine/WUT/Match/robocup/2026NGZR/scr1.1/rdfw.cpp:2643 AskLoc returned empty string for object (8,can)[0m
[LOG]:AskLoc(8)
[31m[ERROR]:/mnt/d/FILES for Yvaine/WUT/Match/robocup/2026NGZR/scr1.1/rdfw.cpp:2643 AskLoc returned empty string for object (8,can)[0m
[LOG]:[33mAskLoc(8) produced no usable bounded reply
[0m
[LOG]:Move(2)
[LOG]:[31mMove: Plug::Move(2) failed
[0m
-----check check check-----
Pos  0:(F):
Pos  1:(T):[33m(1 worktable)[0m
Pos  2:(T):[33m(2 closet inside:[8] Closed)[0m(8 can)
Pos  3:(T):[33m(3 microwave inside:[10] Open)[0m(10 can)
Pos  4:(T):[33m(4 plant)[0m(9 can)
Pos  5:(T):[32m(robot hold:0 plate:15)[0m[33m(5 sofa)[0m(15 book)
Pos  6:(F):[33m(6 human)[0m
Pos  7:(F):[33m(7 teapoy)[0m(11 can)
UnknownPos:
[34m(12 bottle)[0m [34m(13 bottle)[0m [34m(14 book)[0m 
[LOG]:[32m[MultiGoto] Executing multi-goto aggregation - skipping Sense operations
[0m
[LOG]:[32m[MultiGoto] small_cand_id_disable: 
[LOG]:[32m
[0m
[LOG]:[32m[MultiGoto] small_cand_ids: 
[LOG]:[32m
[0m
[LOG]:[32m[MultiGoto] big_cand_ids: 
[LOG]:[32m
[0m
[LOG]:[32m[MultiGoto] small_cand_ids.size()=0, big_cand_ids.size()=0
[0m
[LOG]:[32m[MultiGoto] small_lowrisk_ids.size()=0
[0m
[LOG]:[33m[MultiGoto] Skipping aggregation: small_lowrisk_ids.size()=0, big_cand_ids.size()=0
[0m
[LOG]:[32m[MultiGoto] ExecuteMultiGotoAggregation finished
[0m

Sovled Task Num:0    Expect Num:5
#(Plug): Elapsed time=2.993s
#(RDFW): Fini - Comprehensive state cleanup for next test
#(RDFW): Optimizing memory usage...
#(RDFW): Memory optimization completed
#(RDFW): Comprehensive state cleanup completed - ready for next test
