[RDFW_TEST_SEED] 20260928
=========================================
= Simulation @Home Competition Platform =
=========================================
= Ready to accept a new team
# Registration from 'RDFW'
> Configurations:
	Mode: IT
	Timeout: 5000
	TestDir: /mnt/c/Users/20723/Desktop/2026robocup/upstream-main-20260928/logs/competition_smoke_20261007/A01-01-s1-it/runtime/tests/
	TestSize: 1
	Single test: 1
# Testing <case.xml>
# Result:
	[Move 8|true]
	[Open 4|true]
	[TakeOut 11 4|true]
	[Move 1|true]
	[PutDown 11|true]
	[Move 6|true]
	[PickUp 12|true]
	[Move 3|true]
	[PutDown 12|true]
	[Open 5|true]
	[PickUp 12|true]
	[PutIn 12 5|true]
	[Move 8|true]
	[TakeOut 14 4|true]
	[PutDown 14|true]
	[Close 4|true]
	[Move 7|true]
# Time: 4.871s
# Score: 756
