In file included from /mnt/d/FILES for Yvaine/WUT/Match/robocup/2026NGZR/scr1.2/main.cpp:6:0:
/mnt/d/FILES for Yvaine/WUT/Match/robocup/2026NGZR/scr1.2/rdfw.hpp:615:0: warning: ignoring #pragma endregion  [-Wunknown-pragmas]
 #pragma endregion
 
In file included from /mnt/d/FILES for Yvaine/WUT/Match/robocup/2026NGZR/scr1.2/main.cpp:6:0:
/mnt/d/FILES for Yvaine/WUT/Match/robocup/2026NGZR/scr1.2/rdfw.hpp: In constructor ‘_home::Object::Object(int, const string&, int)’:
/mnt/d/FILES for Yvaine/WUT/Match/robocup/2026NGZR/scr1.2/rdfw.hpp:74:23: warning: ‘_home::Object::sort’ will be initialized after [-Wreorder]
         string sort = "";
                       ^~
/mnt/d/FILES for Yvaine/WUT/Match/robocup/2026NGZR/scr1.2/rdfw.hpp:69:13: warning:   ‘int _home::Object::location’ [-Wreorder]
         int location;
             ^~~~~~~~
/mnt/d/FILES for Yvaine/WUT/Match/robocup/2026NGZR/scr1.2/rdfw.hpp:75:9: warning:   when initialized here [-Wreorder]
         Object(int id, const string &sort = "", int location = UNKNOWN) 
         ^~~~~~
In file included from /mnt/d/FILES for Yvaine/WUT/Match/robocup/2026NGZR/scr1.2/main.cpp:6:0:
/mnt/d/FILES for Yvaine/WUT/Match/robocup/2026NGZR/scr1.2/rdfw.hpp: In member function ‘void _home::Container::DeleteObjectInside(std::shared_ptr<_home::SmallObject>)’:
/mnt/d/FILES for Yvaine/WUT/Match/robocup/2026NGZR/scr1.2/rdfw.hpp:176:31: warning: comparison between signed and unsigned integer expressions [-Wsign-compare]
             for (int i = 0; i < smallObjectsInside.size(); i++)
                             ~~^~~~~~~~~~~~~~~~~~~~~~~~~~~
/mnt/d/FILES for Yvaine/WUT/Match/robocup/2026NGZR/scr1.2/rdfw.hpp: In member function ‘virtual std::__cxx11::string _home::Container::ToString()’:
/mnt/d/FILES for Yvaine/WUT/Match/robocup/2026NGZR/scr1.2/rdfw.hpp:187:31: warning: comparison between signed and unsigned integer expressions [-Wsign-compare]
             for (int i = 0; i < smallObjectsInside.size(); i++)
                             ~~^~~~~~~~~~~~~~~~~~~~~~~~~~~
/mnt/d/FILES for Yvaine/WUT/Match/robocup/2026NGZR/scr1.2/rdfw.hpp: In member function ‘void _home::RDFW::SetSolvedTaskNum(int)’:
/mnt/d/FILES for Yvaine/WUT/Match/robocup/2026NGZR/scr1.2/rdfw.hpp:633:16: warning: suggest explicit braces to avoid ambiguous ‘else’ [-Wdangling-else]
             if (isAutoConstrain)
                ^
In file included from /mnt/d/FILES for Yvaine/WUT/Match/robocup/2026NGZR/scr1.2/rdfw.cpp:13:0:
/mnt/d/FILES for Yvaine/WUT/Match/robocup/2026NGZR/scr1.2/rdfw.hpp:615:0: warning: ignoring #pragma endregion  [-Wunknown-pragmas]
 #pragma endregion
 
In file included from /mnt/d/FILES for Yvaine/WUT/Match/robocup/2026NGZR/scr1.2/rdfw.cpp:13:0:
/mnt/d/FILES for Yvaine/WUT/Match/robocup/2026NGZR/scr1.2/rdfw.hpp: In constructor ‘_home::Object::Object(int, const string&, int)’:
/mnt/d/FILES for Yvaine/WUT/Match/robocup/2026NGZR/scr1.2/rdfw.hpp:74:23: warning: ‘_home::Object::sort’ will be initialized after [-Wreorder]
         string sort = "";
                       ^~
/mnt/d/FILES for Yvaine/WUT/Match/robocup/2026NGZR/scr1.2/rdfw.hpp:69:13: warning:   ‘int _home::Object::location’ [-Wreorder]
         int location;
             ^~~~~~~~
/mnt/d/FILES for Yvaine/WUT/Match/robocup/2026NGZR/scr1.2/rdfw.hpp:75:9: warning:   when initialized here [-Wreorder]
         Object(int id, const string &sort = "", int location = UNKNOWN) 
         ^~~~~~
In file included from /mnt/d/FILES for Yvaine/WUT/Match/robocup/2026NGZR/scr1.2/rdfw.cpp:13:0:
/mnt/d/FILES for Yvaine/WUT/Match/robocup/2026NGZR/scr1.2/rdfw.hpp: In member function ‘void _home::Container::DeleteObjectInside(std::shared_ptr<_home::SmallObject>)’:
/mnt/d/FILES for Yvaine/WUT/Match/robocup/2026NGZR/scr1.2/rdfw.hpp:176:31: warning: comparison between signed and unsigned integer expressions [-Wsign-compare]
             for (int i = 0; i < smallObjectsInside.size(); i++)
                             ~~^~~~~~~~~~~~~~~~~~~~~~~~~~~
/mnt/d/FILES for Yvaine/WUT/Match/robocup/2026NGZR/scr1.2/rdfw.hpp: In member function ‘virtual std::__cxx11::string _home::Container::ToString()’:
/mnt/d/FILES for Yvaine/WUT/Match/robocup/2026NGZR/scr1.2/rdfw.hpp:187:31: warning: comparison between signed and unsigned integer expressions [-Wsign-compare]
             for (int i = 0; i < smallObjectsInside.size(); i++)
                             ~~^~~~~~~~~~~~~~~~~~~~~~~~~~~
/mnt/d/FILES for Yvaine/WUT/Match/robocup/2026NGZR/scr1.2/rdfw.hpp: In member function ‘void _home::RDFW::SetSolvedTaskNum(int)’:
/mnt/d/FILES for Yvaine/WUT/Match/robocup/2026NGZR/scr1.2/rdfw.hpp:633:16: warning: suggest explicit braces to avoid ambiguous ‘else’ [-Wdangling-else]
             if (isAutoConstrain)
                ^
/mnt/d/FILES for Yvaine/WUT/Match/robocup/2026NGZR/scr1.2/rdfw.cpp: In member function ‘void _home::RDFW::PlanWithinBudget()’:
/mnt/d/FILES for Yvaine/WUT/Match/robocup/2026NGZR/scr1.2/rdfw.cpp:477:20: warning: unused variable ‘performErrorCorrection’ [-Wunused-variable]
         const bool performErrorCorrection = isErrorCorrection;//是否开启纠错模式
                    ^~~~~~~~~~~~~~~~~~~~~~
/mnt/d/FILES for Yvaine/WUT/Match/robocup/2026NGZR/scr1.2/rdfw.cpp: In member function ‘void _home::RDFW::ExecuteMainTaskLoop(bool)’:
/mnt/d/FILES for Yvaine/WUT/Match/robocup/2026NGZR/scr1.2/rdfw.cpp:559:37: warning: comparison between signed and unsigned integer expressions [-Wsign-compare]
     for (task_index = 0; task_index < tasksSize; ++task_index)
                          ~~~~~~~~~~~^~~~~~~~~~~
/mnt/d/FILES for Yvaine/WUT/Match/robocup/2026NGZR/scr1.2/rdfw.cpp: In member function ‘void _home::RDFW::ExecuteCheckPhase(bool)’:
/mnt/d/FILES for Yvaine/WUT/Match/robocup/2026NGZR/scr1.2/rdfw.cpp:611:36: warning: comparison between signed and unsigned integer expressions [-Wsign-compare]
     for(task_index = 0; task_index < tasks.size(); ++task_index){
                         ~~~~~~~~~~~^~~~~~~~~~~~~~
/mnt/d/FILES for Yvaine/WUT/Match/robocup/2026NGZR/scr1.2/rdfw.cpp: In member function ‘std::vector<_home::Instruction> _home::RDFW::TaskOptimization()’:
/mnt/d/FILES for Yvaine/WUT/Match/robocup/2026NGZR/scr1.2/rdfw.cpp:925:18: warning: comparison between signed and unsigned integer expressions [-Wsign-compare]
     for(int i=0;i<tasks.size();i++){
                 ~^~~~~~~~~~~~~
/mnt/d/FILES for Yvaine/WUT/Match/robocup/2026NGZR/scr1.2/rdfw.cpp:924:10: warning: unused variable ‘hasGoto’ [-Wunused-variable]
     bool hasGoto = false;
          ^~~~~~~
/mnt/d/FILES for Yvaine/WUT/Match/robocup/2026NGZR/scr1.2/rdfw.cpp: In member function ‘bool _home::RDFW::HoldSmallObject(unsigned int)’:
/mnt/d/FILES for Yvaine/WUT/Match/robocup/2026NGZR/scr1.2/rdfw.cpp:1249:20: warning: comparison between signed and unsigned integer expressions [-Wsign-compare]
       if (plate_id == a)
           ~~~~~~~~~^~~~
/mnt/d/FILES for Yvaine/WUT/Match/robocup/2026NGZR/scr1.2/rdfw.cpp:1254:23: warning: comparison between signed and unsigned integer expressions [-Wsign-compare]
        else if(hold_id==a) return true;
                ~~~~~~~^~~
/mnt/d/FILES for Yvaine/WUT/Match/robocup/2026NGZR/scr1.2/rdfw.cpp:1277:17: warning: comparison between signed and unsigned integer expressions [-Wsign-compare]
     if (hold_id != a)
         ~~~~~~~~^~~~
/mnt/d/FILES for Yvaine/WUT/Match/robocup/2026NGZR/scr1.2/rdfw.cpp:1280:22: warning: comparison between signed and unsigned integer expressions [-Wsign-compare]
         if (plate_id == a)
             ~~~~~~~~~^~~~
/mnt/d/FILES for Yvaine/WUT/Match/robocup/2026NGZR/scr1.2/rdfw.cpp: In member function ‘bool _home::RDFW::SolveTask_PickUp(unsigned int)’:
/mnt/d/FILES for Yvaine/WUT/Match/robocup/2026NGZR/scr1.2/rdfw.cpp:1454:19: warning: comparison between signed and unsigned integer expressions [-Wsign-compare]
         if(hold_id==a||plate_id==a) return true;
            ~~~~~~~^~~
/mnt/d/FILES for Yvaine/WUT/Match/robocup/2026NGZR/scr1.2/rdfw.cpp:1454:32: warning: comparison between signed and unsigned integer expressions [-Wsign-compare]
         if(hold_id==a||plate_id==a) return true;
                        ~~~~~~~~^~~
/mnt/d/FILES for Yvaine/WUT/Match/robocup/2026NGZR/scr1.2/rdfw.cpp:1460:15: warning: comparison between signed and unsigned integer expressions [-Wsign-compare]
     if(hold_id==a ||plate_id==a) return true;
        ~~~~~~~^~~
/mnt/d/FILES for Yvaine/WUT/Match/robocup/2026NGZR/scr1.2/rdfw.cpp:1460:29: warning: comparison between signed and unsigned integer expressions [-Wsign-compare]
     if(hold_id==a ||plate_id==a) return true;
                     ~~~~~~~~^~~
/mnt/d/FILES for Yvaine/WUT/Match/robocup/2026NGZR/scr1.2/rdfw.cpp: In member function ‘bool _home::RDFW::SolveTask_PutDown(unsigned int)’:
/mnt/d/FILES for Yvaine/WUT/Match/robocup/2026NGZR/scr1.2/rdfw.cpp:1467:19: warning: comparison between signed and unsigned integer expressions [-Wsign-compare]
         if(hold_id!=a&&plate_id!=a) return true;
            ~~~~~~~^~~
/mnt/d/FILES for Yvaine/WUT/Match/robocup/2026NGZR/scr1.2/rdfw.cpp:1467:32: warning: comparison between signed and unsigned integer expressions [-Wsign-compare]
         if(hold_id!=a&&plate_id!=a) return true;
                        ~~~~~~~~^~~
/mnt/d/FILES for Yvaine/WUT/Match/robocup/2026NGZR/scr1.2/rdfw.cpp:1473:15: warning: comparison between signed and unsigned integer expressions [-Wsign-compare]
     if(hold_id==a){
        ~~~~~~~^~~
/mnt/d/FILES for Yvaine/WUT/Match/robocup/2026NGZR/scr1.2/rdfw.cpp:1480:21: warning: comparison between signed and unsigned integer expressions [-Wsign-compare]
     else if(plate_id==a){
             ~~~~~~~~^~~
/mnt/d/FILES for Yvaine/WUT/Match/robocup/2026NGZR/scr1.2/rdfw.cpp: In member function ‘bool _home::RDFW::SolveTask_Give(unsigned int)’:
/mnt/d/FILES for Yvaine/WUT/Match/robocup/2026NGZR/scr1.2/rdfw.cpp:1697:65: warning: comparison between signed and unsigned integer expressions [-Wsign-compare]
             if(objects[a]->location==human->location && plate_id!=a && hold_id!=a) return true;
                                                         ~~~~~~~~^~~
/mnt/d/FILES for Yvaine/WUT/Match/robocup/2026NGZR/scr1.2/rdfw.cpp:1697:79: warning: comparison between signed and unsigned integer expressions [-Wsign-compare]
             if(objects[a]->location==human->location && plate_id!=a && hold_id!=a) return true;
                                                                        ~~~~~~~^~~
/mnt/d/FILES for Yvaine/WUT/Match/robocup/2026NGZR/scr1.2/rdfw.cpp: In member function ‘bool _home::RDFW::SolveTask_TakeOut(unsigned int, unsigned int)’:
/mnt/d/FILES for Yvaine/WUT/Match/robocup/2026NGZR/scr1.2/rdfw.cpp:1904:5: warning: this ‘if’ clause does not guard... [-Wmisleading-indentation]
     if(!IsKeepingGoing(task_index)) return false;continue;
     ^~
/mnt/d/FILES for Yvaine/WUT/Match/robocup/2026NGZR/scr1.2/rdfw.cpp:1904:50: note: ...this statement, but the latter is misleadingly indented as if it were guarded by the ‘if’
     if(!IsKeepingGoing(task_index)) return false;continue;
                                                  ^~~~~~~~
/mnt/d/FILES for Yvaine/WUT/Match/robocup/2026NGZR/scr1.2/rdfw.cpp: In member function ‘bool _home::RDFW::SolveTask_PutOn(unsigned int, unsigned int)’:
/mnt/d/FILES for Yvaine/WUT/Match/robocup/2026NGZR/scr1.2/rdfw.cpp:1915:16: warning: comparison between signed and unsigned integer expressions [-Wsign-compare]
        plate_id!=a && hold_id!=a &&
        ~~~~~~~~^~~
/mnt/d/FILES for Yvaine/WUT/Match/robocup/2026NGZR/scr1.2/rdfw.cpp:1915:30: warning: comparison between signed and unsigned integer expressions [-Wsign-compare]
        plate_id!=a && hold_id!=a &&
                       ~~~~~~~^~~
/mnt/d/FILES for Yvaine/WUT/Match/robocup/2026NGZR/scr1.2/rdfw.cpp: In member function ‘void _home::RDFW::MustChooseOne()’:
/mnt/d/FILES for Yvaine/WUT/Match/robocup/2026NGZR/scr1.2/rdfw.cpp:1963:23: warning: comparison between signed and unsigned integer expressions [-Wsign-compare]
          for(int i=0;i<tasks.size();i++){
                      ~^~~~~~~~~~~~~
/mnt/d/FILES for Yvaine/WUT/Match/robocup/2026NGZR/scr1.2/rdfw.cpp:1995:22: warning: comparison between signed and unsigned integer expressions [-Wsign-compare]
         for(int i=0;i<tasks.size();i++){
                     ~^~~~~~~~~~~~~
/mnt/d/FILES for Yvaine/WUT/Match/robocup/2026NGZR/scr1.2/rdfw.cpp: In member function ‘void _home::RDFW::ExecuteMultiGotoAggregation()’:
/mnt/d/FILES for Yvaine/WUT/Match/robocup/2026NGZR/scr1.2/rdfw.cpp:2467:17: warning: unused variable ‘try_times’ [-Wunused-variable]
             int try_times = 0;
                 ^~~~~~~~~
/mnt/d/FILES for Yvaine/WUT/Match/robocup/2026NGZR/scr1.2/rdfw.cpp: In member function ‘void _home::RDFW::SenseCurrentLocationOnly(bool)’:
/mnt/d/FILES for Yvaine/WUT/Match/robocup/2026NGZR/scr1.2/rdfw.cpp:2734:18: warning: comparison between signed and unsigned integer expressions [-Wsign-compare]
     if (curr_loc >= posSensedFlag.size()) {
         ~~~~~~~~~^~~~~~~~~~~~~~~~~~~~~~~
/mnt/d/FILES for Yvaine/WUT/Match/robocup/2026NGZR/scr1.2/rdfw.cpp:2750:18: warning: comparison between signed and unsigned integer expressions [-Wsign-compare]
     if (curr_loc >= posSensedFlag.size()) {
         ~~~~~~~~~^~~~~~~~~~~~~~~~~~~~~~~
/mnt/d/FILES for Yvaine/WUT/Match/robocup/2026NGZR/scr1.2/rdfw.cpp:2859:40: warning: comparison between signed and unsigned integer expressions [-Wsign-compare]
             if (small && small->inside == sensed_container_id) {
                          ~~~~~~~~~~~~~~^~~~~~~~~~~~~~~~~~~~~~
/mnt/d/FILES for Yvaine/WUT/Match/robocup/2026NGZR/scr1.2/rdfw.cpp: In member function ‘const _home::RDFW::LocationSensedInfo& _home::RDFW::GetLocationSensedInfo(int) const’:
/mnt/d/FILES for Yvaine/WUT/Match/robocup/2026NGZR/scr1.2/rdfw.cpp:2875:35: warning: comparison between signed and unsigned integer expressions [-Wsign-compare]
     if (location >= 0 && location < locationSensedObjects.size()) {
                          ~~~~~~~~~^~~~~~~~~~~~~~~~~~~~~~~~~~~~~~
/mnt/d/FILES for Yvaine/WUT/Match/robocup/2026NGZR/scr1.2/rdfw.cpp: In member function ‘bool _home::RDFW::HasObjectAtLocation(int, unsigned int) const’:
/mnt/d/FILES for Yvaine/WUT/Match/robocup/2026NGZR/scr1.2/rdfw.cpp:2882:35: warning: comparison between signed and unsigned integer expressions [-Wsign-compare]
     if (location >= 0 && location < locationSensedObjects.size()) {
                          ~~~~~~~~~^~~~~~~~~~~~~~~~~~~~~~~~~~~~~~
/mnt/d/FILES for Yvaine/WUT/Match/robocup/2026NGZR/scr1.2/rdfw.cpp: In member function ‘bool _home::RDFW::HasContainerAtLocation(int) const’:
/mnt/d/FILES for Yvaine/WUT/Match/robocup/2026NGZR/scr1.2/rdfw.cpp:2892:35: warning: comparison between signed and unsigned integer expressions [-Wsign-compare]
     if (location >= 0 && location < locationSensedObjects.size()) {
                          ~~~~~~~~~^~~~~~~~~~~~~~~~~~~~~~~~~~~~~~
/mnt/d/FILES for Yvaine/WUT/Match/robocup/2026NGZR/scr1.2/rdfw.cpp: In member function ‘std::vector<unsigned int> _home::RDFW::GetObjectsAtLocation(int) const’:
/mnt/d/FILES for Yvaine/WUT/Match/robocup/2026NGZR/scr1.2/rdfw.cpp:2899:35: warning: comparison between signed and unsigned integer expressions [-Wsign-compare]
     if (location >= 0 && location < locationSensedObjects.size()) {
                          ~~~~~~~~~^~~~~~~~~~~~~~~~~~~~~~~~~~~~~~
/mnt/d/FILES for Yvaine/WUT/Match/robocup/2026NGZR/scr1.2/rdfw.cpp: In member function ‘unsigned int _home::RDFW::GetContainerAtLocation(int) const’:
/mnt/d/FILES for Yvaine/WUT/Match/robocup/2026NGZR/scr1.2/rdfw.cpp:2906:35: warning: comparison between signed and unsigned integer expressions [-Wsign-compare]
     if (location >= 0 && location < locationSensedObjects.size()) {
                          ~~~~~~~~~^~~~~~~~~~~~~~~~~~~~~~~~~~~~~~
/mnt/d/FILES for Yvaine/WUT/Match/robocup/2026NGZR/scr1.2/rdfw.cpp: In member function ‘bool _home::RDFW::Move(unsigned int)’:
/mnt/d/FILES for Yvaine/WUT/Match/robocup/2026NGZR/scr1.2/rdfw.cpp:3295:21: warning: comparison between signed and unsigned integer expressions [-Wsign-compare]
         (task_index < tasks.size() &&
          ~~~~~~~~~~~^~~~~~~~~~~~~~
/mnt/d/FILES for Yvaine/WUT/Match/robocup/2026NGZR/scr1.2/rdfw.cpp: In member function ‘void _home::RDFW::PrintEnv()’:
/mnt/d/FILES for Yvaine/WUT/Match/robocup/2026NGZR/scr1.2/rdfw.cpp:3392:26: warning: comparison between signed and unsigned integer expressions [-Wsign-compare]
          if (v->location >= objPos.size())
              ~~~~~~~~~~~~^~~~~~~~~~~~~~~~
/mnt/d/FILES for Yvaine/WUT/Match/robocup/2026NGZR/scr1.2/rdfw.cpp:3401:24: warning: comparison between signed and unsigned integer expressions [-Wsign-compare]
      for (int i = 0; i < objPos.size(); i++)
                      ~~^~~~~~~~~~~~~~~
/mnt/d/FILES for Yvaine/WUT/Match/robocup/2026NGZR/scr1.2/rdfw.cpp:3424:40: warning: comparison between signed and unsigned integer expressions [-Wsign-compare]
                      for (int c = 0; c < p->smallObjectsInside.size(); c++)
                                      ~~^~~~~~~~~~~~~~~~~~~~~~~~~~~~~~
/mnt/d/FILES for Yvaine/WUT/Match/robocup/2026NGZR/scr1.2/rdfw.cpp: In member function ‘bool _home::RDFW::ParseInstruction(const string&)’:
/mnt/d/FILES for Yvaine/WUT/Match/robocup/2026NGZR/scr1.2/rdfw.cpp:3462:23: warning: comparison between signed and unsigned integer expressions [-Wsign-compare]
     for (int i = 0; i < taskDis.size(); i++)
                     ~~^~~~~~~~~~~~~~~~
/mnt/d/FILES for Yvaine/WUT/Match/robocup/2026NGZR/scr1.2/rdfw.cpp: In member function ‘void _home::RDFW::ParseNaturalLanguage(const string&)’:
/mnt/d/FILES for Yvaine/WUT/Match/robocup/2026NGZR/scr1.2/rdfw.cpp:3532:23: warning: comparison between signed and unsigned integer expressions [-Wsign-compare]
     for (int i = 0; i < src.size(); i++)
                     ~~^~~~~~~~~~~~
/mnt/d/FILES for Yvaine/WUT/Match/robocup/2026NGZR/scr1.2/rdfw.cpp: In member function ‘bool _home::RDFW::ParseEnvSentence(const string&)’:
/mnt/d/FILES for Yvaine/WUT/Match/robocup/2026NGZR/scr1.2/rdfw.cpp:3627:23: warning: comparison between signed and unsigned integer expressions [-Wsign-compare]
     for (int i = 1; i < sentence.size(); i++)
                     ~~^~~~~~~~~~~~~~~~~
/mnt/d/FILES for Yvaine/WUT/Match/robocup/2026NGZR/scr1.2/rdfw.cpp: In function ‘void split_string(std::vector<std::__cxx11::basic_string<char> >&, const string&, char)’:
/mnt/d/FILES for Yvaine/WUT/Match/robocup/2026NGZR/scr1.2/rdfw.cpp:4187:24: warning: comparison between signed and unsigned integer expressions [-Wsign-compare]
      for (int i = 0; i < str_source.size(); i++)
                      ~~^~~~~~~~~~~~~~~~~~~
/mnt/d/FILES for Yvaine/WUT/Match/robocup/2026NGZR/scr1.2/rdfw.cpp:4195:15: warning: comparison between signed and unsigned integer expressions [-Wsign-compare]
      if (last != str_source.size())
          ~~~~~^~~~~~~~~~~~~~~~~~~~
/mnt/d/FILES for Yvaine/WUT/Match/robocup/2026NGZR/scr1.2/rdfw.cpp: In function ‘std::ostream& operator<<(std::ostream&, std::shared_ptr<_home::SyntaxNode>)’:
/mnt/d/FILES for Yvaine/WUT/Match/robocup/2026NGZR/scr1.2/rdfw.cpp:4255:24: warning: comparison between signed and unsigned integer expressions [-Wsign-compare]
      for (int i = 0; i < sn->sons.size(); i++)
                      ~~^~~~~~~~~~~~~~~~~
/mnt/d/FILES for Yvaine/WUT/Match/robocup/2026NGZR/scr1.2/rdfw.cpp: In member function ‘void _home::RDFW::ApplyMustInConstraintCorrection()’:
/mnt/d/FILES for Yvaine/WUT/Match/robocup/2026NGZR/scr1.2/rdfw.cpp:4477:77: warning: suggest parentheses around ‘&&’ within ‘||’ [-Wparentheses]
         if (cons.behave == "inside"||cons.behave == "in" && !cons.X.empty() && !cons.Y.empty())
                                      ~~~~~~~~~~~~~~~~~~~~~~~~~~~~~~~~~~~~~~~^~~~~~~~~~~~~~~~~~
/mnt/d/FILES for Yvaine/WUT/Match/robocup/2026NGZR/scr1.2/rdfw.cpp:4545:17: warning: unused variable ‘old_loc’ [-Wunused-variable]
             int old_loc = smObj->location;
                 ^~~~~~~
In file included from /mnt/d/FILES for Yvaine/WUT/Match/robocup/2026NGZR/scr1.2/parser.hpp:16:0,
                 from /mnt/d/FILES for Yvaine/WUT/Match/robocup/2026NGZR/scr1.2/parser.cpp:6:
/mnt/d/FILES for Yvaine/WUT/Match/robocup/2026NGZR/scr1.2/rdfw.hpp:615:0: warning: ignoring #pragma endregion  [-Wunknown-pragmas]
 #pragma endregion
 
In file included from /mnt/d/FILES for Yvaine/WUT/Match/robocup/2026NGZR/scr1.2/parser.hpp:16:0,
                 from /mnt/d/FILES for Yvaine/WUT/Match/robocup/2026NGZR/scr1.2/parser.cpp:6:
/mnt/d/FILES for Yvaine/WUT/Match/robocup/2026NGZR/scr1.2/rdfw.hpp: In constructor ‘_home::Object::Object(int, const string&, int)’:
/mnt/d/FILES for Yvaine/WUT/Match/robocup/2026NGZR/scr1.2/rdfw.hpp:74:23: warning: ‘_home::Object::sort’ will be initialized after [-Wreorder]
         string sort = "";
                       ^~
/mnt/d/FILES for Yvaine/WUT/Match/robocup/2026NGZR/scr1.2/rdfw.hpp:69:13: warning:   ‘int _home::Object::location’ [-Wreorder]
         int location;
             ^~~~~~~~
/mnt/d/FILES for Yvaine/WUT/Match/robocup/2026NGZR/scr1.2/rdfw.hpp:75:9: warning:   when initialized here [-Wreorder]
         Object(int id, const string &sort = "", int location = UNKNOWN) 
         ^~~~~~
In file included from /mnt/d/FILES for Yvaine/WUT/Match/robocup/2026NGZR/scr1.2/parser.hpp:16:0,
                 from /mnt/d/FILES for Yvaine/WUT/Match/robocup/2026NGZR/scr1.2/parser.cpp:6:
/mnt/d/FILES for Yvaine/WUT/Match/robocup/2026NGZR/scr1.2/rdfw.hpp: In member function ‘void _home::Container::DeleteObjectInside(std::shared_ptr<_home::SmallObject>)’:
/mnt/d/FILES for Yvaine/WUT/Match/robocup/2026NGZR/scr1.2/rdfw.hpp:176:31: warning: comparison between signed and unsigned integer expressions [-Wsign-compare]
             for (int i = 0; i < smallObjectsInside.size(); i++)
                             ~~^~~~~~~~~~~~~~~~~~~~~~~~~~~
/mnt/d/FILES for Yvaine/WUT/Match/robocup/2026NGZR/scr1.2/rdfw.hpp: In member function ‘virtual std::__cxx11::string _home::Container::ToString()’:
/mnt/d/FILES for Yvaine/WUT/Match/robocup/2026NGZR/scr1.2/rdfw.hpp:187:31: warning: comparison between signed and unsigned integer expressions [-Wsign-compare]
             for (int i = 0; i < smallObjectsInside.size(); i++)
                             ~~^~~~~~~~~~~~~~~~~~~~~~~~~~~
/mnt/d/FILES for Yvaine/WUT/Match/robocup/2026NGZR/scr1.2/rdfw.hpp: In member function ‘void _home::RDFW::SetSolvedTaskNum(int)’:
/mnt/d/FILES for Yvaine/WUT/Match/robocup/2026NGZR/scr1.2/rdfw.hpp:633:16: warning: suggest explicit braces to avoid ambiguous ‘else’ [-Wdangling-else]
             if (isAutoConstrain)
                ^
/mnt/d/FILES for Yvaine/WUT/Match/robocup/2026NGZR/scr1.2/parser.cpp: In member function ‘void parser::to_token(std::__cxx11::string)’:
/mnt/d/FILES for Yvaine/WUT/Match/robocup/2026NGZR/scr1.2/parser.cpp:131:23: warning: comparison between signed and unsigned integer expressions [-Wsign-compare]
     for (int i = 0; i < str.size(); i++)
                     ~~^~~~~~~~~~~~
/mnt/d/FILES for Yvaine/WUT/Match/robocup/2026NGZR/scr1.2/parser.cpp:137:23: warning: comparison between signed and unsigned integer expressions [-Wsign-compare]
     for (int i = 0; i < str.size(); i++)
                     ~~^~~~~~~~~~~~
/mnt/d/FILES for Yvaine/WUT/Match/robocup/2026NGZR/scr1.2/parser.cpp: In member function ‘void parser::push_down_automata()’:
/mnt/d/FILES for Yvaine/WUT/Match/robocup/2026NGZR/scr1.2/parser.cpp:173:23: warning: comparison between signed and unsigned integer expressions [-Wsign-compare]
     for (int i = 0; i < tokens.size(); i++)
                     ~~^~~~~~~~~~~~~~~
/mnt/d/FILES for Yvaine/WUT/Match/robocup/2026NGZR/scr1.2/parser.cpp:175:15: warning: comparison between signed and unsigned integer expressions [-Wsign-compare]
         if (i == tokens.size() - 1) //最后一个词判断
             ~~^~~~~~~~~~~~~~~~~~~~
/mnt/d/FILES for Yvaine/WUT/Match/robocup/2026NGZR/scr1.2/parser.cpp: In function ‘std::ostream& operator<<(std::ostream&, const std::shared_ptr<syntax_node>&)’:
/mnt/d/FILES for Yvaine/WUT/Match/robocup/2026NGZR/scr1.2/parser.cpp:656:23: warning: comparison between signed and unsigned integer expressions [-Wsign-compare]
     for (int a = 0; a < p->sons.size(); a++)
                     ~~^~~~~~~~~~~~~~~~
