In file included from /mnt/d/FILES for Yvaine/WUT/Match/robocup/2026NGZR/scr1.1.2/main.cpp:6:0:
/mnt/d/FILES for Yvaine/WUT/Match/robocup/2026NGZR/scr1.1.2/rdfw.hpp:595:0: warning: ignoring #pragma endregion  [-Wunknown-pragmas]
 #pragma endregion
 
In file included from /mnt/d/FILES for Yvaine/WUT/Match/robocup/2026NGZR/scr1.1.2/main.cpp:6:0:
/mnt/d/FILES for Yvaine/WUT/Match/robocup/2026NGZR/scr1.1.2/rdfw.hpp: In constructor ‘_home::Object::Object(int, const string&, int)’:
/mnt/d/FILES for Yvaine/WUT/Match/robocup/2026NGZR/scr1.1.2/rdfw.hpp:72:23: warning: ‘_home::Object::sort’ will be initialized after [-Wreorder]
         string sort = "";
                       ^~
/mnt/d/FILES for Yvaine/WUT/Match/robocup/2026NGZR/scr1.1.2/rdfw.hpp:67:13: warning:   ‘int _home::Object::location’ [-Wreorder]
         int location;
             ^~~~~~~~
/mnt/d/FILES for Yvaine/WUT/Match/robocup/2026NGZR/scr1.1.2/rdfw.hpp:73:9: warning:   when initialized here [-Wreorder]
         Object(int id, const string &sort = "", int location = UNKNOWN)
         ^~~~~~
In file included from /mnt/d/FILES for Yvaine/WUT/Match/robocup/2026NGZR/scr1.1.2/main.cpp:6:0:
/mnt/d/FILES for Yvaine/WUT/Match/robocup/2026NGZR/scr1.1.2/rdfw.hpp: In member function ‘void _home::Container::DeleteObjectInside(std::shared_ptr<_home::SmallObject>)’:
/mnt/d/FILES for Yvaine/WUT/Match/robocup/2026NGZR/scr1.1.2/rdfw.hpp:174:31: warning: comparison between signed and unsigned integer expressions [-Wsign-compare]
             for (int i = 0; i < smallObjectsInside.size(); i++)
                             ~~^~~~~~~~~~~~~~~~~~~~~~~~~~~
/mnt/d/FILES for Yvaine/WUT/Match/robocup/2026NGZR/scr1.1.2/rdfw.hpp: In member function ‘virtual std::__cxx11::string _home::Container::ToString()’:
/mnt/d/FILES for Yvaine/WUT/Match/robocup/2026NGZR/scr1.1.2/rdfw.hpp:185:31: warning: comparison between signed and unsigned integer expressions [-Wsign-compare]
             for (int i = 0; i < smallObjectsInside.size(); i++)
                             ~~^~~~~~~~~~~~~~~~~~~~~~~~~~~
/mnt/d/FILES for Yvaine/WUT/Match/robocup/2026NGZR/scr1.1.2/rdfw.hpp: In member function ‘void _home::RDFW::SetSolvedTaskNum(int)’:
/mnt/d/FILES for Yvaine/WUT/Match/robocup/2026NGZR/scr1.1.2/rdfw.hpp:613:16: warning: suggest explicit braces to avoid ambiguous ‘else’ [-Wdangling-else]
             if (isAutoConstrain)
                ^
In file included from /mnt/d/FILES for Yvaine/WUT/Match/robocup/2026NGZR/scr1.1.2/rdfw.cpp:13:0:
/mnt/d/FILES for Yvaine/WUT/Match/robocup/2026NGZR/scr1.1.2/rdfw.hpp:595:0: warning: ignoring #pragma endregion  [-Wunknown-pragmas]
 #pragma endregion
 
In file included from /mnt/d/FILES for Yvaine/WUT/Match/robocup/2026NGZR/scr1.1.2/rdfw.cpp:13:0:
/mnt/d/FILES for Yvaine/WUT/Match/robocup/2026NGZR/scr1.1.2/rdfw.hpp: In constructor ‘_home::Object::Object(int, const string&, int)’:
/mnt/d/FILES for Yvaine/WUT/Match/robocup/2026NGZR/scr1.1.2/rdfw.hpp:72:23: warning: ‘_home::Object::sort’ will be initialized after [-Wreorder]
         string sort = "";
                       ^~
/mnt/d/FILES for Yvaine/WUT/Match/robocup/2026NGZR/scr1.1.2/rdfw.hpp:67:13: warning:   ‘int _home::Object::location’ [-Wreorder]
         int location;
             ^~~~~~~~
/mnt/d/FILES for Yvaine/WUT/Match/robocup/2026NGZR/scr1.1.2/rdfw.hpp:73:9: warning:   when initialized here [-Wreorder]
         Object(int id, const string &sort = "", int location = UNKNOWN)
         ^~~~~~
In file included from /mnt/d/FILES for Yvaine/WUT/Match/robocup/2026NGZR/scr1.1.2/rdfw.cpp:13:0:
/mnt/d/FILES for Yvaine/WUT/Match/robocup/2026NGZR/scr1.1.2/rdfw.hpp: In member function ‘void _home::Container::DeleteObjectInside(std::shared_ptr<_home::SmallObject>)’:
/mnt/d/FILES for Yvaine/WUT/Match/robocup/2026NGZR/scr1.1.2/rdfw.hpp:174:31: warning: comparison between signed and unsigned integer expressions [-Wsign-compare]
             for (int i = 0; i < smallObjectsInside.size(); i++)
                             ~~^~~~~~~~~~~~~~~~~~~~~~~~~~~
/mnt/d/FILES for Yvaine/WUT/Match/robocup/2026NGZR/scr1.1.2/rdfw.hpp: In member function ‘virtual std::__cxx11::string _home::Container::ToString()’:
/mnt/d/FILES for Yvaine/WUT/Match/robocup/2026NGZR/scr1.1.2/rdfw.hpp:185:31: warning: comparison between signed and unsigned integer expressions [-Wsign-compare]
             for (int i = 0; i < smallObjectsInside.size(); i++)
                             ~~^~~~~~~~~~~~~~~~~~~~~~~~~~~
/mnt/d/FILES for Yvaine/WUT/Match/robocup/2026NGZR/scr1.1.2/rdfw.hpp: In member function ‘void _home::RDFW::SetSolvedTaskNum(int)’:
/mnt/d/FILES for Yvaine/WUT/Match/robocup/2026NGZR/scr1.1.2/rdfw.hpp:613:16: warning: suggest explicit braces to avoid ambiguous ‘else’ [-Wdangling-else]
             if (isAutoConstrain)
                ^
/mnt/d/FILES for Yvaine/WUT/Match/robocup/2026NGZR/scr1.1.2/rdfw.cpp: In member function ‘virtual void _home::RDFW::Plan()’:
/mnt/d/FILES for Yvaine/WUT/Match/robocup/2026NGZR/scr1.1.2/rdfw.cpp:385:20: warning: unused variable ‘performErrorCorrection’ [-Wunused-variable]
         const bool performErrorCorrection = isErrorCorrection;//是否开启纠错模式
                    ^~~~~~~~~~~~~~~~~~~~~~
/mnt/d/FILES for Yvaine/WUT/Match/robocup/2026NGZR/scr1.1.2/rdfw.cpp: In member function ‘void _home::RDFW::ExecuteMainTaskLoop(bool)’:
/mnt/d/FILES for Yvaine/WUT/Match/robocup/2026NGZR/scr1.1.2/rdfw.cpp:467:37: warning: comparison between signed and unsigned integer expressions [-Wsign-compare]
     for (task_index = 0; task_index < tasksSize; ++task_index)
                          ~~~~~~~~~~~^~~~~~~~~~~
/mnt/d/FILES for Yvaine/WUT/Match/robocup/2026NGZR/scr1.1.2/rdfw.cpp: In member function ‘void _home::RDFW::ExecuteCheckPhase(bool)’:
/mnt/d/FILES for Yvaine/WUT/Match/robocup/2026NGZR/scr1.1.2/rdfw.cpp:518:36: warning: comparison between signed and unsigned integer expressions [-Wsign-compare]
     for(task_index = 0; task_index < tasks.size(); ++task_index){
                         ~~~~~~~~~~~^~~~~~~~~~~~~~
/mnt/d/FILES for Yvaine/WUT/Match/robocup/2026NGZR/scr1.1.2/rdfw.cpp: In member function ‘std::vector<_home::Instruction> _home::RDFW::TaskOptimization()’:
/mnt/d/FILES for Yvaine/WUT/Match/robocup/2026NGZR/scr1.1.2/rdfw.cpp:831:18: warning: comparison between signed and unsigned integer expressions [-Wsign-compare]
     for(int i=0;i<tasks.size();i++){
                 ~^~~~~~~~~~~~~
/mnt/d/FILES for Yvaine/WUT/Match/robocup/2026NGZR/scr1.1.2/rdfw.cpp:830:10: warning: unused variable ‘hasGoto’ [-Wunused-variable]
     bool hasGoto = false;
          ^~~~~~~
/mnt/d/FILES for Yvaine/WUT/Match/robocup/2026NGZR/scr1.1.2/rdfw.cpp: In member function ‘bool _home::RDFW::HasRequestedTask(const string&, unsigned int, unsigned int) const’:
/mnt/d/FILES for Yvaine/WUT/Match/robocup/2026NGZR/scr1.1.2/rdfw.cpp:850:59: warning: comparison between signed and unsigned integer expressions [-Wsign-compare]
             task.X.empty() || !task.X[0] || task.X[0]->id != object_id) {
/mnt/d/FILES for Yvaine/WUT/Match/robocup/2026NGZR/scr1.1.2/rdfw.cpp:854:60: warning: comparison between signed and unsigned integer expressions [-Wsign-compare]
             (task.Y.empty() || !task.Y[0] || task.Y[0]->id != target_id)) {
/mnt/d/FILES for Yvaine/WUT/Match/robocup/2026NGZR/scr1.1.2/rdfw.cpp: In member function ‘bool _home::RDFW::HoldSmallObject(unsigned int)’:
/mnt/d/FILES for Yvaine/WUT/Match/robocup/2026NGZR/scr1.1.2/rdfw.cpp:1147:20: warning: comparison between signed and unsigned integer expressions [-Wsign-compare]
       if (plate_id == a)
           ~~~~~~~~~^~~~
/mnt/d/FILES for Yvaine/WUT/Match/robocup/2026NGZR/scr1.1.2/rdfw.cpp:1152:23: warning: comparison between signed and unsigned integer expressions [-Wsign-compare]
        else if(hold_id==a) return true;
                ~~~~~~~^~~
/mnt/d/FILES for Yvaine/WUT/Match/robocup/2026NGZR/scr1.1.2/rdfw.cpp:1175:17: warning: comparison between signed and unsigned integer expressions [-Wsign-compare]
     if (hold_id != a)
         ~~~~~~~~^~~~
/mnt/d/FILES for Yvaine/WUT/Match/robocup/2026NGZR/scr1.1.2/rdfw.cpp:1178:22: warning: comparison between signed and unsigned integer expressions [-Wsign-compare]
         if (plate_id == a)
             ~~~~~~~~~^~~~
/mnt/d/FILES for Yvaine/WUT/Match/robocup/2026NGZR/scr1.1.2/rdfw.cpp: In member function ‘bool _home::RDFW::SolveTask_PickUp(unsigned int)’:
/mnt/d/FILES for Yvaine/WUT/Match/robocup/2026NGZR/scr1.1.2/rdfw.cpp:1351:19: warning: comparison between signed and unsigned integer expressions [-Wsign-compare]
         if(hold_id==a||plate_id==a) return true;
            ~~~~~~~^~~
/mnt/d/FILES for Yvaine/WUT/Match/robocup/2026NGZR/scr1.1.2/rdfw.cpp:1351:32: warning: comparison between signed and unsigned integer expressions [-Wsign-compare]
         if(hold_id==a||plate_id==a) return true;
                        ~~~~~~~~^~~
/mnt/d/FILES for Yvaine/WUT/Match/robocup/2026NGZR/scr1.1.2/rdfw.cpp:1357:15: warning: comparison between signed and unsigned integer expressions [-Wsign-compare]
     if(hold_id==a ||plate_id==a) return true;
        ~~~~~~~^~~
/mnt/d/FILES for Yvaine/WUT/Match/robocup/2026NGZR/scr1.1.2/rdfw.cpp:1357:29: warning: comparison between signed and unsigned integer expressions [-Wsign-compare]
     if(hold_id==a ||plate_id==a) return true;
                     ~~~~~~~~^~~
/mnt/d/FILES for Yvaine/WUT/Match/robocup/2026NGZR/scr1.1.2/rdfw.cpp: In member function ‘bool _home::RDFW::SolveTask_PutDown(unsigned int)’:
/mnt/d/FILES for Yvaine/WUT/Match/robocup/2026NGZR/scr1.1.2/rdfw.cpp:1364:19: warning: comparison between signed and unsigned integer expressions [-Wsign-compare]
         if(hold_id!=a&&plate_id!=a) return true;
            ~~~~~~~^~~
/mnt/d/FILES for Yvaine/WUT/Match/robocup/2026NGZR/scr1.1.2/rdfw.cpp:1364:32: warning: comparison between signed and unsigned integer expressions [-Wsign-compare]
         if(hold_id!=a&&plate_id!=a) return true;
                        ~~~~~~~~^~~
/mnt/d/FILES for Yvaine/WUT/Match/robocup/2026NGZR/scr1.1.2/rdfw.cpp:1370:15: warning: comparison between signed and unsigned integer expressions [-Wsign-compare]
     if(hold_id==a){
        ~~~~~~~^~~
/mnt/d/FILES for Yvaine/WUT/Match/robocup/2026NGZR/scr1.1.2/rdfw.cpp:1377:21: warning: comparison between signed and unsigned integer expressions [-Wsign-compare]
     else if(plate_id==a){
             ~~~~~~~~^~~
/mnt/d/FILES for Yvaine/WUT/Match/robocup/2026NGZR/scr1.1.2/rdfw.cpp: In member function ‘bool _home::RDFW::SolveTask_Give(unsigned int)’:
/mnt/d/FILES for Yvaine/WUT/Match/robocup/2026NGZR/scr1.1.2/rdfw.cpp:1591:65: warning: comparison between signed and unsigned integer expressions [-Wsign-compare]
             if(objects[a]->location==human->location && plate_id!=a && hold_id!=a) return true;
                                                         ~~~~~~~~^~~
/mnt/d/FILES for Yvaine/WUT/Match/robocup/2026NGZR/scr1.1.2/rdfw.cpp:1591:79: warning: comparison between signed and unsigned integer expressions [-Wsign-compare]
             if(objects[a]->location==human->location && plate_id!=a && hold_id!=a) return true;
                                                                        ~~~~~~~^~~
/mnt/d/FILES for Yvaine/WUT/Match/robocup/2026NGZR/scr1.1.2/rdfw.cpp: In member function ‘bool _home::RDFW::SolveTask_TakeOut(unsigned int, unsigned int)’:
/mnt/d/FILES for Yvaine/WUT/Match/robocup/2026NGZR/scr1.1.2/rdfw.cpp:1796:5: warning: this ‘if’ clause does not guard... [-Wmisleading-indentation]
     if(!IsKeepingGoing(task_index)) return false;continue;
     ^~
/mnt/d/FILES for Yvaine/WUT/Match/robocup/2026NGZR/scr1.1.2/rdfw.cpp:1796:50: note: ...this statement, but the latter is misleadingly indented as if it were guarded by the ‘if’
     if(!IsKeepingGoing(task_index)) return false;continue;
                                                  ^~~~~~~~
/mnt/d/FILES for Yvaine/WUT/Match/robocup/2026NGZR/scr1.1.2/rdfw.cpp: In member function ‘bool _home::RDFW::SolveTask_PutOn(unsigned int, unsigned int)’:
/mnt/d/FILES for Yvaine/WUT/Match/robocup/2026NGZR/scr1.1.2/rdfw.cpp:1807:16: warning: comparison between signed and unsigned integer expressions [-Wsign-compare]
        plate_id!=a && hold_id!=a &&
        ~~~~~~~~^~~
/mnt/d/FILES for Yvaine/WUT/Match/robocup/2026NGZR/scr1.1.2/rdfw.cpp:1807:30: warning: comparison between signed and unsigned integer expressions [-Wsign-compare]
        plate_id!=a && hold_id!=a &&
                       ~~~~~~~^~~
/mnt/d/FILES for Yvaine/WUT/Match/robocup/2026NGZR/scr1.1.2/rdfw.cpp: In member function ‘void _home::RDFW::MustChooseOne()’:
/mnt/d/FILES for Yvaine/WUT/Match/robocup/2026NGZR/scr1.1.2/rdfw.cpp:1854:23: warning: comparison between signed and unsigned integer expressions [-Wsign-compare]
          for(int i=0;i<tasks.size();i++){
                      ~^~~~~~~~~~~~~
/mnt/d/FILES for Yvaine/WUT/Match/robocup/2026NGZR/scr1.1.2/rdfw.cpp:1885:22: warning: comparison between signed and unsigned integer expressions [-Wsign-compare]
         for(int i=0;i<tasks.size();i++){
                     ~^~~~~~~~~~~~~
/mnt/d/FILES for Yvaine/WUT/Match/robocup/2026NGZR/scr1.1.2/rdfw.cpp: In member function ‘void _home::RDFW::ExecuteMultiGotoAggregation()’:
/mnt/d/FILES for Yvaine/WUT/Match/robocup/2026NGZR/scr1.1.2/rdfw.cpp:2356:17: warning: unused variable ‘try_times’ [-Wunused-variable]
             int try_times = 0;
                 ^~~~~~~~~
/mnt/d/FILES for Yvaine/WUT/Match/robocup/2026NGZR/scr1.1.2/rdfw.cpp: In member function ‘void _home::RDFW::SenseCurrentLocationOnly(bool)’:
/mnt/d/FILES for Yvaine/WUT/Match/robocup/2026NGZR/scr1.1.2/rdfw.cpp:2622:18: warning: comparison between signed and unsigned integer expressions [-Wsign-compare]
     if (curr_loc >= posSensedFlag.size()) {
         ~~~~~~~~~^~~~~~~~~~~~~~~~~~~~~~~
/mnt/d/FILES for Yvaine/WUT/Match/robocup/2026NGZR/scr1.1.2/rdfw.cpp:2637:18: warning: comparison between signed and unsigned integer expressions [-Wsign-compare]
     if (curr_loc >= posSensedFlag.size()) {
         ~~~~~~~~~^~~~~~~~~~~~~~~~~~~~~~~
/mnt/d/FILES for Yvaine/WUT/Match/robocup/2026NGZR/scr1.1.2/rdfw.cpp:2746:40: warning: comparison between signed and unsigned integer expressions [-Wsign-compare]
             if (small && small->inside == sensed_container_id) {
                          ~~~~~~~~~~~~~~^~~~~~~~~~~~~~~~~~~~~~
/mnt/d/FILES for Yvaine/WUT/Match/robocup/2026NGZR/scr1.1.2/rdfw.cpp: In member function ‘const _home::RDFW::LocationSensedInfo& _home::RDFW::GetLocationSensedInfo(int) const’:
/mnt/d/FILES for Yvaine/WUT/Match/robocup/2026NGZR/scr1.1.2/rdfw.cpp:2762:35: warning: comparison between signed and unsigned integer expressions [-Wsign-compare]
     if (location >= 0 && location < locationSensedObjects.size()) {
                          ~~~~~~~~~^~~~~~~~~~~~~~~~~~~~~~~~~~~~~~
/mnt/d/FILES for Yvaine/WUT/Match/robocup/2026NGZR/scr1.1.2/rdfw.cpp: In member function ‘bool _home::RDFW::HasObjectAtLocation(int, unsigned int) const’:
/mnt/d/FILES for Yvaine/WUT/Match/robocup/2026NGZR/scr1.1.2/rdfw.cpp:2769:35: warning: comparison between signed and unsigned integer expressions [-Wsign-compare]
     if (location >= 0 && location < locationSensedObjects.size()) {
                          ~~~~~~~~~^~~~~~~~~~~~~~~~~~~~~~~~~~~~~~
/mnt/d/FILES for Yvaine/WUT/Match/robocup/2026NGZR/scr1.1.2/rdfw.cpp: In member function ‘bool _home::RDFW::HasContainerAtLocation(int) const’:
/mnt/d/FILES for Yvaine/WUT/Match/robocup/2026NGZR/scr1.1.2/rdfw.cpp:2779:35: warning: comparison between signed and unsigned integer expressions [-Wsign-compare]
     if (location >= 0 && location < locationSensedObjects.size()) {
                          ~~~~~~~~~^~~~~~~~~~~~~~~~~~~~~~~~~~~~~~
/mnt/d/FILES for Yvaine/WUT/Match/robocup/2026NGZR/scr1.1.2/rdfw.cpp: In member function ‘std::vector<unsigned int> _home::RDFW::GetObjectsAtLocation(int) const’:
/mnt/d/FILES for Yvaine/WUT/Match/robocup/2026NGZR/scr1.1.2/rdfw.cpp:2786:35: warning: comparison between signed and unsigned integer expressions [-Wsign-compare]
     if (location >= 0 && location < locationSensedObjects.size()) {
                          ~~~~~~~~~^~~~~~~~~~~~~~~~~~~~~~~~~~~~~~
/mnt/d/FILES for Yvaine/WUT/Match/robocup/2026NGZR/scr1.1.2/rdfw.cpp: In member function ‘unsigned int _home::RDFW::GetContainerAtLocation(int) const’:
/mnt/d/FILES for Yvaine/WUT/Match/robocup/2026NGZR/scr1.1.2/rdfw.cpp:2793:35: warning: comparison between signed and unsigned integer expressions [-Wsign-compare]
     if (location >= 0 && location < locationSensedObjects.size()) {
                          ~~~~~~~~~^~~~~~~~~~~~~~~~~~~~~~~~~~~~~~
/mnt/d/FILES for Yvaine/WUT/Match/robocup/2026NGZR/scr1.1.2/rdfw.cpp: In member function ‘bool _home::RDFW::Move(unsigned int)’:
/mnt/d/FILES for Yvaine/WUT/Match/robocup/2026NGZR/scr1.1.2/rdfw.cpp:3172:21: warning: comparison between signed and unsigned integer expressions [-Wsign-compare]
         (task_index < tasks.size() &&
          ~~~~~~~~~~~^~~~~~~~~~~~~~
/mnt/d/FILES for Yvaine/WUT/Match/robocup/2026NGZR/scr1.1.2/rdfw.cpp: In member function ‘void _home::RDFW::PrintEnv()’:
/mnt/d/FILES for Yvaine/WUT/Match/robocup/2026NGZR/scr1.1.2/rdfw.cpp:3268:26: warning: comparison between signed and unsigned integer expressions [-Wsign-compare]
          if (v->location >= objPos.size())
              ~~~~~~~~~~~~^~~~~~~~~~~~~~~~
/mnt/d/FILES for Yvaine/WUT/Match/robocup/2026NGZR/scr1.1.2/rdfw.cpp:3277:24: warning: comparison between signed and unsigned integer expressions [-Wsign-compare]
      for (int i = 0; i < objPos.size(); i++)
                      ~~^~~~~~~~~~~~~~~
/mnt/d/FILES for Yvaine/WUT/Match/robocup/2026NGZR/scr1.1.2/rdfw.cpp:3300:40: warning: comparison between signed and unsigned integer expressions [-Wsign-compare]
                      for (int c = 0; c < p->smallObjectsInside.size(); c++)
                                      ~~^~~~~~~~~~~~~~~~~~~~~~~~~~~~~~
/mnt/d/FILES for Yvaine/WUT/Match/robocup/2026NGZR/scr1.1.2/rdfw.cpp: In member function ‘bool _home::RDFW::ParseInstruction(const string&)’:
/mnt/d/FILES for Yvaine/WUT/Match/robocup/2026NGZR/scr1.1.2/rdfw.cpp:3338:23: warning: comparison between signed and unsigned integer expressions [-Wsign-compare]
     for (int i = 0; i < taskDis.size(); i++)
                     ~~^~~~~~~~~~~~~~~~
/mnt/d/FILES for Yvaine/WUT/Match/robocup/2026NGZR/scr1.1.2/rdfw.cpp: In member function ‘void _home::RDFW::ParseNaturalLanguage(const string&)’:
/mnt/d/FILES for Yvaine/WUT/Match/robocup/2026NGZR/scr1.1.2/rdfw.cpp:3408:23: warning: comparison between signed and unsigned integer expressions [-Wsign-compare]
     for (int i = 0; i < src.size(); i++)
                     ~~^~~~~~~~~~~~
/mnt/d/FILES for Yvaine/WUT/Match/robocup/2026NGZR/scr1.1.2/rdfw.cpp: In member function ‘bool _home::RDFW::ParseEnvSentence(const string&)’:
/mnt/d/FILES for Yvaine/WUT/Match/robocup/2026NGZR/scr1.1.2/rdfw.cpp:3503:23: warning: comparison between signed and unsigned integer expressions [-Wsign-compare]
     for (int i = 1; i < sentence.size(); i++)
                     ~~^~~~~~~~~~~~~~~~~
/mnt/d/FILES for Yvaine/WUT/Match/robocup/2026NGZR/scr1.1.2/rdfw.cpp: In function ‘void split_string(std::vector<std::__cxx11::basic_string<char> >&, const string&, char)’:
/mnt/d/FILES for Yvaine/WUT/Match/robocup/2026NGZR/scr1.1.2/rdfw.cpp:4047:24: warning: comparison between signed and unsigned integer expressions [-Wsign-compare]
      for (int i = 0; i < str_source.size(); i++)
                      ~~^~~~~~~~~~~~~~~~~~~
/mnt/d/FILES for Yvaine/WUT/Match/robocup/2026NGZR/scr1.1.2/rdfw.cpp:4055:15: warning: comparison between signed and unsigned integer expressions [-Wsign-compare]
      if (last != str_source.size())
          ~~~~~^~~~~~~~~~~~~~~~~~~~
/mnt/d/FILES for Yvaine/WUT/Match/robocup/2026NGZR/scr1.1.2/rdfw.cpp: In function ‘std::ostream& operator<<(std::ostream&, std::shared_ptr<_home::SyntaxNode>)’:
/mnt/d/FILES for Yvaine/WUT/Match/robocup/2026NGZR/scr1.1.2/rdfw.cpp:4115:24: warning: comparison between signed and unsigned integer expressions [-Wsign-compare]
      for (int i = 0; i < sn->sons.size(); i++)
                      ~~^~~~~~~~~~~~~~~~~
/mnt/d/FILES for Yvaine/WUT/Match/robocup/2026NGZR/scr1.1.2/rdfw.cpp: In member function ‘void _home::RDFW::ApplyMustInConstraintCorrection()’:
/mnt/d/FILES for Yvaine/WUT/Match/robocup/2026NGZR/scr1.1.2/rdfw.cpp:4336:77: warning: suggest parentheses around ‘&&’ within ‘||’ [-Wparentheses]
         if (cons.behave == "inside"||cons.behave == "in" && !cons.X.empty() && !cons.Y.empty())
                                      ~~~~~~~~~~~~~~~~~~~~~~~~~~~~~~~~~~~~~~~^~~~~~~~~~~~~~~~~~
/mnt/d/FILES for Yvaine/WUT/Match/robocup/2026NGZR/scr1.1.2/rdfw.cpp:4404:17: warning: unused variable ‘old_loc’ [-Wunused-variable]
             int old_loc = smObj->location;
                 ^~~~~~~
In file included from /mnt/d/FILES for Yvaine/WUT/Match/robocup/2026NGZR/scr1.1.2/parser.hpp:16:0,
                 from /mnt/d/FILES for Yvaine/WUT/Match/robocup/2026NGZR/scr1.1.2/parser.cpp:6:
/mnt/d/FILES for Yvaine/WUT/Match/robocup/2026NGZR/scr1.1.2/rdfw.hpp:595:0: warning: ignoring #pragma endregion  [-Wunknown-pragmas]
 #pragma endregion
 
In file included from /mnt/d/FILES for Yvaine/WUT/Match/robocup/2026NGZR/scr1.1.2/parser.hpp:16:0,
                 from /mnt/d/FILES for Yvaine/WUT/Match/robocup/2026NGZR/scr1.1.2/parser.cpp:6:
/mnt/d/FILES for Yvaine/WUT/Match/robocup/2026NGZR/scr1.1.2/rdfw.hpp: In constructor ‘_home::Object::Object(int, const string&, int)’:
/mnt/d/FILES for Yvaine/WUT/Match/robocup/2026NGZR/scr1.1.2/rdfw.hpp:72:23: warning: ‘_home::Object::sort’ will be initialized after [-Wreorder]
         string sort = "";
                       ^~
/mnt/d/FILES for Yvaine/WUT/Match/robocup/2026NGZR/scr1.1.2/rdfw.hpp:67:13: warning:   ‘int _home::Object::location’ [-Wreorder]
         int location;
             ^~~~~~~~
/mnt/d/FILES for Yvaine/WUT/Match/robocup/2026NGZR/scr1.1.2/rdfw.hpp:73:9: warning:   when initialized here [-Wreorder]
         Object(int id, const string &sort = "", int location = UNKNOWN)
         ^~~~~~
In file included from /mnt/d/FILES for Yvaine/WUT/Match/robocup/2026NGZR/scr1.1.2/parser.hpp:16:0,
                 from /mnt/d/FILES for Yvaine/WUT/Match/robocup/2026NGZR/scr1.1.2/parser.cpp:6:
/mnt/d/FILES for Yvaine/WUT/Match/robocup/2026NGZR/scr1.1.2/rdfw.hpp: In member function ‘void _home::Container::DeleteObjectInside(std::shared_ptr<_home::SmallObject>)’:
/mnt/d/FILES for Yvaine/WUT/Match/robocup/2026NGZR/scr1.1.2/rdfw.hpp:174:31: warning: comparison between signed and unsigned integer expressions [-Wsign-compare]
             for (int i = 0; i < smallObjectsInside.size(); i++)
                             ~~^~~~~~~~~~~~~~~~~~~~~~~~~~~
/mnt/d/FILES for Yvaine/WUT/Match/robocup/2026NGZR/scr1.1.2/rdfw.hpp: In member function ‘virtual std::__cxx11::string _home::Container::ToString()’:
/mnt/d/FILES for Yvaine/WUT/Match/robocup/2026NGZR/scr1.1.2/rdfw.hpp:185:31: warning: comparison between signed and unsigned integer expressions [-Wsign-compare]
             for (int i = 0; i < smallObjectsInside.size(); i++)
                             ~~^~~~~~~~~~~~~~~~~~~~~~~~~~~
/mnt/d/FILES for Yvaine/WUT/Match/robocup/2026NGZR/scr1.1.2/rdfw.hpp: In member function ‘void _home::RDFW::SetSolvedTaskNum(int)’:
/mnt/d/FILES for Yvaine/WUT/Match/robocup/2026NGZR/scr1.1.2/rdfw.hpp:613:16: warning: suggest explicit braces to avoid ambiguous ‘else’ [-Wdangling-else]
             if (isAutoConstrain)
                ^
/mnt/d/FILES for Yvaine/WUT/Match/robocup/2026NGZR/scr1.1.2/parser.cpp: In member function ‘void parser::to_token(std::__cxx11::string)’:
/mnt/d/FILES for Yvaine/WUT/Match/robocup/2026NGZR/scr1.1.2/parser.cpp:131:23: warning: comparison between signed and unsigned integer expressions [-Wsign-compare]
     for (int i = 0; i < str.size(); i++)
                     ~~^~~~~~~~~~~~
/mnt/d/FILES for Yvaine/WUT/Match/robocup/2026NGZR/scr1.1.2/parser.cpp:137:23: warning: comparison between signed and unsigned integer expressions [-Wsign-compare]
     for (int i = 0; i < str.size(); i++)
                     ~~^~~~~~~~~~~~
/mnt/d/FILES for Yvaine/WUT/Match/robocup/2026NGZR/scr1.1.2/parser.cpp: In member function ‘void parser::push_down_automata()’:
/mnt/d/FILES for Yvaine/WUT/Match/robocup/2026NGZR/scr1.1.2/parser.cpp:173:23: warning: comparison between signed and unsigned integer expressions [-Wsign-compare]
     for (int i = 0; i < tokens.size(); i++)
                     ~~^~~~~~~~~~~~~~~
/mnt/d/FILES for Yvaine/WUT/Match/robocup/2026NGZR/scr1.1.2/parser.cpp:175:15: warning: comparison between signed and unsigned integer expressions [-Wsign-compare]
         if (i == tokens.size() - 1) //最后一个词判断
             ~~^~~~~~~~~~~~~~~~~~~~
/mnt/d/FILES for Yvaine/WUT/Match/robocup/2026NGZR/scr1.1.2/parser.cpp: In function ‘std::ostream& operator<<(std::ostream&, const std::shared_ptr<syntax_node>&)’:
/mnt/d/FILES for Yvaine/WUT/Match/robocup/2026NGZR/scr1.1.2/parser.cpp:656:23: warning: comparison between signed and unsigned integer expressions [-Wsign-compare]
     for (int a = 0; a < p->sons.size(); a++)
                     ~~^~~~~~~~~~~~~~~~
