[LOG]:-stage
[LOG]:-nlp
[LOG]:-err
[LOG]:-ask_2
[LOG]:-path
[LOG]:nlp 0, err 1
#(RDFW): Initializing dynamic arrays with size 100
#(RDFW): Dynamic arrays initialization completed
#(Plug): Timeout=5000
#(RDFW): Starting new test - verifying clean state
#(RDFW): Pre-test state verification completed
[32mcase.xml
[0m--------------------------------------------
Ready to Parse Env Infos.

ParseEnv finished
--------------------------------------------
Ready to Parse Tasks and Cons.
Pos  0:(F):
Pos  1:(T):[33m(1 human)[0m
Pos  2:(T):[33m(2 desk)[0m(15 bottle)
Pos  3:(T):[33m(3 television)[0m
Pos  4:(T):[33m(4 chair)[0m
Pos  5:(T):[33m(5 bed)[0m
Pos  6:(T):[33m(6 refrigerator inside:[] Closed)[0m
Pos  7:(T):[33m(7 closet inside:[14,19] Closed)[0m(14 book)(19 remotecontrol)
Pos  8:(T):[32m(robot hold:13 plate:20)[0m[33m(8 cupboard inside:[] Open)[0m(13 book)(20 can)
Pos  9:(F):[33m(9 microwave inside:[18] Open)[0m(18 cup)(22 bottle)
Pos 10:(F):[33m(10 sofa)[0m
Pos 11:(F):[33m(11 table)[0m
UnknownPos:
[34m(12 book)[0m [34m(16 bottle)[0m [34m(17 cup)[0m [34m(21 can)[0m 
[LOG]:[32m[MustIn] correction done.
[0m
[LOG]:[32m[MustNear] lock obj[0] @ 8
[0m
[LOG]:[32m[MustNear] lock obj[1] @ 1
[0m
[LOG]:[32m[MustNear] lock obj[2] @ 2
[0m
[LOG]:[32m[MustNear] lock obj[3] @ 3
[0m
[LOG]:[32m[MustNear] lock obj[4] @ 4
[0m
[LOG]:[32m[MustNear] lock obj[5] @ 5
[0m
[LOG]:[32m[MustNear] lock obj[6] @ 6
[0m
[LOG]:[32m[MustNear] lock obj[7] @ 7
[0m
[LOG]:[32m[MustNear] lock obj[8] @ 8
[0m
[LOG]:[32m[MustNear] lock obj[9] @ 9
[0m
[LOG]:[32m[MustNear] lock obj[10] @ 10
[0m
[LOG]:[32m[MustNear] lock obj[11] @ 11
[0m
[LOG]:[32m[MustNear] lock obj[13] @ 8
[0m
[LOG]:[32m[MustNear] lock obj[14] @ 7
[0m
[LOG]:[32m[MustNear] lock obj[15] @ 2
[0m
[LOG]:[32m[MustNear] lock obj[18] @ 9
[0m
[LOG]:[32m[MustNear] lock obj[19] @ 7
[0m
[LOG]:[32m[MustNear] lock obj[20] @ 8
[0m
[LOG]:[32m[MustNear] lock obj[22] @ 9
[0m
[LOG]:[32m[MustNear] correction done.
[0m
Pos  0:(F):
Pos  1:(T):[33m(1 human)[0m
Pos  2:(T):[33m(2 desk)[0m(15 bottle)
Pos  3:(T):[33m(3 television)[0m
Pos  4:(T):[33m(4 chair)[0m
Pos  5:(T):[33m(5 bed)[0m
Pos  6:(T):[33m(6 refrigerator inside:[] Closed)[0m
Pos  7:(T):[33m(7 closet inside:[14,19] Closed)[0m(14 book)(19 remotecontrol)
Pos  8:(T):[32m(robot hold:13 plate:20)[0m[33m(8 cupboard inside:[] Open)[0m(13 book)(20 can)
Pos  9:(F):[33m(9 microwave inside:[18] Open)[0m(18 cup)(22 bottle)
Pos 10:(F):[33m(10 sofa)[0m
Pos 11:(F):[33m(11 table)[0m
UnknownPos:
[34m(12 book)[0m [34m(16 bottle)[0m [34m(17 cup)[0m [34m(21 can)[0m 
Task:
Behave:[35mputon[0m
ConditionX:[35m(Sort:can,Color:)[0m
ConditionY:[35m(Sort:bed,Color:)[0m
Behave:[35mputon[0m
ConditionX:[35m(Sort:bottle,Color:blue)[0m
ConditionY:[35m(Sort:television,Color:)[0m
Behave:[35mtakeout[0m
ConditionX:[35m(Sort:remotecontrol,Color:)[0m
ConditionY:[35m(Sort:cupboard,Color:)[0m
Behave:[35mpickup[0m
ConditionX:[35m(Sort:bottle,Color:)[0m
ConditionY:[35m(Sort:,Color:)[0m
Behave:[35mputon[0m
ConditionX:[35m(Sort:cup,Color:white)[0m
ConditionY:[35m(Sort:table,Color:)[0m
Behave:[35mputon[0m
ConditionX:[35m(Sort:book,Color:)[0m
ConditionY:[35m(Sort:table,Color:)[0m
Behave:[35mgive[0m
ConditionX:[35m(Sort:book,Color:white)[0m
ConditionY:[35m(Sort:,Color:)[0m
Behave:[35mgoto[0m
ConditionX:[35m(Sort:sofa,Color:)[0m
ConditionY:[35m(Sort:,Color:)[0m

Info:
Behave:[35mclosed[0m
ConditionX:[35m(Sort:refrigerator,Color:)[0m
ConditionY:[35m(Sort:,Color:)[0m
Behave:[35mopened[0m
ConditionX:[35m(Sort:microwave,Color:)[0m
ConditionY:[35m(Sort:,Color:)[0m

Not_Info:
Behave:[35mopened[0m
ConditionX:[35m(Sort:refrigerator,Color:)[0m
ConditionY:[35m(Sort:,Color:)[0m

Not_Task:
Behave:[35mputon[0m
ConditionX:[35m(Sort:book,Color:green)[0m
ConditionY:[35m(Sort:closet,Color:)[0m

NotNot_Info:
Behave:[35mon[0m
ConditionX:[35m(Sort:bottle,Color:green)[0m
ConditionY:[35m(Sort:desk,Color:)[0m
Parse Tasks, Cons and Infos finished.
--------------------------------------------
Ready to Cons  plan
[FilterConstraintsByTaskConflicts] Discarded goto_cons at location 0 due to 0 conflicts.
cons_plan finished
--------------------------------------------
taskoptimization finished
--------------------------------------------
8
[LOG]:[32m[MultiPuton] Big object 11 (sort: table) appears in 2 puton tasks[0m
[LOG]:[33m[MultiPuton] Marked task 2 as multi-puton for object 11[0m
[LOG]:[33m[MultiPuton] Marked task 3 as multi-puton for object 11[0m
puton can的风险系数是：0
[LOG]:PutDown(13,book)
[LOG]:[32mTask not done
 Behave:[35mputon[0m
ConditionX:[35m(Sort:can,Color:)[0m
ConditionY:[35m(Sort:bed,Color:)[0m
[0m
puton bottle的风险系数是：0
[LOG]:PutDown(13,book)
[LOG]:[32mTask not done
 Behave:[35mputon[0m
ConditionX:[35m(Sort:bottle,Color:blue)[0m
ConditionY:[35m(Sort:television,Color:)[0m
[0m
puton cup的风险系数是：0
[LOG]:PutDown(13,book)
[LOG]:[32mTask not done
 Behave:[35mputon[0m
ConditionX:[35m(Sort:cup,Color:white)[0m
ConditionY:[35m(Sort:table,Color:)[0m
[0m
puton book的风险系数是：0
[LOG]:PutDown(13,book)
[LOG]:[32mTask not done
 Behave:[35mputon[0m
ConditionX:[35m(Sort:book,Color:)[0m
ConditionY:[35m(Sort:table,Color:)[0m
[0m
give book的风险系数是：0
[LOG]:PutDown(13,book)
[LOG]:[32mTask not done
 Behave:[35mgive[0m
ConditionX:[35m(Sort:book,Color:white)[0m
ConditionY:[35m(Sort:,Color:)[0m
[0m
takeout remotecontrol的风险系数是：0
[LOG]:PutDown(13,book)
[LOG]:[32mTask not done
 Behave:[35mtakeout[0m
ConditionX:[35m(Sort:remotecontrol,Color:)[0m
ConditionY:[35m(Sort:cupboard,Color:)[0m
[0m
pickup bottle的风险系数是：1
[LOG]:PutDown(13,book)
[LOG]:[32mTask not done
 Behave:[35mpickup[0m
ConditionX:[35m(Sort:bottle,Color:)[0m
ConditionY:[35m(Sort:,Color:)[0m
[0m
[DBG] goto risk@loc=10 bool=0
goto sofa的风险系数是：0
[LOG]:Move(10)
[LOG]:[31mMove: Plug::Move(10) failed
[0m
[LOG]:AskLoc(10)
[31m[ERROR]:/mnt/d/FILES for Yvaine/WUT/Match/robocup/2026NGZR/scr1.1/rdfw.cpp:2643 AskLoc returned empty string for object (10,sofa)[0m
[LOG]:AskLoc(10)
[31m[ERROR]:/mnt/d/FILES for Yvaine/WUT/Match/robocup/2026NGZR/scr1.1/rdfw.cpp:2643 AskLoc returned empty string for object (10,sofa)[0m
[LOG]:[33mAskLoc(10) produced no usable bounded location reply
[0m
[LOG]:Move(10)
[LOG]:[31mMove: Plug::Move(10) failed
[0m
[LOG]:[32mTask not done
 Behave:[35mgoto[0m
ConditionX:[35m(Sort:sofa,Color:)[0m
ConditionY:[35m(Sort:,Color:)[0m
[0m
stage=2
Must Choose one:puton
[LOG]:AskLoc(20)
[31m[ERROR]:/mnt/d/FILES for Yvaine/WUT/Match/robocup/2026NGZR/scr1.1/rdfw.cpp:2643 AskLoc returned empty string for object (20,can)[0m
[LOG]:AskLoc(20)
[31m[ERROR]:/mnt/d/FILES for Yvaine/WUT/Match/robocup/2026NGZR/scr1.1/rdfw.cpp:2643 AskLoc returned empty string for object (20,can)[0m
[LOG]:[33mAskLoc(20) produced no usable bounded reply
[0m
puton can的风险系数是：0
[LOG]:PutDown(13,book)
Must Choose one:puton
[LOG]:AskLoc(20)
[31m[ERROR]:/mnt/d/FILES for Yvaine/WUT/Match/robocup/2026NGZR/scr1.1/rdfw.cpp:2643 AskLoc returned empty string for object (20,can)[0m
[LOG]:AskLoc(20)
[31m[ERROR]:/mnt/d/FILES for Yvaine/WUT/Match/robocup/2026NGZR/scr1.1/rdfw.cpp:2643 AskLoc returned empty string for object (20,can)[0m
[LOG]:[33mAskLoc(20) produced no usable bounded reply
[0m
puton can的风险系数是：0
[LOG]:PutDown(13,book)
Must Choose one:puton
[LOG]:AskLoc(20)
[31m[ERROR]:/mnt/d/FILES for Yvaine/WUT/Match/robocup/2026NGZR/scr1.1/rdfw.cpp:2643 AskLoc returned empty string for object (20,can)[0m
[LOG]:AskLoc(20)
[31m[ERROR]:/mnt/d/FILES for Yvaine/WUT/Match/robocup/2026NGZR/scr1.1/rdfw.cpp:2643 AskLoc returned empty string for object (20,can)[0m
[LOG]:[33mAskLoc(20) produced no usable bounded reply
[0m
puton can的风险系数是：0
[LOG]:PutDown(13,book)
Must Choose one:puton
puton can的风险系数是：0
[LOG]:PutDown(13,book)
-----check check check-----
Pos  0:(F):
Pos  1:(T):[33m(1 human)[0m
Pos  2:(T):[33m(2 desk)[0m(15 bottle)
Pos  3:(T):[33m(3 television)[0m
Pos  4:(T):[33m(4 chair)[0m
Pos  5:(T):[33m(5 bed)[0m
Pos  6:(T):[33m(6 refrigerator inside:[] Closed)[0m
Pos  7:(T):[33m(7 closet inside:[14,19] Closed)[0m(14 book)(19 remotecontrol)
Pos  8:(T):[32m(robot hold:13 plate:20)[0m[33m(8 cupboard inside:[] Open)[0m(13 book)(20 can)
Pos  9:(F):[33m(9 microwave inside:[18] Open)[0m(18 cup)(22 bottle)
Pos 10:(F):[33m(10 sofa)[0m
Pos 11:(F):[33m(11 table)[0m
UnknownPos:
[34m(12 book)[0m [34m(16 bottle)[0m [34m(17 cup)[0m [34m(21 can)[0m 
[LOG]:[32m[MultiGoto] Executing multi-goto aggregation - skipping Sense operations
[0m
[LOG]:[32m[MultiGoto] small_cand_id_disable: 
[LOG]:[32m
[0m
[LOG]:[32m[MultiGoto] small_cand_ids: 
[LOG]:[32m
[0m
[LOG]:[32m[MultiGoto] big_cand_ids: 
[LOG]:[32m
[0m
[LOG]:[32m[MultiGoto] small_cand_ids.size()=0, big_cand_ids.size()=0
[0m
[LOG]:[32m[MultiGoto] small_lowrisk_ids.size()=0
[0m
[LOG]:[33m[MultiGoto] Skipping aggregation: small_lowrisk_ids.size()=0, big_cand_ids.size()=0
[0m
[LOG]:[32m[MultiGoto] ExecuteMultiGotoAggregation finished
[0m

Sovled Task Num:0    Expect Num:8
#(Plug): Elapsed time=1.666s
#(RDFW): Fini - Comprehensive state cleanup for next test
#(RDFW): Optimizing memory usage...
#(RDFW): Memory optimization completed
#(RDFW): Comprehensive state cleanup completed - ready for next test
