In file included from /tmp/competition-1671-200-8s6lmyfo/source/canonical_state.cpp:1:0:
/tmp/competition-1671-200-8s6lmyfo/source/rdfw.hpp:937:0: warning: ignoring #pragma endregion  [-Wunknown-pragmas]
 #pragma endregion
 
In file included from /tmp/competition-1671-200-8s6lmyfo/source/canonical_state.cpp:1:0:
/tmp/competition-1671-200-8s6lmyfo/source/rdfw.hpp: In constructor ‘_home::Object::Object(int, const string&, int)’:
/tmp/competition-1671-200-8s6lmyfo/source/rdfw.hpp:127:23: warning: ‘_home::Object::sort’ will be initialized after [-Wreorder]
         string sort = "";
                       ^~
/tmp/competition-1671-200-8s6lmyfo/source/rdfw.hpp:122:13: warning:   ‘int _home::Object::location’ [-Wreorder]
         int location;
             ^~~~~~~~
/tmp/competition-1671-200-8s6lmyfo/source/rdfw.hpp:128:9: warning:   when initialized here [-Wreorder]
         Object(int id, const string &sort = "", int location = UNKNOWN)
         ^~~~~~
In file included from /tmp/competition-1671-200-8s6lmyfo/source/canonical_state.cpp:1:0:
/tmp/competition-1671-200-8s6lmyfo/source/rdfw.hpp: In member function ‘void _home::Container::DeleteObjectInside(std::shared_ptr<_home::SmallObject>)’:
/tmp/competition-1671-200-8s6lmyfo/source/rdfw.hpp:229:31: warning: comparison between signed and unsigned integer expressions [-Wsign-compare]
             for (int i = 0; i < smallObjectsInside.size(); i++)
                             ~~^~~~~~~~~~~~~~~~~~~~~~~~~~~
/tmp/competition-1671-200-8s6lmyfo/source/rdfw.hpp: In member function ‘virtual std::__cxx11::string _home::Container::ToString()’:
/tmp/competition-1671-200-8s6lmyfo/source/rdfw.hpp:240:31: warning: comparison between signed and unsigned integer expressions [-Wsign-compare]
             for (int i = 0; i < smallObjectsInside.size(); i++)
                             ~~^~~~~~~~~~~~~~~~~~~~~~~~~~~
/tmp/competition-1671-200-8s6lmyfo/source/rdfw.hpp: In member function ‘void _home::RDFW::SetSolvedTaskNum(int)’:
/tmp/competition-1671-200-8s6lmyfo/source/rdfw.hpp:955:16: warning: suggest explicit braces to avoid ambiguous ‘else’ [-Wdangling-else]
             if (isAutoConstrain)
                ^
In file included from /tmp/competition-1671-200-8s6lmyfo/source/rdfw.hpp:20:0,
                 from /tmp/competition-1671-200-8s6lmyfo/source/canonical_state.cpp:1:
/tmp/competition-1671-200-8s6lmyfo/source/debuglog.hpp: At global scope:
/tmp/competition-1671-200-8s6lmyfo/source/debuglog.hpp:28:13: warning: ‘void backtrace()’ defined but not used [-Wunused-function]
 static void backtrace()
             ^~~~~~~~~
In file included from /tmp/competition-1671-200-8s6lmyfo/source/legacy_priority.cpp:2:0:
/tmp/competition-1671-200-8s6lmyfo/source/rdfw.hpp:937:0: warning: ignoring #pragma endregion  [-Wunknown-pragmas]
 #pragma endregion
 
In file included from /tmp/competition-1671-200-8s6lmyfo/source/legacy_priority.cpp:2:0:
/tmp/competition-1671-200-8s6lmyfo/source/rdfw.hpp: In constructor ‘_home::Object::Object(int, const string&, int)’:
/tmp/competition-1671-200-8s6lmyfo/source/rdfw.hpp:127:23: warning: ‘_home::Object::sort’ will be initialized after [-Wreorder]
         string sort = "";
                       ^~
/tmp/competition-1671-200-8s6lmyfo/source/rdfw.hpp:122:13: warning:   ‘int _home::Object::location’ [-Wreorder]
         int location;
             ^~~~~~~~
/tmp/competition-1671-200-8s6lmyfo/source/rdfw.hpp:128:9: warning:   when initialized here [-Wreorder]
         Object(int id, const string &sort = "", int location = UNKNOWN)
         ^~~~~~
In file included from /tmp/competition-1671-200-8s6lmyfo/source/legacy_priority.cpp:2:0:
/tmp/competition-1671-200-8s6lmyfo/source/rdfw.hpp: In member function ‘void _home::Container::DeleteObjectInside(std::shared_ptr<_home::SmallObject>)’:
/tmp/competition-1671-200-8s6lmyfo/source/rdfw.hpp:229:31: warning: comparison between signed and unsigned integer expressions [-Wsign-compare]
             for (int i = 0; i < smallObjectsInside.size(); i++)
                             ~~^~~~~~~~~~~~~~~~~~~~~~~~~~~
/tmp/competition-1671-200-8s6lmyfo/source/rdfw.hpp: In member function ‘virtual std::__cxx11::string _home::Container::ToString()’:
/tmp/competition-1671-200-8s6lmyfo/source/rdfw.hpp:240:31: warning: comparison between signed and unsigned integer expressions [-Wsign-compare]
             for (int i = 0; i < smallObjectsInside.size(); i++)
                             ~~^~~~~~~~~~~~~~~~~~~~~~~~~~~
/tmp/competition-1671-200-8s6lmyfo/source/rdfw.hpp: In member function ‘void _home::RDFW::SetSolvedTaskNum(int)’:
/tmp/competition-1671-200-8s6lmyfo/source/rdfw.hpp:955:16: warning: suggest explicit braces to avoid ambiguous ‘else’ [-Wdangling-else]
             if (isAutoConstrain)
                ^
In file included from /tmp/competition-1671-200-8s6lmyfo/source/rdfw.hpp:20:0,
                 from /tmp/competition-1671-200-8s6lmyfo/source/legacy_priority.cpp:2:
/tmp/competition-1671-200-8s6lmyfo/source/debuglog.hpp: At global scope:
/tmp/competition-1671-200-8s6lmyfo/source/debuglog.hpp:28:13: warning: ‘void backtrace()’ defined but not used [-Wunused-function]
 static void backtrace()
             ^~~~~~~~~
In file included from /tmp/competition-1671-200-8s6lmyfo/source/main.cpp:6:0:
/tmp/competition-1671-200-8s6lmyfo/source/rdfw.hpp:937:0: warning: ignoring #pragma endregion  [-Wunknown-pragmas]
 #pragma endregion
 
In file included from /tmp/competition-1671-200-8s6lmyfo/source/main.cpp:6:0:
/tmp/competition-1671-200-8s6lmyfo/source/rdfw.hpp: In constructor ‘_home::Object::Object(int, const string&, int)’:
/tmp/competition-1671-200-8s6lmyfo/source/rdfw.hpp:127:23: warning: ‘_home::Object::sort’ will be initialized after [-Wreorder]
         string sort = "";
                       ^~
/tmp/competition-1671-200-8s6lmyfo/source/rdfw.hpp:122:13: warning:   ‘int _home::Object::location’ [-Wreorder]
         int location;
             ^~~~~~~~
/tmp/competition-1671-200-8s6lmyfo/source/rdfw.hpp:128:9: warning:   when initialized here [-Wreorder]
         Object(int id, const string &sort = "", int location = UNKNOWN)
         ^~~~~~
In file included from /tmp/competition-1671-200-8s6lmyfo/source/main.cpp:6:0:
/tmp/competition-1671-200-8s6lmyfo/source/rdfw.hpp: In member function ‘void _home::Container::DeleteObjectInside(std::shared_ptr<_home::SmallObject>)’:
/tmp/competition-1671-200-8s6lmyfo/source/rdfw.hpp:229:31: warning: comparison between signed and unsigned integer expressions [-Wsign-compare]
             for (int i = 0; i < smallObjectsInside.size(); i++)
                             ~~^~~~~~~~~~~~~~~~~~~~~~~~~~~
/tmp/competition-1671-200-8s6lmyfo/source/rdfw.hpp: In member function ‘virtual std::__cxx11::string _home::Container::ToString()’:
/tmp/competition-1671-200-8s6lmyfo/source/rdfw.hpp:240:31: warning: comparison between signed and unsigned integer expressions [-Wsign-compare]
             for (int i = 0; i < smallObjectsInside.size(); i++)
                             ~~^~~~~~~~~~~~~~~~~~~~~~~~~~~
/tmp/competition-1671-200-8s6lmyfo/source/rdfw.hpp: In member function ‘void _home::RDFW::SetSolvedTaskNum(int)’:
/tmp/competition-1671-200-8s6lmyfo/source/rdfw.hpp:955:16: warning: suggest explicit braces to avoid ambiguous ‘else’ [-Wdangling-else]
             if (isAutoConstrain)
                ^
In file included from /tmp/competition-1671-200-8s6lmyfo/source/rdfw.hpp:20:0,
                 from /tmp/competition-1671-200-8s6lmyfo/source/main.cpp:6:
/tmp/competition-1671-200-8s6lmyfo/source/debuglog.hpp: At global scope:
/tmp/competition-1671-200-8s6lmyfo/source/debuglog.hpp:28:13: warning: ‘void backtrace()’ defined but not used [-Wunused-function]
 static void backtrace()
             ^~~~~~~~~
In file included from /tmp/competition-1671-200-8s6lmyfo/source/parser.hpp:16:0,
                 from /tmp/competition-1671-200-8s6lmyfo/source/parser.cpp:6:
/tmp/competition-1671-200-8s6lmyfo/source/rdfw.hpp:937:0: warning: ignoring #pragma endregion  [-Wunknown-pragmas]
 #pragma endregion
 
In file included from /tmp/competition-1671-200-8s6lmyfo/source/parser.hpp:16:0,
                 from /tmp/competition-1671-200-8s6lmyfo/source/parser.cpp:6:
/tmp/competition-1671-200-8s6lmyfo/source/rdfw.hpp: In constructor ‘_home::Object::Object(int, const string&, int)’:
/tmp/competition-1671-200-8s6lmyfo/source/rdfw.hpp:127:23: warning: ‘_home::Object::sort’ will be initialized after [-Wreorder]
         string sort = "";
                       ^~
/tmp/competition-1671-200-8s6lmyfo/source/rdfw.hpp:122:13: warning:   ‘int _home::Object::location’ [-Wreorder]
         int location;
             ^~~~~~~~
/tmp/competition-1671-200-8s6lmyfo/source/rdfw.hpp:128:9: warning:   when initialized here [-Wreorder]
         Object(int id, const string &sort = "", int location = UNKNOWN)
         ^~~~~~
In file included from /tmp/competition-1671-200-8s6lmyfo/source/parser.hpp:16:0,
                 from /tmp/competition-1671-200-8s6lmyfo/source/parser.cpp:6:
/tmp/competition-1671-200-8s6lmyfo/source/rdfw.hpp: In member function ‘void _home::Container::DeleteObjectInside(std::shared_ptr<_home::SmallObject>)’:
/tmp/competition-1671-200-8s6lmyfo/source/rdfw.hpp:229:31: warning: comparison between signed and unsigned integer expressions [-Wsign-compare]
             for (int i = 0; i < smallObjectsInside.size(); i++)
                             ~~^~~~~~~~~~~~~~~~~~~~~~~~~~~
/tmp/competition-1671-200-8s6lmyfo/source/rdfw.hpp: In member function ‘virtual std::__cxx11::string _home::Container::ToString()’:
/tmp/competition-1671-200-8s6lmyfo/source/rdfw.hpp:240:31: warning: comparison between signed and unsigned integer expressions [-Wsign-compare]
             for (int i = 0; i < smallObjectsInside.size(); i++)
                             ~~^~~~~~~~~~~~~~~~~~~~~~~~~~~
/tmp/competition-1671-200-8s6lmyfo/source/rdfw.hpp: In member function ‘void _home::RDFW::SetSolvedTaskNum(int)’:
/tmp/competition-1671-200-8s6lmyfo/source/rdfw.hpp:955:16: warning: suggest explicit braces to avoid ambiguous ‘else’ [-Wdangling-else]
             if (isAutoConstrain)
                ^
/tmp/competition-1671-200-8s6lmyfo/source/parser.cpp: In member function ‘void parser::to_token(std::__cxx11::string)’:
/tmp/competition-1671-200-8s6lmyfo/source/parser.cpp:164:23: warning: comparison between signed and unsigned integer expressions [-Wsign-compare]
     for (int i = 0; i < str.size(); i++)
                     ~~^~~~~~~~~~~~
/tmp/competition-1671-200-8s6lmyfo/source/parser.cpp:170:23: warning: comparison between signed and unsigned integer expressions [-Wsign-compare]
     for (int i = 0; i < str.size(); i++)
                     ~~^~~~~~~~~~~~
/tmp/competition-1671-200-8s6lmyfo/source/parser.cpp: In member function ‘void parser::push_down_automata()’:
/tmp/competition-1671-200-8s6lmyfo/source/parser.cpp:209:23: warning: comparison between signed and unsigned integer expressions [-Wsign-compare]
     for (int i = 0; i < tokens.size(); i++)
                     ~~^~~~~~~~~~~~~~~
/tmp/competition-1671-200-8s6lmyfo/source/parser.cpp:211:15: warning: comparison between signed and unsigned integer expressions [-Wsign-compare]
         if (i == tokens.size() - 1) //最后一个词判断
             ~~^~~~~~~~~~~~~~~~~~~~
/tmp/competition-1671-200-8s6lmyfo/source/parser.cpp: In function ‘std::ostream& operator<<(std::ostream&, const std::shared_ptr<syntax_node>&)’:
/tmp/competition-1671-200-8s6lmyfo/source/parser.cpp:722:23: warning: comparison between signed and unsigned integer expressions [-Wsign-compare]
     for (int a = 0; a < p->sons.size(); a++)
                     ~~^~~~~~~~~~~~~~~~
In file included from /tmp/competition-1671-200-8s6lmyfo/source/rdfw.hpp:20:0,
                 from /tmp/competition-1671-200-8s6lmyfo/source/parser.hpp:16,
                 from /tmp/competition-1671-200-8s6lmyfo/source/parser.cpp:6:
/tmp/competition-1671-200-8s6lmyfo/source/debuglog.hpp: At global scope:
/tmp/competition-1671-200-8s6lmyfo/source/debuglog.hpp:28:13: warning: ‘void backtrace()’ defined but not used [-Wunused-function]
 static void backtrace()
             ^~~~~~~~~
In file included from /tmp/competition-1671-200-8s6lmyfo/source/question_preflight.cpp:1:0:
/tmp/competition-1671-200-8s6lmyfo/source/rdfw.hpp:937:0: warning: ignoring #pragma endregion  [-Wunknown-pragmas]
 #pragma endregion
 
In file included from /tmp/competition-1671-200-8s6lmyfo/source/question_preflight.cpp:1:0:
/tmp/competition-1671-200-8s6lmyfo/source/rdfw.hpp: In constructor ‘_home::Object::Object(int, const string&, int)’:
/tmp/competition-1671-200-8s6lmyfo/source/rdfw.hpp:127:23: warning: ‘_home::Object::sort’ will be initialized after [-Wreorder]
         string sort = "";
                       ^~
/tmp/competition-1671-200-8s6lmyfo/source/rdfw.hpp:122:13: warning:   ‘int _home::Object::location’ [-Wreorder]
         int location;
             ^~~~~~~~
/tmp/competition-1671-200-8s6lmyfo/source/rdfw.hpp:128:9: warning:   when initialized here [-Wreorder]
         Object(int id, const string &sort = "", int location = UNKNOWN)
         ^~~~~~
In file included from /tmp/competition-1671-200-8s6lmyfo/source/question_preflight.cpp:1:0:
/tmp/competition-1671-200-8s6lmyfo/source/rdfw.hpp: In member function ‘void _home::Container::DeleteObjectInside(std::shared_ptr<_home::SmallObject>)’:
/tmp/competition-1671-200-8s6lmyfo/source/rdfw.hpp:229:31: warning: comparison between signed and unsigned integer expressions [-Wsign-compare]
             for (int i = 0; i < smallObjectsInside.size(); i++)
                             ~~^~~~~~~~~~~~~~~~~~~~~~~~~~~
/tmp/competition-1671-200-8s6lmyfo/source/rdfw.hpp: In member function ‘virtual std::__cxx11::string _home::Container::ToString()’:
/tmp/competition-1671-200-8s6lmyfo/source/rdfw.hpp:240:31: warning: comparison between signed and unsigned integer expressions [-Wsign-compare]
             for (int i = 0; i < smallObjectsInside.size(); i++)
                             ~~^~~~~~~~~~~~~~~~~~~~~~~~~~~
/tmp/competition-1671-200-8s6lmyfo/source/rdfw.hpp: In member function ‘void _home::RDFW::SetSolvedTaskNum(int)’:
/tmp/competition-1671-200-8s6lmyfo/source/rdfw.hpp:955:16: warning: suggest explicit braces to avoid ambiguous ‘else’ [-Wdangling-else]
             if (isAutoConstrain)
                ^
In file included from /tmp/competition-1671-200-8s6lmyfo/source/rdfw.hpp:20:0,
                 from /tmp/competition-1671-200-8s6lmyfo/source/question_preflight.cpp:1:
/tmp/competition-1671-200-8s6lmyfo/source/debuglog.hpp: At global scope:
/tmp/competition-1671-200-8s6lmyfo/source/debuglog.hpp:28:13: warning: ‘void backtrace()’ defined but not used [-Wunused-function]
 static void backtrace()
             ^~~~~~~~~
In file included from /tmp/competition-1671-200-8s6lmyfo/source/rdfw.cpp:21:0:
/tmp/competition-1671-200-8s6lmyfo/source/rdfw.hpp:937:0: warning: ignoring #pragma endregion  [-Wunknown-pragmas]
 #pragma endregion
 
In file included from /tmp/competition-1671-200-8s6lmyfo/source/rdfw.cpp:21:0:
/tmp/competition-1671-200-8s6lmyfo/source/rdfw.hpp: In constructor ‘_home::Object::Object(int, const string&, int)’:
/tmp/competition-1671-200-8s6lmyfo/source/rdfw.hpp:127:23: warning: ‘_home::Object::sort’ will be initialized after [-Wreorder]
         string sort = "";
                       ^~
/tmp/competition-1671-200-8s6lmyfo/source/rdfw.hpp:122:13: warning:   ‘int _home::Object::location’ [-Wreorder]
         int location;
             ^~~~~~~~
/tmp/competition-1671-200-8s6lmyfo/source/rdfw.hpp:128:9: warning:   when initialized here [-Wreorder]
         Object(int id, const string &sort = "", int location = UNKNOWN)
         ^~~~~~
In file included from /tmp/competition-1671-200-8s6lmyfo/source/rdfw.cpp:21:0:
/tmp/competition-1671-200-8s6lmyfo/source/rdfw.hpp: In member function ‘void _home::Container::DeleteObjectInside(std::shared_ptr<_home::SmallObject>)’:
/tmp/competition-1671-200-8s6lmyfo/source/rdfw.hpp:229:31: warning: comparison between signed and unsigned integer expressions [-Wsign-compare]
             for (int i = 0; i < smallObjectsInside.size(); i++)
                             ~~^~~~~~~~~~~~~~~~~~~~~~~~~~~
/tmp/competition-1671-200-8s6lmyfo/source/rdfw.hpp: In member function ‘virtual std::__cxx11::string _home::Container::ToString()’:
/tmp/competition-1671-200-8s6lmyfo/source/rdfw.hpp:240:31: warning: comparison between signed and unsigned integer expressions [-Wsign-compare]
             for (int i = 0; i < smallObjectsInside.size(); i++)
                             ~~^~~~~~~~~~~~~~~~~~~~~~~~~~~
/tmp/competition-1671-200-8s6lmyfo/source/rdfw.hpp: In member function ‘void _home::RDFW::SetSolvedTaskNum(int)’:
/tmp/competition-1671-200-8s6lmyfo/source/rdfw.hpp:955:16: warning: suggest explicit braces to avoid ambiguous ‘else’ [-Wdangling-else]
             if (isAutoConstrain)
                ^
/tmp/competition-1671-200-8s6lmyfo/source/rdfw.cpp: In member function ‘void _home::RDFW::PlanImpl()’:
/tmp/competition-1671-200-8s6lmyfo/source/rdfw.cpp:1998:20: warning: unused variable ‘performErrorCorrection’ [-Wunused-variable]
         const bool performErrorCorrection = isErrorCorrection;//是否开启纠错模式
                    ^~~~~~~~~~~~~~~~~~~~~~
/tmp/competition-1671-200-8s6lmyfo/source/rdfw.cpp: In member function ‘void _home::RDFW::ExecuteMainTaskLoop(bool, std::size_t)’:
/tmp/competition-1671-200-8s6lmyfo/source/rdfw.cpp:2333:65: warning: comparison between signed and unsigned integer expressions [-Wsign-compare]
     for (task_index = static_cast<int>(start_index); task_index < tasksSize; ++task_index)
                                                      ~~~~~~~~~~~^~~~~~~~~~~
/tmp/competition-1671-200-8s6lmyfo/source/rdfw.cpp: In member function ‘void _home::RDFW::ExecuteCheckPhase(bool)’:
/tmp/competition-1671-200-8s6lmyfo/source/rdfw.cpp:2407:36: warning: comparison between signed and unsigned integer expressions [-Wsign-compare]
     for(task_index = 0; task_index < tasks.size(); ++task_index){
                         ~~~~~~~~~~~^~~~~~~~~~~~~~
/tmp/competition-1671-200-8s6lmyfo/source/rdfw.cpp: In member function ‘std::vector<_home::Instruction> _home::RDFW::TaskOptimization()’:
/tmp/competition-1671-200-8s6lmyfo/source/rdfw.cpp:2796:18: warning: comparison between signed and unsigned integer expressions [-Wsign-compare]
     for(int i=0;i<tasks.size();i++){
                 ~^~~~~~~~~~~~~
/tmp/competition-1671-200-8s6lmyfo/source/rdfw.cpp:2795:10: warning: unused variable ‘hasGoto’ [-Wunused-variable]
     bool hasGoto = false;
          ^~~~~~~
/tmp/competition-1671-200-8s6lmyfo/source/rdfw.cpp: In member function ‘bool _home::RDFW::HasRequestedTask(const string&, unsigned int, unsigned int) const’:
/tmp/competition-1671-200-8s6lmyfo/source/rdfw.cpp:2815:59: warning: comparison between signed and unsigned integer expressions [-Wsign-compare]
             task.X.empty() || !task.X[0] || task.X[0]->id != object_id) {
/tmp/competition-1671-200-8s6lmyfo/source/rdfw.cpp:2819:60: warning: comparison between signed and unsigned integer expressions [-Wsign-compare]
             (task.Y.empty() || !task.Y[0] || task.Y[0]->id != target_id)) {
/tmp/competition-1671-200-8s6lmyfo/source/rdfw.cpp: In member function ‘bool _home::RDFW::HoldSmallObject(unsigned int)’:
/tmp/competition-1671-200-8s6lmyfo/source/rdfw.cpp:3532:20: warning: comparison between signed and unsigned integer expressions [-Wsign-compare]
       if (plate_id == a)
           ~~~~~~~~~^~~~
/tmp/competition-1671-200-8s6lmyfo/source/rdfw.cpp:3562:17: warning: comparison between signed and unsigned integer expressions [-Wsign-compare]
     if (hold_id != a)
         ~~~~~~~~^~~~
/tmp/competition-1671-200-8s6lmyfo/source/rdfw.cpp:3565:22: warning: comparison between signed and unsigned integer expressions [-Wsign-compare]
         if (plate_id == a)
             ~~~~~~~~~^~~~
/tmp/competition-1671-200-8s6lmyfo/source/rdfw.cpp: In member function ‘bool _home::RDFW::SolveTask_PutDown(unsigned int)’:
/tmp/competition-1671-200-8s6lmyfo/source/rdfw.cpp:3765:15: warning: comparison between signed and unsigned integer expressions [-Wsign-compare]
     if(hold_id==a){
        ~~~~~~~^~~
/tmp/competition-1671-200-8s6lmyfo/source/rdfw.cpp:3773:21: warning: comparison between signed and unsigned integer expressions [-Wsign-compare]
     else if(plate_id==a){
             ~~~~~~~~^~~
/tmp/competition-1671-200-8s6lmyfo/source/rdfw.cpp: In member function ‘bool _home::RDFW::SolveTask_TakeOut(unsigned int, unsigned int)’:
/tmp/competition-1671-200-8s6lmyfo/source/rdfw.cpp:4207:5: warning: this ‘if’ clause does not guard... [-Wmisleading-indentation]
     if(!IsKeepingGoing(task_index)) return false;continue;
     ^~
/tmp/competition-1671-200-8s6lmyfo/source/rdfw.cpp:4207:50: note: ...this statement, but the latter is misleadingly indented as if it were guarded by the ‘if’
     if(!IsKeepingGoing(task_index)) return false;continue;
                                                  ^~~~~~~~
/tmp/competition-1671-200-8s6lmyfo/source/rdfw.cpp: In member function ‘void _home::RDFW::MustChooseOne()’:
/tmp/competition-1671-200-8s6lmyfo/source/rdfw.cpp:4269:23: warning: comparison between signed and unsigned integer expressions [-Wsign-compare]
          for(int i=0;i<tasks.size();i++){
                      ~^~~~~~~~~~~~~
/tmp/competition-1671-200-8s6lmyfo/source/rdfw.cpp:4310:22: warning: comparison between signed and unsigned integer expressions [-Wsign-compare]
         for(int i=0;i<tasks.size();i++){
                     ~^~~~~~~~~~~~~
/tmp/competition-1671-200-8s6lmyfo/source/rdfw.cpp: In member function ‘void _home::RDFW::SenseCurrentLocationOnly(bool)’:
/tmp/competition-1671-200-8s6lmyfo/source/rdfw.cpp:5161:18: warning: comparison between signed and unsigned integer expressions [-Wsign-compare]
     if (curr_loc >= posSensedFlag.size()) {
         ~~~~~~~~~^~~~~~~~~~~~~~~~~~~~~~~
/tmp/competition-1671-200-8s6lmyfo/source/rdfw.cpp:5179:18: warning: comparison between signed and unsigned integer expressions [-Wsign-compare]
     if (curr_loc >= posSensedFlag.size()) {
         ~~~~~~~~~^~~~~~~~~~~~~~~~~~~~~~~
/tmp/competition-1671-200-8s6lmyfo/source/rdfw.cpp:5290:40: warning: comparison between signed and unsigned integer expressions [-Wsign-compare]
             if (small && small->inside == sensed_container_id) {
                          ~~~~~~~~~~~~~~^~~~~~~~~~~~~~~~~~~~~~
/tmp/competition-1671-200-8s6lmyfo/source/rdfw.cpp: In member function ‘const _home::RDFW::LocationSensedInfo& _home::RDFW::GetLocationSensedInfo(int) const’:
/tmp/competition-1671-200-8s6lmyfo/source/rdfw.cpp:5307:35: warning: comparison between signed and unsigned integer expressions [-Wsign-compare]
     if (location >= 0 && location < locationSensedObjects.size()) {
                          ~~~~~~~~~^~~~~~~~~~~~~~~~~~~~~~~~~~~~~~
/tmp/competition-1671-200-8s6lmyfo/source/rdfw.cpp: In member function ‘bool _home::RDFW::HasObjectAtLocation(int, unsigned int) const’:
/tmp/competition-1671-200-8s6lmyfo/source/rdfw.cpp:5314:35: warning: comparison between signed and unsigned integer expressions [-Wsign-compare]
     if (location >= 0 && location < locationSensedObjects.size()) {
                          ~~~~~~~~~^~~~~~~~~~~~~~~~~~~~~~~~~~~~~~
/tmp/competition-1671-200-8s6lmyfo/source/rdfw.cpp: In member function ‘bool _home::RDFW::HasContainerAtLocation(int) const’:
/tmp/competition-1671-200-8s6lmyfo/source/rdfw.cpp:5324:35: warning: comparison between signed and unsigned integer expressions [-Wsign-compare]
     if (location >= 0 && location < locationSensedObjects.size()) {
                          ~~~~~~~~~^~~~~~~~~~~~~~~~~~~~~~~~~~~~~~
/tmp/competition-1671-200-8s6lmyfo/source/rdfw.cpp: In member function ‘std::vector<unsigned int> _home::RDFW::GetObjectsAtLocation(int) const’:
/tmp/competition-1671-200-8s6lmyfo/source/rdfw.cpp:5331:35: warning: comparison between signed and unsigned integer expressions [-Wsign-compare]
     if (location >= 0 && location < locationSensedObjects.size()) {
                          ~~~~~~~~~^~~~~~~~~~~~~~~~~~~~~~~~~~~~~~
/tmp/competition-1671-200-8s6lmyfo/source/rdfw.cpp: In member function ‘unsigned int _home::RDFW::GetContainerAtLocation(int) const’:
/tmp/competition-1671-200-8s6lmyfo/source/rdfw.cpp:5338:35: warning: comparison between signed and unsigned integer expressions [-Wsign-compare]
     if (location >= 0 && location < locationSensedObjects.size()) {
                          ~~~~~~~~~^~~~~~~~~~~~~~~~~~~~~~~~~~~~~~
/tmp/competition-1671-200-8s6lmyfo/source/rdfw.cpp: In member function ‘bool _home::RDFW::Move(unsigned int)’:
/tmp/competition-1671-200-8s6lmyfo/source/rdfw.cpp:5924:21: warning: comparison between signed and unsigned integer expressions [-Wsign-compare]
         (task_index < tasks.size() &&
          ~~~~~~~~~~~^~~~~~~~~~~~~~
/tmp/competition-1671-200-8s6lmyfo/source/rdfw.cpp: In member function ‘void _home::RDFW::PrintEnv()’:
/tmp/competition-1671-200-8s6lmyfo/source/rdfw.cpp:6049:24: warning: comparison between signed and unsigned integer expressions [-Wsign-compare]
      for (int i = 0; i < objPos.size(); i++)
                      ~~^~~~~~~~~~~~~~~
/tmp/competition-1671-200-8s6lmyfo/source/rdfw.cpp:6072:40: warning: comparison between signed and unsigned integer expressions [-Wsign-compare]
                      for (int c = 0; c < p->smallObjectsInside.size(); c++)
                                      ~~^~~~~~~~~~~~~~~~~~~~~~~~~~~~~~
/tmp/competition-1671-200-8s6lmyfo/source/rdfw.cpp: In function ‘void split_string(std::vector<std::__cxx11::basic_string<char> >&, const string&, char)’:
/tmp/competition-1671-200-8s6lmyfo/source/rdfw.cpp:7281:24: warning: comparison between signed and unsigned integer expressions [-Wsign-compare]
      for (int i = 0; i < str_source.size(); i++)
                      ~~^~~~~~~~~~~~~~~~~~~
/tmp/competition-1671-200-8s6lmyfo/source/rdfw.cpp:7289:15: warning: comparison between signed and unsigned integer expressions [-Wsign-compare]
      if (last != str_source.size())
          ~~~~~^~~~~~~~~~~~~~~~~~~~
/tmp/competition-1671-200-8s6lmyfo/source/rdfw.cpp: In function ‘std::ostream& operator<<(std::ostream&, std::shared_ptr<_home::SyntaxNode>)’:
/tmp/competition-1671-200-8s6lmyfo/source/rdfw.cpp:7425:24: warning: comparison between signed and unsigned integer expressions [-Wsign-compare]
      for (int i = 0; i < sn->sons.size(); i++)
                      ~~^~~~~~~~~~~~~~~~~
/tmp/competition-1671-200-8s6lmyfo/source/rdfw.cpp: In member function ‘void _home::RDFW::ApplyMustInConstraintCorrection()’:
/tmp/competition-1671-200-8s6lmyfo/source/rdfw.cpp:7780:17: warning: unused variable ‘old_loc’ [-Wunused-variable]
             int old_loc = smObj->location;
                 ^~~~~~~
In file included from /tmp/competition-1671-200-8s6lmyfo/source/rdfw.hpp:20:0,
                 from /tmp/competition-1671-200-8s6lmyfo/source/rdfw.cpp:21:
/tmp/competition-1671-200-8s6lmyfo/source/debuglog.hpp: At global scope:
/tmp/competition-1671-200-8s6lmyfo/source/debuglog.hpp:28:13: warning: ‘void backtrace()’ defined but not used [-Wunused-function]
 static void backtrace()
             ^~~~~~~~~
In file included from /tmp/competition-1671-200-8s6lmyfo/source/score_evaluator.cpp:2:0:
/tmp/competition-1671-200-8s6lmyfo/source/rdfw.hpp:937:0: warning: ignoring #pragma endregion  [-Wunknown-pragmas]
 #pragma endregion
 
In file included from /tmp/competition-1671-200-8s6lmyfo/source/score_evaluator.cpp:2:0:
/tmp/competition-1671-200-8s6lmyfo/source/rdfw.hpp: In constructor ‘_home::Object::Object(int, const string&, int)’:
/tmp/competition-1671-200-8s6lmyfo/source/rdfw.hpp:127:23: warning: ‘_home::Object::sort’ will be initialized after [-Wreorder]
         string sort = "";
                       ^~
/tmp/competition-1671-200-8s6lmyfo/source/rdfw.hpp:122:13: warning:   ‘int _home::Object::location’ [-Wreorder]
         int location;
             ^~~~~~~~
/tmp/competition-1671-200-8s6lmyfo/source/rdfw.hpp:128:9: warning:   when initialized here [-Wreorder]
         Object(int id, const string &sort = "", int location = UNKNOWN)
         ^~~~~~
In file included from /tmp/competition-1671-200-8s6lmyfo/source/score_evaluator.cpp:2:0:
/tmp/competition-1671-200-8s6lmyfo/source/rdfw.hpp: In member function ‘void _home::Container::DeleteObjectInside(std::shared_ptr<_home::SmallObject>)’:
/tmp/competition-1671-200-8s6lmyfo/source/rdfw.hpp:229:31: warning: comparison between signed and unsigned integer expressions [-Wsign-compare]
             for (int i = 0; i < smallObjectsInside.size(); i++)
                             ~~^~~~~~~~~~~~~~~~~~~~~~~~~~~
/tmp/competition-1671-200-8s6lmyfo/source/rdfw.hpp: In member function ‘virtual std::__cxx11::string _home::Container::ToString()’:
/tmp/competition-1671-200-8s6lmyfo/source/rdfw.hpp:240:31: warning: comparison between signed and unsigned integer expressions [-Wsign-compare]
             for (int i = 0; i < smallObjectsInside.size(); i++)
                             ~~^~~~~~~~~~~~~~~~~~~~~~~~~~~
/tmp/competition-1671-200-8s6lmyfo/source/rdfw.hpp: In member function ‘void _home::RDFW::SetSolvedTaskNum(int)’:
/tmp/competition-1671-200-8s6lmyfo/source/rdfw.hpp:955:16: warning: suggest explicit braces to avoid ambiguous ‘else’ [-Wdangling-else]
             if (isAutoConstrain)
                ^
In file included from /tmp/competition-1671-200-8s6lmyfo/source/rdfw.hpp:20:0,
                 from /tmp/competition-1671-200-8s6lmyfo/source/score_evaluator.cpp:2:
/tmp/competition-1671-200-8s6lmyfo/source/debuglog.hpp: At global scope:
/tmp/competition-1671-200-8s6lmyfo/source/debuglog.hpp:28:13: warning: ‘void backtrace()’ defined but not used [-Wunused-function]
 static void backtrace()
             ^~~~~~~~~
In file included from /tmp/competition-1671-200-8s6lmyfo/source/state_mutation.cpp:1:0:
/tmp/competition-1671-200-8s6lmyfo/source/rdfw.hpp:937:0: warning: ignoring #pragma endregion  [-Wunknown-pragmas]
 #pragma endregion
 
In file included from /tmp/competition-1671-200-8s6lmyfo/source/state_mutation.cpp:1:0:
/tmp/competition-1671-200-8s6lmyfo/source/rdfw.hpp: In constructor ‘_home::Object::Object(int, const string&, int)’:
/tmp/competition-1671-200-8s6lmyfo/source/rdfw.hpp:127:23: warning: ‘_home::Object::sort’ will be initialized after [-Wreorder]
         string sort = "";
                       ^~
/tmp/competition-1671-200-8s6lmyfo/source/rdfw.hpp:122:13: warning:   ‘int _home::Object::location’ [-Wreorder]
         int location;
             ^~~~~~~~
/tmp/competition-1671-200-8s6lmyfo/source/rdfw.hpp:128:9: warning:   when initialized here [-Wreorder]
         Object(int id, const string &sort = "", int location = UNKNOWN)
         ^~~~~~
In file included from /tmp/competition-1671-200-8s6lmyfo/source/state_mutation.cpp:1:0:
/tmp/competition-1671-200-8s6lmyfo/source/rdfw.hpp: In member function ‘void _home::Container::DeleteObjectInside(std::shared_ptr<_home::SmallObject>)’:
/tmp/competition-1671-200-8s6lmyfo/source/rdfw.hpp:229:31: warning: comparison between signed and unsigned integer expressions [-Wsign-compare]
             for (int i = 0; i < smallObjectsInside.size(); i++)
                             ~~^~~~~~~~~~~~~~~~~~~~~~~~~~~
/tmp/competition-1671-200-8s6lmyfo/source/rdfw.hpp: In member function ‘virtual std::__cxx11::string _home::Container::ToString()’:
/tmp/competition-1671-200-8s6lmyfo/source/rdfw.hpp:240:31: warning: comparison between signed and unsigned integer expressions [-Wsign-compare]
             for (int i = 0; i < smallObjectsInside.size(); i++)
                             ~~^~~~~~~~~~~~~~~~~~~~~~~~~~~
/tmp/competition-1671-200-8s6lmyfo/source/rdfw.hpp: In member function ‘void _home::RDFW::SetSolvedTaskNum(int)’:
/tmp/competition-1671-200-8s6lmyfo/source/rdfw.hpp:955:16: warning: suggest explicit braces to avoid ambiguous ‘else’ [-Wdangling-else]
             if (isAutoConstrain)
                ^
In file included from /tmp/competition-1671-200-8s6lmyfo/source/rdfw.hpp:20:0,
                 from /tmp/competition-1671-200-8s6lmyfo/source/state_mutation.cpp:1:
/tmp/competition-1671-200-8s6lmyfo/source/debuglog.hpp: At global scope:
/tmp/competition-1671-200-8s6lmyfo/source/debuglog.hpp:28:13: warning: ‘void backtrace()’ defined but not used [-Wunused-function]
 static void backtrace()
             ^~~~~~~~~
In file included from /tmp/competition-1671-200-8s6lmyfo/source/terminal_checker.cpp:3:0:
/tmp/competition-1671-200-8s6lmyfo/source/rdfw.hpp:937:0: warning: ignoring #pragma endregion  [-Wunknown-pragmas]
 #pragma endregion
 
In file included from /tmp/competition-1671-200-8s6lmyfo/source/terminal_checker.cpp:3:0:
/tmp/competition-1671-200-8s6lmyfo/source/rdfw.hpp: In constructor ‘_home::Object::Object(int, const string&, int)’:
/tmp/competition-1671-200-8s6lmyfo/source/rdfw.hpp:127:23: warning: ‘_home::Object::sort’ will be initialized after [-Wreorder]
         string sort = "";
                       ^~
/tmp/competition-1671-200-8s6lmyfo/source/rdfw.hpp:122:13: warning:   ‘int _home::Object::location’ [-Wreorder]
         int location;
             ^~~~~~~~
/tmp/competition-1671-200-8s6lmyfo/source/rdfw.hpp:128:9: warning:   when initialized here [-Wreorder]
         Object(int id, const string &sort = "", int location = UNKNOWN)
         ^~~~~~
In file included from /tmp/competition-1671-200-8s6lmyfo/source/terminal_checker.cpp:3:0:
/tmp/competition-1671-200-8s6lmyfo/source/rdfw.hpp: In member function ‘void _home::Container::DeleteObjectInside(std::shared_ptr<_home::SmallObject>)’:
/tmp/competition-1671-200-8s6lmyfo/source/rdfw.hpp:229:31: warning: comparison between signed and unsigned integer expressions [-Wsign-compare]
             for (int i = 0; i < smallObjectsInside.size(); i++)
                             ~~^~~~~~~~~~~~~~~~~~~~~~~~~~~
/tmp/competition-1671-200-8s6lmyfo/source/rdfw.hpp: In member function ‘virtual std::__cxx11::string _home::Container::ToString()’:
/tmp/competition-1671-200-8s6lmyfo/source/rdfw.hpp:240:31: warning: comparison between signed and unsigned integer expressions [-Wsign-compare]
             for (int i = 0; i < smallObjectsInside.size(); i++)
                             ~~^~~~~~~~~~~~~~~~~~~~~~~~~~~
/tmp/competition-1671-200-8s6lmyfo/source/rdfw.hpp: In member function ‘void _home::RDFW::SetSolvedTaskNum(int)’:
/tmp/competition-1671-200-8s6lmyfo/source/rdfw.hpp:955:16: warning: suggest explicit braces to avoid ambiguous ‘else’ [-Wdangling-else]
             if (isAutoConstrain)
                ^
/tmp/competition-1671-200-8s6lmyfo/source/terminal_checker.cpp: In lambda function:
/tmp/competition-1671-200-8s6lmyfo/source/terminal_checker.cpp:90:25: warning: comparison between signed and unsigned integer expressions [-Wsign-compare]
             return o->id<world.score_locations.size()?world.score_locations[o->id]:o->location; }
                    ~~~~~^~~~~~~~~~~~~~~~~~~~~~~~~~~~~
/tmp/competition-1671-200-8s6lmyfo/source/terminal_checker.cpp:92:67: warning: comparison between signed and unsigned integer expressions [-Wsign-compare]
         if(world.stage==1 && o->id>0) return loc!=UNKNOWN && o->id<world.score_locations.size()?world.score_locations[o->id]:UNKNOWN;
                                                              ~~~~~^~~~~~~~~~~~~~~~~~~~~~~~~~~~~
In file included from /tmp/competition-1671-200-8s6lmyfo/source/rdfw.hpp:20:0,
                 from /tmp/competition-1671-200-8s6lmyfo/source/terminal_checker.cpp:3:
/tmp/competition-1671-200-8s6lmyfo/source/debuglog.hpp: At global scope:
/tmp/competition-1671-200-8s6lmyfo/source/debuglog.hpp:28:13: warning: ‘void backtrace()’ defined but not used [-Wunused-function]
 static void backtrace()
             ^~~~~~~~~
