=========================================
= Simulation @Home Competition Platform =
=========================================
= Ready to accept a new team
# Registration from 'RDFW'
> Configurations:
	Mode: IT
	Timeout: 5000
	TestDir: /mnt/d/FILES for Yvaine/WUT/Match/robocup/2026NGZR/scr1.2/artifacts/baseline-scr1.2/legacy-50-s2-it-r1/runtime/tests/
	TestSize: 1
	Single test: 1
# Testing <case.xml>
# Result:
	[PutDown 18|true]
	[Move 14|true]
	[PickUp 17|true]
	[Move 9|true]
	[Sense | 9 21 17]
	[PutDown 17|true]
	[Move 4|true]
	[PickUp 24|false]
	[AskLoc 24|at(24,5)]
	[Move 5|true]
	[PickUp 24|true]
	[Move 6|true]
	[Sense | 22 28 6 24]
# Time: 1.585s
# Score: 174
