=========================================
= Simulation @Home Competition Platform =
=========================================
= Ready to accept a new team
# Registration from 'RDFW'
> Configurations:
	Mode: NT
	Timeout: 5000
	TestDir: /mnt/d/FILES for Yvaine/WUT/Match/robocup/2026NGZR/scr1.2/artifacts/baseline-scr1.2/legacy-10-s2-nt-r1/runtime/tests/
	TestSize: 1
	Single test: 1
# Testing <case.xml>
# Result:
	[PutDown 11|true]
	[AskLoc 10|inside(10,6)]
	[Move 6|true]
	[Open 6|true]
	[TakeOut 10 6|true]
	[Move 5|true]
	[Sense | 5 10 18]
	[PutDown 10|true]
	[Move 2|true]
	[PickUp 13|true]
	[Move 8|true]
	[PutIn 13 8|true]
	[PickUp 11|true]
	[Move 4|true]
	[Sense | 4 11 18]
	[PutDown 11|true]
	[AskLoc 15|at(15,2)]
	[Move 2|true]
	[PickUp 15|true]
	[Move 9|true]
	[PutIn 15 9|true]
	[Move 8|true]
	[TakeOut 17 8|true]
# Time: 2.64s
# Score: 146
