=========================================
= Simulation @Home Competition Platform =
=========================================
= Ready to accept a new team
# Registration from 'RDFW'
> Configurations:
	Mode: NT
	Timeout: 5000
	TestDir: /mnt/d/FILES for Yvaine/WUT/Match/robocup/2026NGZR/scr1.2/artifacts/baseline-scr1.1.2-review/legacy-01-s2-nt-r2/runtime/tests/
	TestSize: 1
	Single test: 1
# Testing <case.xml>
# Result:
	[PutDown 13|true]
	[FromPlate 20|true]
	[Move 5|true]
	[Sense | 5 20]
	[PutDown 20|true]
	[AskLoc 16|at(16,5)]
	[PickUp 16|false]
	[AskLoc 12|at(12,2)]
	[Move 2|true]
	[PickUp 12|false]
	[Move 7|true]
	[Open 7|true]
	[TakeOut 14 7|false]
	[Sense | 7 19]
	[Move 1|true]
	[Sense | 1]
	[PutDown 14|false]
	[Move 8|true]
	[TakeOut 19 8|false]
	[AskLoc 19|inside(19,7)]
	[Move 2|true]
	[PickUp 15|true]
	[Move 10|true]
	[Sense | 10 15]
# Time: 2.764s
# Score: 106
