=========================================
= Simulation @Home Competition Platform =
=========================================
= Ready to accept a new team
# Registration from 'RDFW'
> Configurations:
	Mode: NT
	Timeout: 5000
	TestDir: /mnt/d/FILES for Yvaine/WUT/Match/robocup/2026NGZR/scr1.2/artifacts/baseline-scr1.2/legacy-25-s1-nt-r1/runtime/tests/
	TestSize: 1
	Single test: 1
# Testing <case.xml>
# Result:
	[Move 2|true]
	[Open 2|true]
	[TakeOut 8 2|true]
	[Move 6|true]
	[PutDown 8|true]
	[Move 4|true]
	[PickUp 9|true]
	[PutDown 9|true]
	[Move 3|true]
	[TakeOut 10 3|true]
	[Move 7|true]
# Time: 1.33s
# Score: 180
