[RDFW_TEST_SEED] 2026100403
=========================================
= Simulation @Home Competition Platform =
=========================================
= Ready to accept a new team
# Registration from 'RDFW'
> Configurations:
	Mode: NT
	Timeout: 5000
	TestDir: /tmp/robocup-full_probability/runs/f29-smoke2-full-A01-01-s2-nt-repeat0-lab/runtime/tests/
	TestSize: 1
	Single test: 1
# Testing <case.xml>
# Result:
	[Sense | 2 9 10 12]
	[AskLoc 4|at(4,3)]
	[AskLoc 4|at(4,7)]
	[Move 7|true]
	[Sense | 4]
	[Open 4|true]
	[Sense | 4 11]
	[TakeOut 11 4|true]
	[Move 1|true]
	[Sense | 1 11]
	[PutDown 11|true]
	[Move 3|true]
	[Sense | 2 9 10 12]
	[PickUp 12|true]
	[Move 6|true]
	[Sense | 5 12]
	[PutDown 12|true]
	[Open 5|true]
	[Sense | 5 12]
	[PickUp 12|true]
	[PutIn 12 5|true]
	[Move 2|true]
	[Sense | 7]
	[Open 7|true]
	[Sense | 7 14]
	[TakeOut 14 7|true]
	[Move 4|true]
	[Sense | 3 14]
	[PutDown 14|true]
	[Move 6|true]
	[Sense | 5 12]
	[Close 5|true]
	[Move 4|true]
	[Sense | 3 14]
	[AskLoc 13|at(13,8)]
# Time: 4.244s
# Score: 780
