=========================================
= Simulation @Home Competition Platform =
=========================================
= Ready to accept a new team
# Registration from 'RDFW'
> Configurations:
	Mode: IT
	Timeout: 5000
	TestDir: /mnt/d/FILES for Yvaine/WUT/Match/robocup/2026NGZR/scr1.2/artifacts/baseline-scr1.1.2-review/legacy-10-s2-it-r1/runtime/tests/
	TestSize: 1
	Single test: 1
# Testing <case.xml>
# Result:
	[PutDown 11|true]
	[AskLoc 10|at(10,5)]
	[Move 5|true]
	[PickUp 10|false]
	[Move 2|true]
	[PickUp 13|true]
	[Move 8|true]
	[PutIn 13 8|true]
	[PickUp 11|true]
	[Move 4|true]
	[Sense | 4 11 18]
	[PutDown 11|true]
	[AskLoc 15|at(15,2)]
	[Move 2|true]
	[PickUp 15|true]
	[Move 9|true]
	[PutIn 15 9|true]
	[Move 8|true]
	[TakeOut 17 8|true]
# Time: 2.352s
# Score: 141
